Archive member included to satisfy reference by file (symbol)

C:/ST/STM32CubeIDE_1.17.0/STM32CubeIDE/plugins/com.st.stm32cube.ide.mcu.externaltools.gnu-tools-for-stm32.13.3.rel1.win32_1.0.0.202411081344/tools/bin/../lib/gcc/arm-none-eabi/13.3.1/../../../../arm-none-eabi/lib/thumb/v6-m/nofp\libc.a(libc_a-atof.o)
                              BOS\BOS_CLI.o (atof)
C:/ST/STM32CubeIDE_1.17.0/STM32CubeIDE/plugins/com.st.stm32cube.ide.mcu.externaltools.gnu-tools-for-stm32.13.3.rel1.win32_1.0.0.202411081344/tools/bin/../lib/gcc/arm-none-eabi/13.3.1/../../../../arm-none-eabi/lib/thumb/v6-m/nofp\libc.a(libc_a-atoi.o)
                              BOS\BOS_CLIcommands.o (atoi)
C:/ST/STM32CubeIDE_1.17.0/STM32CubeIDE/plugins/com.st.stm32cube.ide.mcu.externaltools.gnu-tools-for-stm32.13.3.rel1.win32_1.0.0.202411081344/tools/bin/../lib/gcc/arm-none-eabi/13.3.1/../../../../arm-none-eabi/lib/thumb/v6-m/nofp\libc.a(libc_a-atol.o)
                              BOS\BOS.o (atol)
C:/ST/STM32CubeIDE_1.17.0/STM32CubeIDE/plugins/com.st.stm32cube.ide.mcu.externaltools.gnu-tools-for-stm32.13.3.rel1.win32_1.0.0.202411081344/tools/bin/../lib/gcc/arm-none-eabi/13.3.1/../../../../arm-none-eabi/lib/thumb/v6-m/nofp\libc.a(libc_a-exit.o)
                              C:/ST/STM32CubeIDE_1.17.0/STM32CubeIDE/plugins/com.st.stm32cube.ide.mcu.externaltools.gnu-tools-for-stm32.13.3.rel1.win32_1.0.0.202411081344/tools/bin/../lib/gcc/arm-none-eabi/13.3.1/../../../../arm-none-eabi/lib/thumb/v6-m/nofp/crt0.o (exit)
C:/ST/STM32CubeIDE_1.17.0/STM32CubeIDE/plugins/com.st.stm32cube.ide.mcu.externaltools.gnu-tools-for-stm32.13.3.rel1.win32_1.0.0.202411081344/tools/bin/../lib/gcc/arm-none-eabi/13.3.1/../../../../arm-none-eabi/lib/thumb/v6-m/nofp\libc.a(libc_a-malloc.o)
                              BOS\BOS.o (malloc)
C:/ST/STM32CubeIDE_1.17.0/STM32CubeIDE/plugins/com.st.stm32cube.ide.mcu.externaltools.gnu-tools-for-stm32.13.3.rel1.win32_1.0.0.202411081344/tools/bin/../lib/gcc/arm-none-eabi/13.3.1/../../../../arm-none-eabi/lib/thumb/v6-m/nofp\libc.a(libc_a-mallocr.o)
                              C:/ST/STM32CubeIDE_1.17.0/STM32CubeIDE/plugins/com.st.stm32cube.ide.mcu.externaltools.gnu-tools-for-stm32.13.3.rel1.win32_1.0.0.202411081344/tools/bin/../lib/gcc/arm-none-eabi/13.3.1/../../../../arm-none-eabi/lib/thumb/v6-m/nofp\libc.a(libc_a-malloc.o) (_malloc_r)
C:/ST/STM32CubeIDE_1.17.0/STM32CubeIDE/plugins/com.st.stm32cube.ide.mcu.externaltools.gnu-tools-for-stm32.13.3.rel1.win32_1.0.0.202411081344/tools/bin/../lib/gcc/arm-none-eabi/13.3.1/../../../../arm-none-eabi/lib/thumb/v6-m/nofp\libc.a(libc_a-mlock.o)
                              C:/ST/STM32CubeIDE_1.17.0/STM32CubeIDE/plugins/com.st.stm32cube.ide.mcu.externaltools.gnu-tools-for-stm32.13.3.rel1.win32_1.0.0.202411081344/tools/bin/../lib/gcc/arm-none-eabi/13.3.1/../../../../arm-none-eabi/lib/thumb/v6-m/nofp\libc.a(libc_a-mallocr.o) (__malloc_lock)
C:/ST/STM32CubeIDE_1.17.0/STM32CubeIDE/plugins/com.st.stm32cube.ide.mcu.externaltools.gnu-tools-for-stm32.13.3.rel1.win32_1.0.0.202411081344/tools/bin/../lib/gcc/arm-none-eabi/13.3.1/../../../../arm-none-eabi/lib/thumb/v6-m/nofp\libc.a(libc_a-rand.o)
                              BOS\BOS_CLIcommands.o (rand)
C:/ST/STM32CubeIDE_1.17.0/STM32CubeIDE/plugins/com.st.stm32cube.ide.mcu.externaltools.gnu-tools-for-stm32.13.3.rel1.win32_1.0.0.202411081344/tools/bin/../lib/gcc/arm-none-eabi/13.3.1/../../../../arm-none-eabi/lib/thumb/v6-m/nofp\libc.a(libc_a-realloc.o)
                              BOS\BOS_CLI.o (realloc)
C:/ST/STM32CubeIDE_1.17.0/STM32CubeIDE/plugins/com.st.stm32cube.ide.mcu.externaltools.gnu-tools-for-stm32.13.3.rel1.win32_1.0.0.202411081344/tools/bin/../lib/gcc/arm-none-eabi/13.3.1/../../../../arm-none-eabi/lib/thumb/v6-m/nofp\libc.a(libc_a-reallocr.o)
                              C:/ST/STM32CubeIDE_1.17.0/STM32CubeIDE/plugins/com.st.stm32cube.ide.mcu.externaltools.gnu-tools-for-stm32.13.3.rel1.win32_1.0.0.202411081344/tools/bin/../lib/gcc/arm-none-eabi/13.3.1/../../../../arm-none-eabi/lib/thumb/v6-m/nofp\libc.a(libc_a-realloc.o) (_realloc_r)
C:/ST/STM32CubeIDE_1.17.0/STM32CubeIDE/plugins/com.st.stm32cube.ide.mcu.externaltools.gnu-tools-for-stm32.13.3.rel1.win32_1.0.0.202411081344/tools/bin/../lib/gcc/arm-none-eabi/13.3.1/../../../../arm-none-eabi/lib/thumb/v6-m/nofp\libc.a(libc_a-strtod.o)
                              C:/ST/STM32CubeIDE_1.17.0/STM32CubeIDE/plugins/com.st.stm32cube.ide.mcu.externaltools.gnu-tools-for-stm32.13.3.rel1.win32_1.0.0.202411081344/tools/bin/../lib/gcc/arm-none-eabi/13.3.1/../../../../arm-none-eabi/lib/thumb/v6-m/nofp\libc.a(libc_a-atof.o) (strtod)
C:/ST/STM32CubeIDE_1.17.0/STM32CubeIDE/plugins/com.st.stm32cube.ide.mcu.externaltools.gnu-tools-for-stm32.13.3.rel1.win32_1.0.0.202411081344/tools/bin/../lib/gcc/arm-none-eabi/13.3.1/../../../../arm-none-eabi/lib/thumb/v6-m/nofp\libc.a(libc_a-strtol.o)
[...]
Memory Configuration

Name             Origin             Length             Attributes
RAM              0x20000000         0x00024000         xrw
FLASH            0x08000000         0x00080000         xr
*default*        0x00000000         0xffffffff

Linker script and memory map

LOAD C:/ST/STM32CubeIDE_1.17.0/STM32CubeIDE/plugins/com.st.stm32cube.ide.mcu.externaltools.gnu-tools-for-stm32.13.3.rel1.win32_1.0.0.202411081344/tools/bin/../lib/gcc/arm-none-eabi/13.3.1/thumb/v6-m/nofp/crti.o
LOAD C:/ST/STM32CubeIDE_1.17.0/STM32CubeIDE/plugins/com.st.stm32cube.ide.mcu.externaltools.gnu-tools-for-stm32.13.3.rel1.win32_1.0.0.202411081344/tools/bin/../lib/gcc/arm-none-eabi/13.3.1/thumb/v6-m/nofp/crtbegin.o
LOAD C:/ST/STM32CubeIDE_1.17.0/STM32CubeIDE/plugins/com.st.stm32cube.ide.mcu.externaltools.gnu-tools-for-stm32.13.3.rel1.win32_1.0.0.202411081344/tools/bin/../lib/gcc/arm-none-eabi/13.3.1/../../../../arm-none-eabi/lib/thumb/v6-m/nofp/crt0.o
LOAD BOS\BOS.o
LOAD BOS\BOS_CLI.o
LOAD BOS\BOS_CLIcommands.o
LOAD BOS\BOS_dma.o
LOAD BOS\BOS_freertos.o
LOAD BOS\BOS_messaging.o
LOAD BOS\BOS_msgparser.o
LOAD H14RA\H14RA.o
LOAD H14RA\H14RA_dma.o
LOAD H14RA\H14RA_eeprom.o
LOAD H14RA\H14RA_gpio.o
LOAD H14RA\H14RA_inputs.o
LOAD H14RA\H14RA_it.o
LOAD H14RA\H14RA_rtc.o
LOAD H14RA\H14RA_timers.o
LOAD H14RA\H14RA_uart.o
LOAD H14RA\startup_stm32g0b1ceuxn.o
LOAD Thirdparty\CMSIS\STM32G0xx\Device\ST\STM32G0xx\Source\Templates\system_stm32g0xx.o
LOAD Thirdparty\EEPROM_Emul\Core\eeprom_emul.o
LOAD Thirdparty\EEPROM_Emul\Porting\STM32G0\flash_interface.o
LOAD Thirdparty\Middleware\STM32G0xx\FreeRTOS\Source\CMSIS_RTOS\cmsis_os.o
LOAD Thirdparty\Middleware\STM32G0xx\FreeRTOS\Source\FreeRTOS_CLI.o
LOAD Thirdparty\Middleware\STM32G0xx\FreeRTOS\Source\croutine.o
LOAD Thirdparty\Middleware\STM32G0xx\FreeRTOS\Source\event_groups.o
LOAD Thirdparty\Middleware\STM32G0xx\FreeRTOS\Source\list.o
LOAD Thirdparty\Middleware\STM32G0xx\FreeRTOS\Source\portable\GCC\ARM_CM0\port.o
LOAD Thirdparty\Middleware\STM32G0xx\FreeRTOS\Source\portable\MemMang\heap_4.o
LOAD Thirdparty\Middleware\STM32G0xx\FreeRTOS\Source\queue.o
LOAD Thirdparty\Middleware\STM32G0xx\FreeRTOS\Source\stream_buffer.o
LOAD Thirdparty\Middleware\STM32G0xx\FreeRTOS\Source\tasks.o
LOAD Thirdparty\Middleware\STM32G0xx\FreeRTOS\Source\timers.o
LOAD Thirdparty\STM32G0xx_HAL_Driver\Src\stm32g0xx_hal.o
LOAD Thirdparty\STM32G0xx_HAL_Driver\Src\stm32g0xx_hal_adc.o
LOAD Thirdparty\STM32G0xx_HAL_Driver\Src\stm32g0xx_hal_adc_ex.o
LOAD Thirdparty\STM32G0xx_HAL_Driver\Src\stm32g0xx_hal_cec.o
LOAD Thirdparty\STM32G0xx_HAL_Driver\Src\stm32g0xx_hal_comp.o
LOAD Thirdparty\STM32G0xx_HAL_Driver\Src\stm32g0xx_hal_cortex.o
LOAD Thirdparty\STM32G0xx_HAL_Driver\Src\stm32g0xx_hal_crc.o
LOAD Thirdparty\STM32G0xx_HAL_Driver\Src\stm32g0xx_hal_crc_ex.o
LOAD Thirdparty\STM32G0xx_HAL_Driver\Src\stm32g0xx_hal_cryp.o
LOAD Thirdparty\STM32G0xx_HAL_Driver\Src\stm32g0xx_hal_cryp_ex.o
LOAD Thirdparty\STM32G0xx_HAL_Driver\Src\stm32g0xx_hal_dac.o
LOAD Thirdparty\STM32G0xx_HAL_Driver\Src\stm32g0xx_hal_dac_ex.o
LOAD Thirdparty\STM32G0xx_HAL_Driver\Src\stm32g0xx_hal_dma.o
LOAD Thirdparty\STM32G0xx_HAL_Driver\Src\stm32g0xx_hal_dma_ex.o
LOAD Thirdparty\STM32G0xx_HAL_Driver\Src\stm32g0xx_hal_exti.o
LOAD Thirdparty\STM32G0xx_HAL_Driver\Src\stm32g0xx_hal_fdcan.o
LOAD Thirdparty\STM32G0xx_HAL_Driver\Src\stm32g0xx_hal_flash.o
LOAD Thirdparty\STM32G0xx_HAL_Driver\Src\stm32g0xx_hal_flash_ex.o
LOAD Thirdparty\STM32G0xx_HAL_Driver\Src\stm32g0xx_hal_gpio.o
LOAD Thirdparty\STM32G0xx_HAL_Driver\Src\stm32g0xx_hal_hcd.o
LOAD Thirdparty\STM32G0xx_HAL_Driver\Src\stm32g0xx_hal_i2c.o
LOAD Thirdparty\STM32G0xx_HAL_Driver\Src\stm32g0xx_hal_i2c_ex.o
LOAD Thirdparty\STM32G0xx_HAL_Driver\Src\stm32g0xx_hal_i2s.o
LOAD Thirdparty\STM32G0xx_HAL_Driver\Src\stm32g0xx_hal_irda.o
LOAD Thirdparty\STM32G0xx_HAL_Driver\Src\stm32g0xx_hal_iwdg.o
LOAD Thirdparty\STM32G0xx_HAL_Driver\Src\stm32g0xx_hal_lptim.o
LOAD Thirdparty\STM32G0xx_HAL_Driver\Src\stm32g0xx_hal_msp_template.o
LOAD Thirdparty\STM32G0xx_HAL_Driver\Src\stm32g0xx_hal_pcd.o
LOAD Thirdparty\STM32G0xx_HAL_Driver\Src\stm32g0xx_hal_pcd_ex.o
LOAD Thirdparty\STM32G0xx_HAL_Driver\Src\stm32g0xx_hal_pwr.o
LOAD Thirdparty\STM32G0xx_HAL_Driver\Src\stm32g0xx_hal_pwr_ex.o
LOAD Thirdparty\STM32G0xx_HAL_Driver\Src\stm32g0xx_hal_rcc.o
LOAD Thirdparty\STM32G0xx_HAL_Driver\Src\stm32g0xx_hal_rcc_ex.o
LOAD Thirdparty\STM32G0xx_HAL_Driver\Src\stm32g0xx_hal_rng.o
LOAD Thirdparty\STM32G0xx_HAL_Driver\Src\stm32g0xx_hal_rtc.o
LOAD Thirdparty\STM32G0xx_HAL_Driver\Src\stm32g0xx_hal_rtc_ex.o
LOAD Thirdparty\STM32G0xx_HAL_Driver\Src\stm32g0xx_hal_smartcard.o
LOAD Thirdparty\STM32G0xx_HAL_Driver\Src\stm32g0xx_hal_smartcard_ex.o
LOAD Thirdparty\STM32G0xx_HAL_Driver\Src\stm32g0xx_hal_smbus.o
LOAD Thirdparty\STM32G0xx_HAL_Driver\Src\stm32g0xx_hal_smbus_ex.o
LOAD Thirdparty\STM32G0xx_HAL_Driver\Src\stm32g0xx_hal_spi.o
LOAD Thirdparty\STM32G0xx_HAL_Driver\Src\stm32g0xx_hal_spi_ex.o
LOAD Thirdparty\STM32G0xx_HAL_Driver\Src\stm32g0xx_hal_tim.o
LOAD Thirdparty\STM32G0xx_HAL_Driver\Src\stm32g0xx_hal_tim_ex.o
LOAD Thirdparty\STM32G0xx_HAL_Driver\Src\stm32g0xx_hal_uart.o
LOAD Thirdparty\STM32G0xx_HAL_Driver\Src\stm32g0xx_hal_uart_ex.o
LOAD Thirdparty\STM32G0xx_HAL_Driver\Src\stm32g0xx_hal_usart.o
LOAD Thirdparty\STM32G0xx_HAL_Driver\Src\stm32g0xx_hal_usart_ex.o
LOAD Thirdparty\STM32G0xx_HAL_Driver\Src\stm32g0xx_hal_wwdg.o
LOAD Thirdparty\STM32G0xx_HAL_Driver\Src\stm32g0xx_ll_adc.o
LOAD Thirdparty\STM32G0xx_HAL_Driver\Src\stm32g0xx_ll_comp.o
LOAD Thirdparty\STM32G0xx_HAL_Driver\Src\stm32g0xx_ll_crc.o
LOAD Thirdparty\STM32G0xx_HAL_Driver\Src\stm32g0xx_ll_crs.o
LOAD Thirdparty\STM32G0xx_HAL_Driver\Src\stm32g0xx_ll_dac.o
LOAD Thirdparty\STM32G0xx_HAL_Driver\Src\stm32g0xx_ll_dma.o
LOAD Thirdparty\STM32G0xx_HAL_Driver\Src\stm32g0xx_ll_exti.o
LOAD Thirdparty\STM32G0xx_HAL_Driver\Src\stm32g0xx_ll_gpio.o
LOAD Thirdparty\STM32G0xx_HAL_Driver\Src\stm32g0xx_ll_i2c.o
LOAD Thirdparty\STM32G0xx_HAL_Driver\Src\stm32g0xx_ll_lptim.o
LOAD Thirdparty\STM32G0xx_HAL_Driver\Src\stm32g0xx_ll_lpuart.o
LOAD Thirdparty\STM32G0xx_HAL_Driver\Src\stm32g0xx_ll_pwr.o
LOAD Thirdparty\STM32G0xx_HAL_Driver\Src\stm32g0xx_ll_rcc.o
LOAD Thirdparty\STM32G0xx_HAL_Driver\Src\stm32g0xx_ll_rng.o
LOAD Thirdparty\STM32G0xx_HAL_Driver\Src\stm32g0xx_ll_rtc.o
LOAD Thirdparty\STM32G0xx_HAL_Driver\Src\stm32g0xx_ll_spi.o
LOAD Thirdparty\STM32G0xx_HAL_Driver\Src\stm32g0xx_ll_tim.o
LOAD Thirdparty\STM32G0xx_HAL_Driver\Src\stm32g0xx_ll_ucpd.o
LOAD Thirdparty\STM32G0xx_HAL_Driver\Src\stm32g0xx_ll_usart.o
LOAD Thirdparty\STM32G0xx_HAL_Driver\Src\stm32g0xx_ll_usb.o
LOAD Thirdparty\STM32G0xx_HAL_Driver\Src\stm32g0xx_ll_utils.o
LOAD User\main.o
LOAD syscalls.o
START GROUP
LOAD C:/ST/STM32CubeIDE_1.17.0/STM32CubeIDE/plugins/com.st.stm32cube.ide.mcu.externaltools.gnu-tools-for-stm32.13.3.rel1.win32_1.0.0.202411081344/tools/bin/../lib/gcc/arm-none-eabi/13.3.1/../../../../arm-none-eabi/lib/thumb/v6-m/nofp\libc.a
LOAD C:/ST/STM32CubeIDE_1.17.0/STM32CubeIDE/plugins/com.st.stm32cube.ide.mcu.externaltools.gnu-tools-for-stm32.13.3.rel1.win32_1.0.0.202411081344/tools/bin/../lib/gcc/arm-none-eabi/13.3.1/../../../../arm-none-eabi/lib/thumb/v6-m/nofp\libm.a
END GROUP
START GROUP
LOAD C:/ST/STM32CubeIDE_1.17.0/STM32CubeIDE/plugins/com.st.stm32cube.ide.mcu.externaltools.gnu-tools-for-stm32.13.3.rel1.win32_1.0.0.202411081344/tools/bin/../lib/gcc/arm-none-eabi/13.3.1/thumb/v6-m/nofp\libgcc.a
LOAD C:/ST/STM32CubeIDE_1.17.0/STM32CubeIDE/plugins/com.st.stm32cube.ide.mcu.externaltools.gnu-tools-for-stm32.13.3.rel1.win32_1.0.0.202411081344/tools/bin/../lib/gcc/arm-none-eabi/13.3.1/../../../../arm-none-eabi/lib/thumb/v6-m/nofp\libc.a
END GROUP
START GROUP
LOAD C:/ST/STM32CubeIDE_1.17.0/STM32CubeIDE/plugins/com.st.stm32cube.ide.mcu.externaltools.gnu-tools-for-stm32.13.3.rel1.win32_1.0.0.202411081344/tools/bin/../lib/gcc/arm-none-eabi/13.3.1/thumb/v6-m/nofp\libgcc.a
LOAD C:/ST/STM32CubeIDE_1.17.0/STM32CubeIDE/plugins/com.st.stm32cube.ide.mcu.externaltools.gnu-tools-for-stm32.13.3.rel1.win32_1.0.0.202411081344/tools/bin/../lib/gcc/arm-none-eabi/13.3.1/../../../../arm-none-eabi/lib/thumb/v6-m/nofp\libc.a
LOAD C:/ST/STM32CubeIDE_1.17.0/STM32CubeIDE/plugins/com.st.stm32cube.ide.mcu.externaltools.gnu-tools-for-stm32.13.3.rel1.win32_1.0.0.202411081344/tools/bin/../lib/gcc/arm-none-eabi/13.3.1/../../../../arm-none-eabi/lib/thumb/v6-m/nofp\libnosys.a
END GROUP
LOAD C:/ST/STM32CubeIDE_1.17.0/STM32CubeIDE/plugins/com.st.stm32cube.ide.mcu.externaltools.gnu-tools-for-stm32.13.3.rel1.win32_1.0.0.202411081344/tools/bin/../lib/gcc/arm-none-eabi/13.3.1/thumb/v6-m/nofp/crtend.o
LOAD C:/ST/STM32CubeIDE_1.17.0/STM32CubeIDE/plugins/com.st.stm32cube.ide.mcu.externaltools.gnu-tools-for-stm32.13.3.rel1.win32_1.0.0.202411081344/tools/bin/../lib/gcc/arm-none-eabi/13.3.1/thumb/v6-m/nofp/crtn.o
                0x20024000                        _estack = (ORIGIN (RAM) + LENGTH (RAM))
                0x00000200                        _Min_Heap_Size = 0x200
                0x00000400                        _Min_Stack_Size = 0x400

.isr_vector     0x08000000       0xbc
                0x08000000                        . = ALIGN (0x4)
 *(.isr_vector)
 .isr_vector    0x08000000       0xbc H14RA\startup_stm32g0b1ceuxn.o
                0x08000000                g_pfnVectors
                0x080000bc                        . = ALIGN (0x4)

.text           0x080000c0    0x2a7a8
                0x080000c0                        . = ALIGN (0x4)
 *(.text)
 .text          0x080000c0       0x48 C:/ST/STM32CubeIDE_1.17.0/STM32CubeIDE/plugins/com.st.stm32cube.ide.mcu.externaltools.gnu-tools-for-stm32.13.3.rel1.win32_1.0.0.202411081344/tools/bin/../lib/gcc/arm-none-eabi/13.3.1/thumb/v6-m/nofp/crtbegin.o
 .text          0x08000108       0x14 C:/ST/STM32CubeIDE_1.17.0/STM32CubeIDE/plugins/com.st.stm32cube.ide.mcu.externaltools.gnu-tools-for-stm32.13.3.rel1.win32_1.0.0.202411081344/tools/bin/../lib/gcc/arm-none-eabi/13.3.1/../../../../arm-none-eabi/lib/thumb/v6-m/nofp\libc.a(libc_a-strcmp.o)
                0x08000108                strcmp
 .text          0x0800011c        0xe C:/ST/STM32CubeIDE_1.17.0/STM32CubeIDE/plugins/com.st.stm32cube.ide.mcu.externaltools.gnu-tools-for-stm32.13.3.rel1.win32_1.0.0.202411081344/tools/bin/../lib/gcc/arm-none-eabi/13.3.1/../../../../arm-none-eabi/lib/thumb/v6-m/nofp\libc.a(libc_a-strlen.o)
                0x0800011c                strlen
 *fill*         0x0800012a        0x2 
 .text          0x0800012c       0x14 C:/ST/STM32CubeIDE_1.17.0/STM32CubeIDE/plugins/com.st.stm32cube.ide.mcu.externaltools.gnu-tools-for-stm32.13.3.rel1.win32_1.0.0.202411081344/tools/bin/../lib/gcc/arm-none-eabi/13.3.1/thumb/v6-m/nofp\libgcc.a(_thumb1_case_uqi.o)
                0x0800012c                __gnu_thumb1_case_uqi
 .text          0x08000140       0x14 C:/ST/STM32CubeIDE_1.17.0/STM32CubeIDE/plugins/com.st.stm32cube.ide.mcu.externaltools.gnu-tools-for-stm32.13.3.rel1.win32_1.0.0.202411081344/tools/bin/../lib/gcc/arm-none-eabi/13.3.1/thumb/v6-m/nofp\libgcc.a(_thumb1_case_uhi.o)
                0x08000140                __gnu_thumb1_case_uhi
 .text          0x08000154      0x114 C:/ST/STM32CubeIDE_1.17.0/STM32CubeIDE/plugins/com.st.stm32cube.ide.mcu.externaltools.gnu-tools-for-stm32.13.3.rel1.win32_1.0.0.202411081344/tools/bin/../lib/gcc/arm-none-eabi/13.3.1/thumb/v6-m/nofp\libgcc.a(_udivsi3.o)
                0x08000154                __aeabi_uidiv
                0x08000154                __udivsi3
                0x08000260                __aeabi_uidivmod
 .text          0x08000268      0x1d4 C:/ST/STM32CubeIDE_1.17.0/STM32CubeIDE/plugins/com.st.stm32cube.ide.mcu.externaltools.gnu-tools-for-stm32.13.3.rel1.win32_1.0.0.202411081344/tools/bin/../lib/gcc/arm-none-eabi/13.3.1/thumb/v6-m/nofp\libgcc.a(_divsi3.o)
                0x08000268                __divsi3
                0x08000268                __aeabi_idiv
                0x08000434                __aeabi_idivmod
 .text          0x0800043c        0x4 C:/ST/STM32CubeIDE_1.17.0/STM32CubeIDE/plugins/com.st.stm32cube.ide.mcu.externaltools.gnu-tools-for-stm32.13.3.rel1.win32_1.0.0.202411081344/tools/bin/../lib/gcc/arm-none-eabi/13.3.1/thumb/v6-m/nofp\libgcc.a(_dvmd_tls.o)
                0x0800043c                __aeabi_idiv0
                0x0800043c                __aeabi_ldiv0
 .text          0x08000440       0x7c C:/ST/STM32CubeIDE_1.17.0/STM32CubeIDE/plugins/com.st.stm32cube.ide.mcu.externaltools.gnu-tools-for-stm32.13.3.rel1.win32_1.0.0.202411081344/tools/bin/../lib/gcc/arm-none-eabi/13.3.1/thumb/v6-m/nofp\libgcc.a(_arm_cmpdf2.o)
                0x08000440                __aeabi_cdrcmple
                0x08000450                __aeabi_cdcmple
                0x08000450                __aeabi_cdcmpeq
                0x08000460                __aeabi_dcmpeq
                0x0800046c                __aeabi_dcmplt
                0x08000480                __aeabi_dcmple
                0x08000494                __aeabi_dcmpgt
                0x080004a8                __aeabi_dcmpge
 .text          0x080004bc       0x74 C:/ST/STM32CubeIDE_1.17.0/STM32CubeIDE/plugins/com.st.stm32cube.ide.mcu.externaltools.gnu-tools-for-stm32.13.3.rel1.win32_1.0.0.202411081344/tools/bin/../lib/gcc/arm-none-eabi/13.3.1/thumb/v6-m/nofp\libgcc.a(_arm_cmpsf2.o)
                0x080004bc                __aeabi_cfrcmple
                0x080004c4                __aeabi_cfcmpeq
                0x080004c4                __aeabi_cfcmple
                0x080004d4                __aeabi_fcmpeq
                0x080004e0                __aeabi_fcmplt
                0x080004f4                __aeabi_fcmple
                0x08000508                __aeabi_fcmpgt
                0x0800051c                __aeabi_fcmpge
 .text          0x08000530       0x40 C:/ST/STM32CubeIDE_1.17.0/STM32CubeIDE/plugins/com.st.stm32cube.ide.mcu.externaltools.gnu-tools-for-stm32.13.3.rel1.win32_1.0.0.202411081344/tools/bin/../lib/gcc/arm-none-eabi/13.3.1/thumb/v6-m/nofp\libgcc.a(_aeabi_uldivmod.o)
                0x08000530                __aeabi_uldivmod
 .text          0x08000570       0x5c C:/ST/STM32CubeIDE_1.17.0/STM32CubeIDE/plugins/com.st.stm32cube.ide.mcu.externaltools.gnu-tools-for-stm32.13.3.rel1.win32_1.0.0.202411081344/tools/bin/../lib/gcc/arm-none-eabi/13.3.1/thumb/v6-m/nofp\libgcc.a(_muldi3.o)
                0x08000570                __muldi3
                0x08000570                __aeabi_lmul
 .text          0x080005cc       0x30 C:/ST/STM32CubeIDE_1.17.0/STM32CubeIDE/plugins/com.st.stm32cube.ide.mcu.externaltools.gnu-tools-for-stm32.13.3.rel1.win32_1.0.0.202411081344/tools/bin/../lib/gcc/arm-none-eabi/13.3.1/thumb/v6-m/nofp\libgcc.a(_fixunssfsi.o)
                0x080005cc                __fixunssfsi
                0x080005cc                __aeabi_f2uiz
 .text          0x080005fc       0x3c C:/ST/STM32CubeIDE_1.17.0/STM32CubeIDE/plugins/com.st.stm32cube.ide.mcu.externaltools.gnu-tools-for-stm32.13.3.rel1.win32_1.0.0.202411081344/tools/bin/../lib/gcc/arm-none-eabi/13.3.1/thumb/v6-m/nofp\libgcc.a(_fixunsdfsi.o)
                0x080005fc                __aeabi_d2uiz
                0x080005fc                __fixunsdfsi
 .text          0x08000638       0x38 C:/ST/STM32CubeIDE_1.17.0/STM32CubeIDE/plugins/com.st.stm32cube.ide.mcu.externaltools.gnu-tools-for-stm32.13.3.rel1.win32_1.0.0.202411081344/tools/bin/../lib/gcc/arm-none-eabi/13.3.1/thumb/v6-m/nofp\libgcc.a(_fixdfdi.o)
                0x08000638                __fixdfdi
                0x08000638                __aeabi_d2lz
 .text          0x08000670       0x3c C:/ST/STM32CubeIDE_1.17.0/STM32CubeIDE/plugins/com.st.stm32cube.ide.mcu.externaltools.gnu-tools-for-stm32.13.3.rel1.win32_1.0.0.202411081344/tools/bin/../lib/gcc/arm-none-eabi/13.3.1/thumb/v6-m/nofp\libgcc.a(_fixunsdfdi.o)
                0x08000670                __fixunsdfdi
                0x08000670                __aeabi_d2ulz
 .text          0x080006ac       0x2c C:/ST/STM32CubeIDE_1.17.0/STM32CubeIDE/plugins/com.st.stm32cube.ide.mcu.externaltools.gnu-tools-for-stm32.13.3.rel1.win32_1.0.0.202411081344/tools/bin/../lib/gcc/arm-none-eabi/13.3.1/thumb/v6-m/nofp\libgcc.a(_floatdidf.o)
                0x080006ac                __aeabi_l2d
                0x080006ac                __floatdidf
 .text          0x080006d8      0x198 C:/ST/STM32CubeIDE_1.17.0/STM32CubeIDE/plugins/com.st.stm32cube.ide.mcu.externaltools.gnu-tools-for-stm32.13.3.rel1.win32_1.0.0.202411081344/tools/bin/../lib/gcc/arm-none-eabi/13.3.1/thumb/v6-m/nofp\libgcc.a(_udivmoddi4.o)
                0x080006d8                __udivmoddi4
 .text          0x08000870      0x22c C:/ST/STM32CubeIDE_1.17.0/STM32CubeIDE/plugins/com.st.stm32cube.ide.mcu.externaltools.gnu-tools-for-stm32.13.3.rel1.win32_1.0.0.202411081344/tools/bin/../lib/gcc/arm-none-eabi/13.3.1/thumb/v6-m/nofp\libgcc.a(divsf3.o)
                0x08000870                __aeabi_fdiv
 .text          0x08000a9c       0x50 C:/ST/STM32CubeIDE_1.17.0/STM32CubeIDE/plugins/com.st.stm32cube.ide.mcu.externaltools.gnu-tools-for-stm32.13.3.rel1.win32_1.0.0.202411081344/tools/bin/../lib/gcc/arm-none-eabi/13.3.1/thumb/v6-m/nofp\libgcc.a(eqsf2.o)
                0x08000a9c                __eqsf2
                0x08000a9c                __nesf2
 .text          0x08000aec       0x90 C:/ST/STM32CubeIDE_1.17.0/STM32CubeIDE/plugins/com.st.stm32cube.ide.mcu.externaltools.gnu-tools-for-stm32.13.3.rel1.win32_1.0.0.202411081344/tools/bin/../lib/gcc/arm-none-eabi/13.3.1/thumb/v6-m/nofp\libgcc.a(gesf2.o)
                0x08000aec                __gesf2
                0x08000aec                __gtsf2
 .text          0x08000b7c       0x90 C:/ST/STM32CubeIDE_1.17.0/STM32CubeIDE/plugins/com.st.stm32cube.ide.mcu.externaltools.gnu-tools-for-stm32.13.3.rel1.win32_1.0.0.202411081344/tools/bin/../lib/gcc/arm-none-eabi/13.3.1/thumb/v6-m/nofp\libgcc.a(lesf2.o)
                0x08000b7c                __ltsf2
                0x08000b7c                __lesf2
 .text          0x08000c0c      0x2b4 C:/ST/STM32CubeIDE_1.17.0/STM32CubeIDE/plugins/com.st.stm32cube.ide.mcu.externaltools.gnu-tools-for-stm32.13.3.rel1.win32_1.0.0.202411081344/tools/bin/../lib/gcc/arm-none-eabi/13.3.1/thumb/v6-m/nofp\libgcc.a(mulsf3.o)
                0x08000c0c                __aeabi_fmul
 .text          0x08000ec0      0x4c8 C:/ST/STM32CubeIDE_1.17.0/STM32CubeIDE/plugins/com.st.stm32cube.ide.mcu.externaltools.gnu-tools-for-stm32.13.3.rel1.win32_1.0.0.202411081344/tools/bin/../lib/gcc/arm-none-eabi/13.3.1/thumb/v6-m/nofp\libgcc.a(subsf3.o)
                0x08000ec0                __aeabi_fsub
 .text          0x08001388       0x40 C:/ST/STM32CubeIDE_1.17.0/STM32CubeIDE/plugins/com.st.stm32cube.ide.mcu.externaltools.gnu-tools-for-stm32.13.3.rel1.win32_1.0.0.202411081344/tools/bin/../lib/gcc/arm-none-eabi/13.3.1/thumb/v6-m/nofp\libgcc.a(fixsfsi.o)
                0x08001388                __aeabi_f2iz
 .text          0x080013c8       0xa0 C:/ST/STM32CubeIDE_1.17.0/STM32CubeIDE/plugins/com.st.stm32cube.ide.mcu.externaltools.gnu-tools-for-stm32.13.3.rel1.win32_1.0.0.202411081344/tools/bin/../lib/gcc/arm-none-eabi/13.3.1/thumb/v6-m/nofp\libgcc.a(floatsisf.o)
                0x080013c8                __aeabi_i2f
 .text          0x08001468       0x8c C:/ST/STM32CubeIDE_1.17.0/STM32CubeIDE/plugins/com.st.stm32cube.ide.mcu.externaltools.gnu-tools-for-stm32.13.3.rel1.win32_1.0.0.202411081344/tools/bin/../lib/gcc/arm-none-eabi/13.3.1/thumb/v6-m/nofp\libgcc.a(floatunsisf.o)
                0x08001468                __aeabi_ui2f
 .text          0x080014f4      0x78c C:/ST/STM32CubeIDE_1.17.0/STM32CubeIDE/plugins/com.st.stm32cube.ide.mcu.externaltools.gnu-tools-for-stm32.13.3.rel1.win32_1.0.0.202411081344/tools/bin/../lib/gcc/arm-none-eabi/13.3.1/thumb/v6-m/nofp\libgcc.a(adddf3.o)
                0x080014f4                __aeabi_dadd
 .text          0x08001c80      0x630 C:/ST/STM32CubeIDE_1.17.0/STM32CubeIDE/plugins/com.st.stm32cube.ide.mcu.externaltools.gnu-tools-for-stm32.13.3.rel1.win32_1.0.0.202411081344/tools/bin/../lib/gcc/arm-none-eabi/13.3.1/thumb/v6-m/nofp\libgcc.a(divdf3.o)
                0x08001c80                __aeabi_ddiv
 .text          0x080022b0       0x88 C:/ST/STM32CubeIDE_1.17.0/STM32CubeIDE/plugins/com.st.stm32cube.ide.mcu.externaltools.gnu-tools-for-stm32.13.3.rel1.win32_1.0.0.202411081344/tools/bin/../lib/gcc/arm-none-eabi/13.3.1/thumb/v6-m/nofp\libgcc.a(eqdf2.o)
                0x080022b0                __nedf2
                0x080022b0                __eqdf2
 .text          0x08002338       0xe0 C:/ST/STM32CubeIDE_1.17.0/STM32CubeIDE/plugins/com.st.stm32cube.ide.mcu.externaltools.gnu-tools-for-stm32.13.3.rel1.win32_1.0.0.202411081344/tools/bin/../lib/gcc/arm-none-eabi/13.3.1/thumb/v6-m/nofp\libgcc.a(gedf2.o)
                0x08002338                __gedf2
                0x08002338                __gtdf2
 .text          0x08002418       0xdc C:/ST/STM32CubeIDE_1.17.0/STM32CubeIDE/plugins/com.st.stm32cube.ide.mcu.externaltools.gnu-tools-for-stm32.13.3.rel1.win32_1.0.0.202411081344/tools/bin/../lib/gcc/arm-none-eabi/13.3.1/thumb/v6-m/nofp\libgcc.a(ledf2.o)
                0x08002418                __ledf2
                0x08002418                __ltdf2
 .text          0x080024f4      0x5cc C:/ST/STM32CubeIDE_1.17.0/STM32CubeIDE/plugins/com.st.stm32cube.ide.mcu.externaltools.gnu-tools-for-stm32.13.3.rel1.win32_1.0.0.202411081344/tools/bin/../lib/gcc/arm-none-eabi/13.3.1/thumb/v6-m/nofp\libgcc.a(muldf3.o)
                0x080024f4                __aeabi_dmul
 .text          0x08002ac0      0x814 C:/ST/STM32CubeIDE_1.17.0/STM32CubeIDE/plugins/com.st.stm32cube.ide.mcu.externaltools.gnu-tools-for-stm32.13.3.rel1.win32_1.0.0.202411081344/tools/bin/../lib/gcc/arm-none-eabi/13.3.1/thumb/v6-m/nofp\libgcc.a(subdf3.o)
                0x08002ac0                __aeabi_dsub
 .text          0x080032d4       0x44 C:/ST/STM32CubeIDE_1.17.0/STM32CubeIDE/plugins/com.st.stm32cube.ide.mcu.externaltools.gnu-tools-for-stm32.13.3.rel1.win32_1.0.0.202411081344/tools/bin/../lib/gcc/arm-none-eabi/13.3.1/thumb/v6-m/nofp\libgcc.a(unorddf2.o)
                0x080032d4                __aeabi_dcmpun
 .text          0x08003318       0x78 C:/ST/STM32CubeIDE_1.17.0/STM32CubeIDE/plugins/com.st.stm32cube.ide.mcu.externaltools.gnu-tools-for-stm32.13.3.rel1.win32_1.0.0.202411081344/tools/bin/../lib/gcc/arm-none-eabi/13.3.1/thumb/v6-m/nofp\libgcc.a(fixdfsi.o)
                0x08003318                __aeabi_d2iz
 .text          0x08003390       0x5c C:/ST/STM32CubeIDE_1.17.0/STM32CubeIDE/plugins/com.st.stm32cube.ide.mcu.externaltools.gnu-tools-for-stm32.13.3.rel1.win32_1.0.0.202411081344/tools/bin/../lib/gcc/arm-none-eabi/13.3.1/thumb/v6-m/nofp\libgcc.a(floatsidf.o)
                0x08003390                __aeabi_i2d
 .text          0x080033ec       0x48 C:/ST/STM32CubeIDE_1.17.0/STM32CubeIDE/plugins/com.st.stm32cube.ide.mcu.externaltools.gnu-tools-for-stm32.13.3.rel1.win32_1.0.0.202411081344/tools/bin/../lib/gcc/arm-none-eabi/13.3.1/thumb/v6-m/nofp\libgcc.a(floatunsidf.o)
                0x080033ec                __aeabi_ui2d
 .text          0x08003434       0x90 C:/ST/STM32CubeIDE_1.17.0/STM32CubeIDE/plugins/com.st.stm32cube.ide.mcu.externaltools.gnu-tools-for-stm32.13.3.rel1.win32_1.0.0.202411081344/tools/bin/../lib/gcc/arm-none-eabi/13.3.1/thumb/v6-m/nofp\libgcc.a(extendsfdf2.o)
                0x08003434                __aeabi_f2d
 .text          0x080034c4      0x104 C:/ST/STM32CubeIDE_1.17.0/STM32CubeIDE/plugins/com.st.stm32cube.ide.mcu.externaltools.gnu-tools-for-stm32.13.3.rel1.win32_1.0.0.202411081344/tools/bin/../lib/gcc/arm-none-eabi/13.3.1/thumb/v6-m/nofp\libgcc.a(truncdfsf2.o)
                0x080034c4                __aeabi_d2f
 .text          0x080035c8       0x3c C:/ST/STM32CubeIDE_1.17.0/STM32CubeIDE/plugins/com.st.stm32cube.ide.mcu.externaltools.gnu-tools-for-stm32.13.3.rel1.win32_1.0.0.202411081344/tools/bin/../lib/gcc/arm-none-eabi/13.3.1/thumb/v6-m/nofp\libgcc.a(_clzsi2.o)
                0x080035c8                __clzsi2
 .text          0x08003604       0x18 C:/ST/STM32CubeIDE_1.17.0/STM32CubeIDE/plugins/com.st.stm32cube.ide.mcu.externaltools.gnu-tools-for-stm32.13.3.rel1.win32_1.0.0.202411081344/tools/bin/../lib/gcc/arm-none-eabi/13.3.1/thumb/v6-m/nofp\libgcc.a(_clzdi2.o)
                0x08003604                __clzdi2
 *(.text*)
 .text.__NVIC_SystemReset
                0x0800361c       0x24 BOS\BOS.o
 .text.LoadEEvars
                0x08003640       0x2a BOS\BOS.o
                0x08003640                LoadEEvars
 *fill*         0x0800366a        0x2 
 .text.LoadROtopology
                0x0800366c       0xfc BOS\BOS.o
                0x0800366c                LoadROtopology
 .text.LoadEEportsDir
                0x08003768       0x68 BOS\BOS.o
                0x08003768                LoadEEportsDir
 .text.LoadEEalias
                0x080037d0       0xd8 BOS\BOS.o
                0x080037d0                LoadEEalias
 .text.LoadEEgroup
                0x080038a8      0x120 BOS\BOS.o
                0x080038a8                LoadEEgroup
 .text.LoadEEstreams
                0x080039c8      0x228 BOS\BOS.o
                0x080039c8                LoadEEstreams
 .text.LoadEEparams
                0x08003bf0      0x2e4 BOS\BOS.o
                0x08003bf0                LoadEEparams
 .text.LoadEEbuttons
                0x08003ed4      0x124 BOS\BOS.o
                0x08003ed4                LoadEEbuttons
 .text.LoadROsnippets
                0x08003ff8      0x1d8 BOS\BOS.o
                0x08003ff8                LoadROsnippets
 .text.SaveEEportsDir
                0x080041d0       0x78 BOS\BOS.o
                0x080041d0                SaveEEportsDir
 .text.SaveEEalias
                0x08004248       0xd0 BOS\BOS.o
                0x08004248                SaveEEalias
 .text.SaveEEstreams
                0x08004318       0xdc BOS\BOS.o
                0x08004318                SaveEEstreams
 .text.SaveEEparams
                0x080043f4       0xb8 BOS\BOS.o
                0x080043f4                SaveEEparams
 .text.ClearEEportsDir
                0x080044ac       0x84 BOS\BOS.o
                0x080044ac                ClearEEportsDir
 .text.IsLowerCLIbaud
                0x08004530       0xe8 BOS\BOS.o
                0x08004530                IsLowerCLIbaud
 .text.IsModuleParameter
                0x08004618       0x64 BOS\BOS.o
                0x08004618                IsModuleParameter
 .text.IsMathOperator
                0x0800467c       0xc4 BOS\BOS.o
                0x0800467c                IsMathOperator
 .text.BOS_Init
                0x08004740      0x13c BOS\BOS.o
                0x08004740                BOS_Init
 .text.Module_Init
                0x0800487c       0x1e BOS\BOS.o
                0x0800487c                Module_Init
 *fill*         0x0800489a        0x2 
 .text.Explore  0x0800489c      0xa14 BOS\BOS.o
                0x0800489c                Explore
 .text.ExploreNeighbors
                0x080052b0       0x90 BOS\BOS.o
                0x080052b0                ExploreNeighbors
 .text.FindBroadcastRoutes
                0x08005340      0x3b0 BOS\BOS.o
                0x08005340                FindBroadcastRoutes
 .text.FindRoute
                0x080056f0      0x2d4 BOS\BOS.o
                0x080056f0                FindRoute
 .text.minArr   0x080059c4       0x88 BOS\BOS.o
                0x080059c4                minArr
 .text.QnotEmpty
                0x08005a4c       0x50 BOS\BOS.o
                0x08005a4c                QnotEmpty
 .text.DisplayTopology
                0x08005a9c      0x258 BOS\BOS.o
                0x08005a9c                DisplayTopology
 .text.DisplayPortsDir
                0x08005cf4      0x118 BOS\BOS.o
                0x08005cf4                DisplayPortsDir
 .text.DisplayModuleStatus
                0x08005e0c      0x3b4 BOS\BOS.o
                0x08005e0c                DisplayModuleStatus
 .text.GetID    0x080061c0      0x160 BOS\BOS.o
                0x080061c0                GetID
 .text.NameModule
                0x08006320      0x140 BOS\BOS.o
                0x08006320                NameModule
 .text.AddModuleToGroup
                0x08006460      0x1b8 BOS\BOS.o
                0x08006460                AddModuleToGroup
 .text.WriteToRemote
                0x08006618      0x418 BOS\BOS.o
                0x08006618                WriteToRemote
 .text.GetDateString
                0x08006a30       0x5c BOS\BOS.o
                0x08006a30                GetDateString
 .text.Bridge   0x08006a8c       0x4c BOS\BOS.o
                0x08006a8c                Bridge
 .text.Unbridge
                0x08006ad8       0xbc BOS\BOS.o
                0x08006ad8                Unbridge
 .text.convert_to_bytes
                0x08006b94       0x84 BOS\BOS.o
                0x08006b94                convert_to_bytes
 .text.convert_from_bytes
                0x08006c18       0x78 BOS\BOS.o
                0x08006c18                convert_from_bytes
 .text.prvCLITask
                0x08006c90      0x254 BOS\BOS_CLI.o
                0x08006c90                prvCLITask
 .text.CLI_CommandParser
                0x08006ee4      0x578 BOS\BOS_CLI.o
                0x08006ee4                CLI_CommandParser
 .text.StringToLowerCase
                0x0800745c       0x6c BOS\BOS_CLI.o
                0x0800745c                StringToLowerCase
 .text.AddSnippet
                0x080074c8      0x118 BOS\BOS_CLI.o
                0x080074c8                AddSnippet
 .text.ParseSnippetCondition
                0x080075e0      0x298 BOS\BOS_CLI.o
                0x080075e0                ParseSnippetCondition
 .text.CheckSnippetCondition
                0x08007878      0x1cc BOS\BOS_CLI.o
                0x08007878                CheckSnippetCondition
 .text.ExecuteSnippet
                0x08007a44       0xdc BOS\BOS_CLI.o
                0x08007a44                ExecuteSnippet
 .text.ParseSnippetCommand
                0x08007b20       0xe0 BOS\BOS_CLI.o
                0x08007b20                ParseSnippetCommand
 .text.__NVIC_SystemReset
                0x08007c00       0x24 BOS\BOS_CLIcommands.o
 .text.RegisterUserCLICommands
                0x08007c24        0xa BOS\BOS_CLIcommands.o
                0x08007c24                RegisterUserCLICommands
 *fill*         0x08007c2e        0x2 
 .text.vRegisterCLICommands
                0x08007c30      0x1a4 BOS\BOS_CLIcommands.o
                0x08007c30                vRegisterCLICommands
 .text.prvTaskStatsCommand
                0x08007dd4       0x40 BOS\BOS_CLIcommands.o
 .text.prvRunTimeStatsCommand
                0x08007e14       0x40 BOS\BOS_CLIcommands.o
 .text.pingCommand
                0x08007e54       0x9c BOS\BOS_CLIcommands.o
 .text.bootloaderUpdateCommand
                0x08007ef0      0x200 BOS\BOS_CLIcommands.o
 .text.exploreCommand
                0x080080f0       0xf8 BOS\BOS_CLIcommands.o
 .text.resetCommand
                0x080081e8       0x10 BOS\BOS_CLIcommands.o
 .text.nameCommand
                0x080081f8       0xe8 BOS\BOS_CLIcommands.o
 .text.groupCommand
                0x080082e0      0x2f4 BOS\BOS_CLIcommands.o
 .text.statusCommand
                0x080085d4       0x1c BOS\BOS_CLIcommands.o
 .text.infoCommand
                0x080085f0       0xfc BOS\BOS_CLIcommands.o
 .text.addbuttonCommand
                0x080086ec      0x150 BOS\BOS_CLIcommands.o
 .text.removebuttonCommand
                0x0800883c       0x94 BOS\BOS_CLIcommands.o
 .text.setCommand
                0x080088d0      0xbb4 BOS\BOS_CLIcommands.o
 .text.getCommand
                0x08009484      0x39c BOS\BOS_CLIcommands.o
 .text.defaultCommand
                0x08009820       0xf8 BOS\BOS_CLIcommands.o
 .text.timeCommand
                0x08009918       0xd8 BOS\BOS_CLIcommands.o
 .text.dateCommand
                0x080099f0       0x34 BOS\BOS_CLIcommands.o
 .text.setBaudrateCommand
                0x08009a24       0xc0 BOS\BOS_CLIcommands.o
 .text.uuidCommand
                0x08009ae4       0x90 BOS\BOS_CLIcommands.o
 .text.idcodeCommand
                0x08009b74       0x7c BOS\BOS_CLIcommands.o
 .text.flashsizeCommand
                0x08009bf0       0x34 BOS\BOS_CLIcommands.o
 .text.snipCommand
                0x08009c24      0x2dc BOS\BOS_CLIcommands.o
 .text.actSnipCommand
                0x08009f00       0xb8 BOS\BOS_CLIcommands.o
 .text.pauseSnipCommand
                0x08009fb8       0xb8 BOS\BOS_CLIcommands.o
 .text.delSnipCommand
                0x0800a070      0x1d4 BOS\BOS_CLIcommands.o
 .text.bridgeCommand
                0x0800a244      0x11c BOS\BOS_CLIcommands.o
 .text.unbridgeCommand
                0x0800a360      0x11c BOS\BOS_CLIcommands.o
 .text.testportCommand
                0x0800a47c      0x2d8 BOS\BOS_CLIcommands.o
 .text.ADCReadCommand
                0x0800a754      0x12c BOS\BOS_CLIcommands.o
 .text.ReadTempCommand
                0x0800a880       0x54 BOS\BOS_CLIcommands.o
 .text.ReadVrefCommand
                0x0800a8d4       0x54 BOS\BOS_CLIcommands.o
 .text.GetReadPercentageCommand
                0x0800a928      0x104 BOS\BOS_CLIcommands.o
 .text.StartDMAstream
                0x0800aa2c       0xb0 BOS\BOS_dma.o
                0x0800aa2c                StartDMAstream
 .text.DMA_IRQHandler
                0x0800aadc      0x118 BOS\BOS_dma.o
                0x0800aadc                DMA_IRQHandler
 .text.ResetUartORE
                0x0800abf4       0x54 BOS\BOS_dma.o
                0x0800abf4                ResetUartORE
 .text.MX_FREERTOS_Init
                0x0800ac48      0x260 BOS\BOS_freertos.o
                0x0800ac48                MX_FREERTOS_Init
 .text.StartDefaultTask
                0x0800aea8      0x108 BOS\BOS_freertos.o
                0x0800aea8                StartDefaultTask
 .text.vMainConfigureTimerForRunTimeStats
                0x0800afb0       0x2c BOS\BOS_freertos.o
                0x0800afb0                vMainConfigureTimerForRunTimeStats
 .text.ulMainGetRunTimeCounterValue
                0x0800afdc       0x9c BOS\BOS_freertos.o
                0x0800afdc                ulMainGetRunTimeCounterValue
 .text.SetupDMAStreams
                0x0800b078      0x3c8 BOS\BOS_messaging.o
                0x0800b078                SetupDMAStreams
 .text.StreamTimerCallback
                0x0800b440       0xa4 BOS\BOS_messaging.o
                0x0800b440                StreamTimerCallback
 .text.ForwardReceivedMessage
                0x0800b4e4       0x8c BOS\BOS_messaging.o
                0x0800b4e4                ForwardReceivedMessage
 .text.BroadcastReceivedMessage
                0x0800b570       0x70 BOS\BOS_messaging.o
                0x0800b570                BroadcastReceivedMessage
 .text.NotifyMessagingTask
                0x0800b5e0       0xa4 BOS\BOS_messaging.o
                0x0800b5e0                NotifyMessagingTask
 .text.BroadcastMessage
                0x0800b684       0x94 BOS\BOS_messaging.o
                0x0800b684                BroadcastMessage
 .text.SendMessageToModule
                0x0800b718       0xa4 BOS\BOS_messaging.o
                0x0800b718                SendMessageToModule
 .text.SendLargeMessageToModule
                0x0800b7bc      0x10c BOS\BOS_messaging.o
                0x0800b7bc                SendLargeMessageToModule
 .text.SendMessageFromPort
                0x0800b8c8      0x4e8 BOS\BOS_messaging.o
                0x0800b8c8                SendMessageFromPort
 .text.StartScastDMAStream
                0x0800bdb0      0x314 BOS\BOS_messaging.o
                0x0800bdb0                StartScastDMAStream
 .text.__NVIC_SystemReset
                0x0800c0c4       0x24 BOS\BOS_msgparser.o
 .text.BackEndTask
                0x0800c0e8      0xbc0 BOS\BOS_msgparser.o
                0x0800c0e8                BackEndTask
 .text.PxMessagingTask
                0x0800cca8      0x700 BOS\BOS_msgparser.o
                0x0800cca8                PxMessagingTask
 .text.User_MessagingParser
                0x0800d3a8       0x3a BOS\BOS_msgparser.o
                0x0800d3a8                User_MessagingParser
 *fill*         0x0800d3e2        0x2 
 .text.HandlePingCode
                0x0800d3e4       0x74 BOS\BOS_msgparser.o
 .text.HandlePingResponseCode
                0x0800d458       0xd4 BOS\BOS_msgparser.o
 .text.HandleHiCode
                0x0800d52c      0x110 BOS\BOS_msgparser.o
 .text.HandleHiResponseCode
                0x0800d63c       0xc8 BOS\BOS_msgparser.o
 .text.HandleEthernetDefaultValuesCode
                0x0800d704      0x3e8 BOS\BOS_msgparser.o
 .text.HandleExploreAdjacentCode
                0x0800daec       0xe4 BOS\BOS_msgparser.o
 .text.HandleExploreAdjacentResponseCode
                0x0800dbd0       0xfc BOS\BOS_msgparser.o
 .text.HandlePortDirectionCode
                0x0800dccc       0xcc BOS\BOS_msgparser.o
 .text.HandleModuleIDCode
                0x0800dd98       0xec BOS\BOS_msgparser.o
 .text.HandleTopologyCode
                0x0800de84      0x128 BOS\BOS_msgparser.o
 .text.HandleReadPortDirectionResponseCode
                0x0800dfac       0xd0 BOS\BOS_msgparser.o
 .text.HandleBaudRateCode
                0x0800e07c      0x140 BOS\BOS_msgparser.o
 .text.HandleExploreEEPROMCode
                0x0800e1bc       0x4c BOS\BOS_msgparser.o
 .text.HandleDefArrayCode
                0x0800e208       0x50 BOS\BOS_msgparser.o
 .text.HandleCLICommandCode
                0x0800e258      0x1a8 BOS\BOS_msgparser.o
 .text.HandleCLIResponseCode
                0x0800e400      0x114 BOS\BOS_msgparser.o
 .text.HandleUpdateCode
                0x0800e514       0x48 BOS\BOS_msgparser.o
 .text.HandleUpdateViaPortCode
                0x0800e55c       0x94 BOS\BOS_msgparser.o
 .text.HandleDMAChannelCode
                0x0800e5f0      0x588 BOS\BOS_msgparser.o
 .text.HandleDMASingleCastStreamCode
                0x0800eb78      0x14c BOS\BOS_msgparser.o
 .text.HandleReadRemoteCode
                0x0800ecc4      0x49c BOS\BOS_msgparser.o
 .text.HandleReadRemoteResponseCode
                0x0800f160      0x364 BOS\BOS_msgparser.o
 .text.HandleWriteRemoteCode
                0x0800f4c4      0xa30 BOS\BOS_msgparser.o
 .text.HandleWriteRemoteResponseCode
                0x0800fef4       0x58 BOS\BOS_msgparser.o
 .text.HandlePortForwardCode
                0x0800ff4c       0xa8 BOS\BOS_msgparser.o
 .text.HandleReadADCVauleCode
                0x0800fff4       0xd4 BOS\BOS_msgparser.o
 .text.HandleReadTempAndVrefCode
                0x080100c8       0x48 BOS\BOS_msgparser.o
 .text.HandleAckAcceptedCode
                0x08010110       0x3c BOS\BOS_msgparser.o
 .text.HandleRejectedCode
                0x0801014c       0x3c BOS\BOS_msgparser.o
 .text.HandleReadResponseCode
                0x08010188      0x5c4 BOS\BOS_msgparser.o
 .text.HandleStopModeUartxCode
                0x0801074c       0x74 BOS\BOS_msgparser.o
 .text.HandleEnStandbyModeWakeupPinxCode
                0x080107c0       0x74 BOS\BOS_msgparser.o
 .text.HandleDefaultCode
                0x08010834      0x12c BOS\BOS_msgparser.o
 .text.SystemClock_Config
                0x08010960       0xb4 H14RA\H14RA.o
                0x08010960                SystemClock_Config
 .text.EnableStopModebyUARTx
                0x08010a14       0xb8 H14RA\H14RA.o
                0x08010a14                EnableStopModebyUARTx
 .text.EnableStandbyModebyWakeupPinx
                0x08010acc       0x64 H14RA\H14RA.o
                0x08010acc                EnableStandbyModebyWakeupPinx
 .text.DisableStandbyModeWakeupPinx
                0x08010b30       0x9c H14RA\H14RA.o
                0x08010b30                DisableStandbyModeWakeupPinx
 .text.SaveTopologyToRO
                0x08010bcc      0x1bc H14RA\H14RA.o
                0x08010bcc                SaveTopologyToRO
 .text.SaveSnippetsToRO
                0x08010d88      0x1f4 H14RA\H14RA.o
                0x08010d88                SaveSnippetsToRO
 .text.ClearROtopology
                0x08010f7c       0x38 H14RA\H14RA.o
                0x08010f7c                ClearROtopology
 .text.RemoteBootloaderUpdate
                0x08010fb4      0x178 H14RA\H14RA.o
                0x08010fb4                RemoteBootloaderUpdate
 .text.SetupPortForRemoteBootloaderUpdate
                0x0801112c       0x52 H14RA\H14RA.o
                0x0801112c                SetupPortForRemoteBootloaderUpdate
 *fill*         0x0801117e        0x2 
 .text.Module_Peripheral_Init
                0x08011180      0x174 H14RA\H14RA.o
                0x08011180                Module_Peripheral_Init
 .text.Module_MessagingTask
                0x080112f4       0x4e H14RA\H14RA.o
                0x080112f4                Module_MessagingTask
 *fill*         0x08011342        0x2 
 .text.GetPort  0x08011344       0x80 H14RA\H14RA.o
                0x08011344                GetPort
 .text.RegisterModuleCLICommands
                0x080113c4       0x3c H14RA\H14RA.o
                0x080113c4                RegisterModuleCLICommands
 .text.GetModuleParameter
                0x08011400       0x2a H14RA\H14RA.o
                0x08011400                GetModuleParameter
 .text.RemapValue
                0x0801142a       0x68 H14RA\H14RA.o
                0x0801142a                RemapValue
 *fill*         0x08011492        0x2 
 .text.escTurnOnMotor
                0x08011494       0xa4 H14RA\H14RA.o
                0x08011494                escTurnOnMotor
 .text.escTurnOffMotor
                0x08011538       0x98 H14RA\H14RA.o
                0x08011538                escTurnOffMotor
 .text.escSetSpeedMotor
                0x080115d0       0xcc H14RA\H14RA.o
                0x080115d0                escSetSpeedMotor
 .text.pwmGenerate
                0x0801169c      0x26c H14RA\H14RA.o
                0x0801169c                pwmGenerate
 .text.escTurnOnMotorCommand
                0x08011908      0x13c H14RA\H14RA.o
                0x08011908                escTurnOnMotorCommand
 .text.escTurnOffMotorCommand
                0x08011a44      0x13c H14RA\H14RA.o
                0x08011a44                escTurnOffMotorCommand
 .text.escSetSpeedMotorCommand
                0x08011b80      0x194 H14RA\H14RA.o
                0x08011b80                escSetSpeedMotorCommand
 .text.pwmGenerateCommand
                0x08011d14      0x1dc H14RA\H14RA.o
                0x08011d14                pwmGenerateCommand
 .text.DMA_Init
                0x08011ef0       0x74 H14RA\H14RA_dma.o
                0x08011ef0                DMA_Init
 .text.SetupMessagingRxDMAs
                0x08011f64      0x11c H14RA\H14RA_dma.o
                0x08011f64                SetupMessagingRxDMAs
 .text.DMA_MSG_RX_Setup
                0x08012080       0x68 H14RA\H14RA_dma.o
                0x08012080                DMA_MSG_RX_Setup
 .text.DMA_STREAM_Setup
                0x080120e8       0xf0 H14RA\H14RA_dma.o
                0x080120e8                DMA_STREAM_Setup
 .text.StopDMA  0x080121d8       0x98 H14RA\H14RA_dma.o
                0x080121d8                StopDMA
 .text.SwitchMsgDMAToStream
                0x08012270       0x52 H14RA\H14RA_dma.o
                0x08012270                SwitchMsgDMAToStream
 *fill*         0x080122c2        0x2 
 .text.SwitchStreamDMAToMsg
                0x080122c4       0xc8 H14RA\H14RA_dma.o
                0x080122c4                SwitchStreamDMAToMsg
 .text.CRC_Init
                0x0801238c       0x44 H14RA\H14RA_dma.o
                0x0801238c                CRC_Init
 .text.HAL_CRC_MspInit
                0x080123d0       0x30 H14RA\H14RA_dma.o
                0x080123d0                HAL_CRC_MspInit
 .text.CalculateCRC8
                0x08012400      0x154 H14RA\H14RA_dma.o
                0x08012400                CalculateCRC8
 .text.__NVIC_SystemReset
                0x08012554       0x24 H14RA\H14RA_eeprom.o
 .text.EE_Init  0x08012578       0x56 H14RA\H14RA_eeprom.o
                0x08012578                EE_Init
 .text.EE_ReadVariable
                0x080125ce       0x42 H14RA\H14RA_eeprom.o
                0x080125ce                EE_ReadVariable
 .text.EE_WriteVariable
                0x08012610       0x72 H14RA\H14RA_eeprom.o
                0x08012610                EE_WriteVariable
 .text.EE_Format
                0x08012682       0x3a H14RA\H14RA_eeprom.o
                0x08012682                EE_Format
 .text.EE_FormatForFactoryReset
                0x080126bc       0x2c H14RA\H14RA_eeprom.o
                0x080126bc                EE_FormatForFactoryReset
 .text.GPIO_Init
                0x080126e8       0x90 H14RA\H14RA_gpio.o
                0x080126e8                GPIO_Init
 .text.IND_LED_Init
                0x08012778       0x38 H14RA\H14RA_gpio.o
                0x08012778                IND_LED_Init
 .text.IsFactoryReset
                0x080127b0      0x15c H14RA\H14RA_gpio.o
                0x080127b0                IsFactoryReset
 .text.GetPortGPIOs
                0x0801290c      0x144 H14RA\H14RA_gpio.o
                0x0801290c                GetPortGPIOs
 .text.MX_ADC_Init
                0x08012a50       0x88 H14RA\H14RA_inputs.o
                0x08012a50                MX_ADC_Init
 .text.HAL_ADC_MspInit
                0x08012ad8       0xa8 H14RA\H14RA_inputs.o
                0x08012ad8                HAL_ADC_MspInit
 .text.Error_Handler
                0x08012b80       0x10 H14RA\H14RA_inputs.o
                0x08012b80                Error_Handler
 .text.GetChannel
                0x08012b90       0xa8 H14RA\H14RA_inputs.o
                0x08012b90                GetChannel
 .text.GetRank  0x08012c38       0xa4 H14RA\H14RA_inputs.o
                0x08012c38                GetRank
 .text.CheckAttachedButtons
                0x08012cdc      0x580 H14RA\H14RA_inputs.o
                0x08012cdc                CheckAttachedButtons
 .text.AddPortButton
                0x0801325c      0x270 H14RA\H14RA_inputs.o
                0x0801325c                AddPortButton
 .text.RemovePortButton
                0x080134cc      0x19c H14RA\H14RA_inputs.o
                0x080134cc                RemovePortButton
 .text.SetButtonEvents
                0x08013668      0x174 H14RA\H14RA_inputs.o
                0x08013668                SetButtonEvents
 .text.ADCSelectPort
                0x080137dc       0x8c H14RA\H14RA_inputs.o
                0x080137dc                ADCSelectPort
 .text.ReadADCChannel
                0x08013868      0x154 H14RA\H14RA_inputs.o
                0x08013868                ReadADCChannel
 .text.ReadTempAndVref
                0x080139bc      0x1d0 H14RA\H14RA_inputs.o
                0x080139bc                ReadTempAndVref
 .text.GetReadPercentage
                0x08013b8c       0x7c H14RA\H14RA_inputs.o
                0x08013b8c                GetReadPercentage
 .text.buttonReleasedCallback
                0x08013c08       0x14 H14RA\H14RA_inputs.o
                0x08013c08                buttonReleasedCallback
 .text.buttonClickedCallback
                0x08013c1c       0x14 H14RA\H14RA_inputs.o
                0x08013c1c                buttonClickedCallback
 .text.buttonDblClickedCallback
                0x08013c30       0x14 H14RA\H14RA_inputs.o
                0x08013c30                buttonDblClickedCallback
 .text.__NVIC_SystemReset
                0x08013c44       0x24 H14RA\H14RA_it.o
 .text.SysTick_Handler
                0x08013c68       0x12 H14RA\H14RA_it.o
                0x08013c68                SysTick_Handler
 *fill*         0x08013c7a        0x2 
 .text.HardFault_Handler
                0x08013c7c       0x40 H14RA\H14RA_it.o
                0x08013c7c                HardFault_Handler
 .text.HAL_UARTEx_RxEventCallback
                0x08013cbc       0x74 H14RA\H14RA_it.o
                0x08013cbc                HAL_UARTEx_RxEventCallback
 .text.USART1_IRQHandler
                0x08013d30       0xac H14RA\H14RA_it.o
                0x08013d30                USART1_IRQHandler
 .text.USART2_LPUART2_IRQHandler
                0x08013ddc       0xac H14RA\H14RA_it.o
                0x08013ddc                USART2_LPUART2_IRQHandler
 .text.USART3_4_5_6_LPUART1_IRQHandler
                0x08013e88      0x254 H14RA\H14RA_it.o
                0x08013e88                USART3_4_5_6_LPUART1_IRQHandler
 .text.DMA1_Channel1_IRQHandler
                0x080140dc       0x20 H14RA\H14RA_it.o
                0x080140dc                DMA1_Channel1_IRQHandler
 .text.DMA1_Channel2_3_IRQHandler
                0x080140fc       0x54 H14RA\H14RA_it.o
                0x080140fc                DMA1_Channel2_3_IRQHandler
 .text.DMA1_Ch4_7_DMA2_Ch1_5_DMAMUX1_OVR_IRQHandler
                0x08014150       0x80 H14RA\H14RA_it.o
                0x08014150                DMA1_Ch4_7_DMA2_Ch1_5_DMAMUX1_OVR_IRQHandler
 .text.HAL_UART_TxCpltCallback
                0x080141d0       0x38 H14RA\H14RA_it.o
                0x080141d0                HAL_UART_TxCpltCallback
 .text.HAL_UART_ErrorCallback
                0x08014208       0xd4 H14RA\H14RA_it.o
                0x08014208                HAL_UART_ErrorCallback
 .text.HAL_UART_RxCpltCallback
                0x080142dc       0x10 H14RA\H14RA_it.o
                0x080142dc                HAL_UART_RxCpltCallback
 .text.HAL_UARTEx_WakeupCallback
                0x080142ec       0x5c H14RA\H14RA_it.o
                0x080142ec                HAL_UARTEx_WakeupCallback
 .text.vApplicationStackOverflowHook
                0x08014348       0x44 H14RA\H14RA_it.o
                0x08014348                vApplicationStackOverflowHook
 .text.vApplicationMallocFailedHook
                0x0801438c       0x40 H14RA\H14RA_it.o
                0x0801438c                vApplicationMallocFailedHook
 .text.RTC_Init
                0x080143cc       0xd8 H14RA\H14RA_rtc.o
                0x080143cc                RTC_Init
 .text.RTC_CalendarConfig
                0x080144a4      0x18c H14RA\H14RA_rtc.o
                0x080144a4                RTC_CalendarConfig
 .text.BOS_CalendarConfig
                0x08014630      0x194 H14RA\H14RA_rtc.o
                0x08014630                BOS_CalendarConfig
 .text.GetTimeDate
                0x080147c4       0x90 H14RA\H14RA_rtc.o
                0x080147c4                GetTimeDate
 .text.HAL_RTC_MspInit
                0x08014854       0x74 H14RA\H14RA_rtc.o
                0x08014854                HAL_RTC_MspInit
 .text.HAL_RTC_MspDeInit
                0x080148c8       0x44 H14RA\H14RA_rtc.o
                0x080148c8                HAL_RTC_MspDeInit
 .text.TIM_USEC_Init
                0x0801490c       0x74 H14RA\H14RA_timers.o
                0x0801490c                TIM_USEC_Init
 .text.TIM_MSEC_Init
                0x08014980       0x78 H14RA\H14RA_timers.o
                0x08014980                TIM_MSEC_Init
 .text.MX_TIM1_Init
                0x080149f8      0x15c H14RA\H14RA_timers.o
                0x080149f8                MX_TIM1_Init
 .text.MX_TIM2_Init
                0x08014b54       0xd4 H14RA\H14RA_timers.o
                0x08014b54                MX_TIM2_Init
 .text.MX_TIM3_Init
                0x08014c28       0xe0 H14RA\H14RA_timers.o
                0x08014c28                MX_TIM3_Init
 .text.MX_TIM4_Init
                0x08014d08       0xd4 H14RA\H14RA_timers.o
                0x08014d08                MX_TIM4_Init
 .text.MX_TIM15_Init
                0x08014ddc      0x13c H14RA\H14RA_timers.o
                0x08014ddc                MX_TIM15_Init
 .text.HAL_TIM_Base_MspInit
                0x08014f18      0x120 H14RA\H14RA_timers.o
                0x08014f18                HAL_TIM_Base_MspInit
 .text.HAL_TIM_MspPostInit
                0x08015038      0x1d4 H14RA\H14RA_timers.o
                0x08015038                HAL_TIM_MspPostInit
 .text.StartMicroDelay
                0x0801520c       0x48 H14RA\H14RA_timers.o
                0x0801520c                StartMicroDelay
 .text.StartMilliDelay
                0x08015254       0x48 H14RA\H14RA_timers.o
                0x08015254                StartMilliDelay
 .text.MX_USART1_UART_Init
                0x0801529c       0x7c H14RA\H14RA_uart.o
                0x0801529c                MX_USART1_UART_Init
 .text.MX_USART2_UART_Init
                0x08015318       0x7c H14RA\H14RA_uart.o
                0x08015318                MX_USART2_UART_Init
 .text.MX_USART3_UART_Init
                0x08015394       0x7c H14RA\H14RA_uart.o
                0x08015394                MX_USART3_UART_Init
 .text.MX_USART4_UART_Init
                0x08015410       0x60 H14RA\H14RA_uart.o
                0x08015410                MX_USART4_UART_Init
 .text.MX_USART5_UART_Init
                0x08015470       0x60 H14RA\H14RA_uart.o
                0x08015470                MX_USART5_UART_Init
 .text.MX_USART6_UART_Init
                0x080154d0       0x60 H14RA\H14RA_uart.o
                0x080154d0                MX_USART6_UART_Init
 .text.HAL_UART_MspInit
                0x08015530      0x5b0 H14RA\H14RA_uart.o
                0x08015530                HAL_UART_MspInit
 .text.writePxMutex
                0x08015ae0       0xac H14RA\H14RA_uart.o
                0x08015ae0                writePxMutex
 .text.writePxITMutex
                0x08015b8c       0x80 H14RA\H14RA_uart.o
                0x08015b8c                writePxITMutex
 .text.UpdateBaudrate
                0x08015c0c       0x3e H14RA\H14RA_uart.o
                0x08015c0c                UpdateBaudrate
 *fill*         0x08015c4a        0x2 
 .text.GetUart  0x08015c4c       0x5c H14RA\H14RA_uart.o
                0x08015c4c                GetUart
 .text.SwapUartPins
                0x08015ca8      0x118 H14RA\H14RA_uart.o
                0x08015ca8                SwapUartPins
 .text.ReadPortsDir
                0x08015dc0       0xa8 H14RA\H14RA_uart.o
                0x08015dc0                ReadPortsDir
 .text.ReadPortsDirMSG
                0x08015e68       0x80 H14RA\H14RA_uart.o
                0x08015e68                ReadPortsDirMSG
 .text.UpdateMyPortsDir
                0x08015ee8       0x84 H14RA\H14RA_uart.o
                0x08015ee8                UpdateMyPortsDir
 .text.Reset_Handler
                0x08015f6c       0x90 H14RA\startup_stm32g0b1ceuxn.o
                0x08015f6c                Reset_Handler
 .text.Default_Handler
                0x08015ffc        0x2 H14RA\startup_stm32g0b1ceuxn.o
                0x08015ffc                I2C2_3_IRQHandler
                0x08015ffc                TIM1_CC_IRQHandler
                0x08015ffc                ADC1_COMP_IRQHandler
                0x08015ffc                NMI_Handler
                0x08015ffc                I2C1_IRQHandler
                0x08015ffc                TIM7_LPTIM2_IRQHandler
                0x08015ffc                TIM17_FDCAN_IT1_IRQHandler
                0x08015ffc                RCC_CRS_IRQHandler
                0x08015ffc                RTC_TAMP_IRQHandler
                0x08015ffc                SPI1_IRQHandler
                0x08015ffc                USB_UCPD1_2_IRQHandler
                0x08015ffc                EXTI2_3_IRQHandler
                0x08015ffc                PVD_VDDIO2_IRQHandler
                0x08015ffc                EXTI4_15_IRQHandler
                0x08015ffc                Default_Handler
                0x08015ffc                CEC_IRQHandler
                0x08015ffc                TIM14_IRQHandler
                0x08015ffc                TIM15_IRQHandler
                0x08015ffc                TIM3_TIM4_IRQHandler
                0x08015ffc                EXTI0_1_IRQHandler
                0x08015ffc                SPI2_3_IRQHandler
                0x08015ffc                TIM6_DAC_LPTIM1_IRQHandler
                0x08015ffc                WWDG_IRQHandler
                0x08015ffc                TIM2_IRQHandler
                0x08015ffc                FLASH_IRQHandler
                0x08015ffc                TIM16_FDCAN_IT0_IRQHandler
                0x08015ffc                TIM1_BRK_UP_TRG_COM_IRQHandler
 .text.SystemInit
                0x08015ffe        0xa Thirdparty\CMSIS\STM32G0xx\Device\ST\STM32G0xx\Source\Templates\system_stm32g0xx.o
                0x08015ffe                SystemInit
 .text.LL_CRC_ResetCRCCalculationUnit
                0x08016008       0x1c Thirdparty\EEPROM_Emul\Core\eeprom_emul.o
 .text.LL_CRC_SetPolynomialSize
                0x08016024       0x24 Thirdparty\EEPROM_Emul\Core\eeprom_emul.o
 .text.LL_CRC_SetPolynomialCoef
                0x08016048       0x18 Thirdparty\EEPROM_Emul\Core\eeprom_emul.o
 .text.LL_CRC_FeedData32
                0x08016060       0x18 Thirdparty\EEPROM_Emul\Core\eeprom_emul.o
 .text.LL_CRC_FeedData16
                0x08016078       0x22 Thirdparty\EEPROM_Emul\Core\eeprom_emul.o
 .text.LL_CRC_ReadData16
                0x0801609a       0x16 Thirdparty\EEPROM_Emul\Core\eeprom_emul.o
 .text.LL_AHB1_GRP1_EnableClock
                0x080160b0       0x2c Thirdparty\EEPROM_Emul\Core\eeprom_emul.o
 .text.EEPROM_Init
                0x080160dc     0x1874 Thirdparty\EEPROM_Emul\Core\eeprom_emul.o
                0x080160dc                EEPROM_Init
 .text.EEPROM_Format
                0x08017950      0x2a8 Thirdparty\EEPROM_Emul\Core\eeprom_emul.o
                0x08017950                EEPROM_Format
 .text.EE_ReadVariable16bits
                0x08017bf8       0x60 Thirdparty\EEPROM_Emul\Core\eeprom_emul.o
                0x08017bf8                EE_ReadVariable16bits
 .text.EE_WriteVariable16bits
                0x08017c58       0x48 Thirdparty\EEPROM_Emul\Core\eeprom_emul.o
                0x08017c58                EE_WriteVariable16bits
 .text.EE_CleanUp
                0x08017ca0      0x2a4 Thirdparty\EEPROM_Emul\Core\eeprom_emul.o
                0x08017ca0                EE_CleanUp
 .text.ReadVariable
                0x08017f44      0x340 Thirdparty\EEPROM_Emul\Core\eeprom_emul.o
 .text.WriteVariable
                0x08018284       0x52 Thirdparty\EEPROM_Emul\Core\eeprom_emul.o
 .text.VerifyPageFullyErased
                0x080182d6       0x4e Thirdparty\EEPROM_Emul\Core\eeprom_emul.o
 .text.FindPage
                0x08018324      0x444 Thirdparty\EEPROM_Emul\Core\eeprom_emul.o
 .text.PagesTransfer
                0x08018768      0x8ec Thirdparty\EEPROM_Emul\Core\eeprom_emul.o
 .text.VerifyPagesFullWriteVariable
                0x08019054      0x1ac Thirdparty\EEPROM_Emul\Core\eeprom_emul.o
 .text.SetPageState
                0x08019200      0x364 Thirdparty\EEPROM_Emul\Core\eeprom_emul.o
 .text.GetPageState
                0x08019564       0xa0 Thirdparty\EEPROM_Emul\Core\eeprom_emul.o
 .text.ConfigureCrc
                0x08019604       0x34 Thirdparty\EEPROM_Emul\Core\eeprom_emul.o
                0x08019604                ConfigureCrc
 .text.CalculateCrc
                0x08019638       0x48 Thirdparty\EEPROM_Emul\Core\eeprom_emul.o
                0x08019638                CalculateCrc
 .text.FI_WriteDoubleWord
                0x08019680       0x22 Thirdparty\EEPROM_Emul\Porting\STM32G0\flash_interface.o
                0x08019680                FI_WriteDoubleWord
 *fill*         0x080196a2        0x2 
 .text.FI_PageErase
                0x080196a4      0x120 Thirdparty\EEPROM_Emul\Porting\STM32G0\flash_interface.o
                0x080196a4                FI_PageErase
 .text.FI_CacheFlush
                0x080197c4        0xa Thirdparty\EEPROM_Emul\Porting\STM32G0\flash_interface.o
                0x080197c4                FI_CacheFlush
 *fill*         0x080197ce        0x2 
 .text.GetBankNumber
                0x080197d0       0x90 Thirdparty\EEPROM_Emul\Porting\STM32G0\flash_interface.o
 .text.FI_CheckBankConfig
                0x08019860       0x18 Thirdparty\EEPROM_Emul\Porting\STM32G0\flash_interface.o
                0x08019860                FI_CheckBankConfig
 .text.inHandlerMode
                0x08019878       0x1c Thirdparty\Middleware\STM32G0xx\FreeRTOS\Source\CMSIS_RTOS\cmsis_os.o
 .text.osKernelStart
                0x08019894       0x10 Thirdparty\Middleware\STM32G0xx\FreeRTOS\Source\CMSIS_RTOS\cmsis_os.o
                0x08019894                osKernelStart
 .text.osDelay  0x080198a4       0x28 Thirdparty\Middleware\STM32G0xx\FreeRTOS\Source\CMSIS_RTOS\cmsis_os.o
                0x080198a4                osDelay
 .text.osSemaphoreCreate
                0x080198cc       0x4a Thirdparty\Middleware\STM32G0xx\FreeRTOS\Source\CMSIS_RTOS\cmsis_os.o
                0x080198cc                osSemaphoreCreate
 *fill*         0x08019916        0x2 
 .text.osSemaphoreWait
                0x08019918       0x94 Thirdparty\Middleware\STM32G0xx\FreeRTOS\Source\CMSIS_RTOS\cmsis_os.o
                0x08019918                osSemaphoreWait
 .text.osSemaphoreRelease
                0x080199ac       0x64 Thirdparty\Middleware\STM32G0xx\FreeRTOS\Source\CMSIS_RTOS\cmsis_os.o
                0x080199ac                osSemaphoreRelease
 .text.osSystickHandler
                0x08019a10       0x18 Thirdparty\Middleware\STM32G0xx\FreeRTOS\Source\CMSIS_RTOS\cmsis_os.o
                0x08019a10                osSystickHandler
 .text.FreeRTOS_CLIRegisterCommand
                0x08019a28       0x50 Thirdparty\Middleware\STM32G0xx\FreeRTOS\Source\FreeRTOS_CLI.o
                0x08019a28                FreeRTOS_CLIRegisterCommand
 .text.FreeRTOS_CLIProcessCommand
                0x08019a78      0x11c Thirdparty\Middleware\STM32G0xx\FreeRTOS\Source\FreeRTOS_CLI.o
                0x08019a78                FreeRTOS_CLIProcessCommand
 .text.FreeRTOS_CLIGetOutputBuffer
                0x08019b94       0x10 Thirdparty\Middleware\STM32G0xx\FreeRTOS\Source\FreeRTOS_CLI.o
                0x08019b94                FreeRTOS_CLIGetOutputBuffer
 .text.FreeRTOS_CLIGetParameter
                0x08019ba4       0xbc Thirdparty\Middleware\STM32G0xx\FreeRTOS\Source\FreeRTOS_CLI.o
                0x08019ba4                FreeRTOS_CLIGetParameter
 .text.prvHelpCommand
                0x08019c60      0x154 Thirdparty\Middleware\STM32G0xx\FreeRTOS\Source\FreeRTOS_CLI.o
 .text.prvGetNumberOfParameters
                0x08019db4       0x7a Thirdparty\Middleware\STM32G0xx\FreeRTOS\Source\FreeRTOS_CLI.o
 .text.vListInitialise
                0x08019e2e       0x3c Thirdparty\Middleware\STM32G0xx\FreeRTOS\Source\list.o
                0x08019e2e                vListInitialise
 .text.vListInitialiseItem
                0x08019e6a       0x16 Thirdparty\Middleware\STM32G0xx\FreeRTOS\Source\list.o
                0x08019e6a                vListInitialiseItem
 .text.vListInsertEnd
                0x08019e80       0x44 Thirdparty\Middleware\STM32G0xx\FreeRTOS\Source\list.o
                0x08019e80                vListInsertEnd
 .text.vListInsert
                0x08019ec4       0x6c Thirdparty\Middleware\STM32G0xx\FreeRTOS\Source\list.o
                0x08019ec4                vListInsert
 .text.uxListRemove
                0x08019f30       0x50 Thirdparty\Middleware\STM32G0xx\FreeRTOS\Source\list.o
                0x08019f30                uxListRemove
 .text.pxPortInitialiseStack
                0x08019f80       0x54 Thirdparty\Middleware\STM32G0xx\FreeRTOS\Source\portable\GCC\ARM_CM0\port.o
                0x08019f80                pxPortInitialiseStack
 .text.prvTaskExitError
                0x08019fd4       0x1e Thirdparty\Middleware\STM32G0xx\FreeRTOS\Source\portable\GCC\ARM_CM0\port.o
 .text.SVC_Handler
                0x08019ff2        0xa Thirdparty\Middleware\STM32G0xx\FreeRTOS\Source\portable\GCC\ARM_CM0\port.o
                0x08019ff2                SVC_Handler
 *fill*         0x08019ffc        0x4 
 .text.vPortStartFirstTask
                0x0801a000       0x38 Thirdparty\Middleware\STM32G0xx\FreeRTOS\Source\portable\GCC\ARM_CM0\port.o
 .text.xPortStartScheduler
                0x0801a038       0x48 Thirdparty\Middleware\STM32G0xx\FreeRTOS\Source\portable\GCC\ARM_CM0\port.o
                0x0801a038                xPortStartScheduler
 .text.vPortYield
                0x0801a080       0x20 Thirdparty\Middleware\STM32G0xx\FreeRTOS\Source\portable\GCC\ARM_CM0\port.o
                0x0801a080                vPortYield
 .text.vPortEnterCritical
                0x0801a0a0       0x24 Thirdparty\Middleware\STM32G0xx\FreeRTOS\Source\portable\GCC\ARM_CM0\port.o
                0x0801a0a0                vPortEnterCritical
 .text.vPortExitCritical
                0x0801a0c4       0x24 Thirdparty\Middleware\STM32G0xx\FreeRTOS\Source\portable\GCC\ARM_CM0\port.o
                0x0801a0c4                vPortExitCritical
 .text.ulSetInterruptMaskFromISR
                0x0801a0e8        0xc Thirdparty\Middleware\STM32G0xx\FreeRTOS\Source\portable\GCC\ARM_CM0\port.o
                0x0801a0e8                ulSetInterruptMaskFromISR
 .text.vClearInterruptMaskFromISR
                0x0801a0f4        0x8 Thirdparty\Middleware\STM32G0xx\FreeRTOS\Source\portable\GCC\ARM_CM0\port.o
                0x0801a0f4                vClearInterruptMaskFromISR
 *fill*         0x0801a0fc        0x4 
 .text.PendSV_Handler
                0x0801a100       0x48 Thirdparty\Middleware\STM32G0xx\FreeRTOS\Source\portable\GCC\ARM_CM0\port.o
                0x0801a100                PendSV_Handler
 .text.xPortSysTickHandler
                0x0801a148       0x34 Thirdparty\Middleware\STM32G0xx\FreeRTOS\Source\portable\GCC\ARM_CM0\port.o
                0x0801a148                xPortSysTickHandler
 .text.vPortSetupTimerInterrupt
                0x0801a17c       0x44 Thirdparty\Middleware\STM32G0xx\FreeRTOS\Source\portable\GCC\ARM_CM0\port.o
                0x0801a17c                vPortSetupTimerInterrupt
 .text.pvPortMalloc
                0x0801a1c0      0x140 Thirdparty\Middleware\STM32G0xx\FreeRTOS\Source\portable\MemMang\heap_4.o
                0x0801a1c0                pvPortMalloc
 .text.vPortFree
                0x0801a300       0x80 Thirdparty\Middleware\STM32G0xx\FreeRTOS\Source\portable\MemMang\heap_4.o
                0x0801a300                vPortFree
 .text.prvHeapInit
                0x0801a380       0xc0 Thirdparty\Middleware\STM32G0xx\FreeRTOS\Source\portable\MemMang\heap_4.o
 .text.prvInsertBlockIntoFreeList
                0x0801a440       0xb0 Thirdparty\Middleware\STM32G0xx\FreeRTOS\Source\portable\MemMang\heap_4.o
 .text.xQueueGenericReset
                0x0801a4f0       0x9e Thirdparty\Middleware\STM32G0xx\FreeRTOS\Source\queue.o
                0x0801a4f0                xQueueGenericReset
 .text.xQueueGenericCreate
                0x0801a58e       0x52 Thirdparty\Middleware\STM32G0xx\FreeRTOS\Source\queue.o
                0x0801a58e                xQueueGenericCreate
 .text.prvInitialiseNewQueue
                0x0801a5e0       0x4e Thirdparty\Middleware\STM32G0xx\FreeRTOS\Source\queue.o
 .text.xQueueCreateCountingSemaphore
                0x0801a62e       0x30 Thirdparty\Middleware\STM32G0xx\FreeRTOS\Source\queue.o
                0x0801a62e                xQueueCreateCountingSemaphore
 .text.xQueueGenericSend
                0x0801a65e      0x12a Thirdparty\Middleware\STM32G0xx\FreeRTOS\Source\queue.o
                0x0801a65e                xQueueGenericSend
 .text.xQueueGenericSendFromISR
                0x0801a788       0xa6 Thirdparty\Middleware\STM32G0xx\FreeRTOS\Source\queue.o
                0x0801a788                xQueueGenericSendFromISR
 .text.xQueueGiveFromISR
                0x0801a82e       0x96 Thirdparty\Middleware\STM32G0xx\FreeRTOS\Source\queue.o
                0x0801a82e                xQueueGiveFromISR
 .text.xQueueReceive
                0x0801a8c4      0x128 Thirdparty\Middleware\STM32G0xx\FreeRTOS\Source\queue.o
                0x0801a8c4                xQueueReceive
 .text.xQueueSemaphoreTake
                0x0801a9ec      0x178 Thirdparty\Middleware\STM32G0xx\FreeRTOS\Source\queue.o
                0x0801a9ec                xQueueSemaphoreTake
 .text.xQueueReceiveFromISR
                0x0801ab64       0xa0 Thirdparty\Middleware\STM32G0xx\FreeRTOS\Source\queue.o
                0x0801ab64                xQueueReceiveFromISR
 .text.prvGetDisinheritPriorityAfterTimeout
                0x0801ac04       0x2c Thirdparty\Middleware\STM32G0xx\FreeRTOS\Source\queue.o
 .text.prvCopyDataToQueue
                0x0801ac30       0xd6 Thirdparty\Middleware\STM32G0xx\FreeRTOS\Source\queue.o
 .text.prvCopyDataFromQueue
                0x0801ad06       0x4c Thirdparty\Middleware\STM32G0xx\FreeRTOS\Source\queue.o
 .text.prvUnlockQueue
                0x0801ad52       0xbc Thirdparty\Middleware\STM32G0xx\FreeRTOS\Source\queue.o
 .text.prvIsQueueEmpty
                0x0801ae0e       0x2c Thirdparty\Middleware\STM32G0xx\FreeRTOS\Source\queue.o
 .text.prvIsQueueFull
                0x0801ae3a       0x30 Thirdparty\Middleware\STM32G0xx\FreeRTOS\Source\queue.o
 *fill*         0x0801ae6a        0x2 
 .text.vQueueAddToRegistry
                0x0801ae6c       0x50 Thirdparty\Middleware\STM32G0xx\FreeRTOS\Source\queue.o
                0x0801ae6c                vQueueAddToRegistry
 .text.vQueueWaitForMessageRestricted
                0x0801aebc       0x66 Thirdparty\Middleware\STM32G0xx\FreeRTOS\Source\queue.o
                0x0801aebc                vQueueWaitForMessageRestricted
 .text.xTaskCreate
                0x0801af22       0x90 Thirdparty\Middleware\STM32G0xx\FreeRTOS\Source\tasks.o
                0x0801af22                xTaskCreate
 *fill*         0x0801afb2        0x2 
 .text.prvInitialiseNewTask
                0x0801afb4      0x10c Thirdparty\Middleware\STM32G0xx\FreeRTOS\Source\tasks.o
 .text.prvAddNewTaskToReadyList
                0x0801b0c0       0xd0 Thirdparty\Middleware\STM32G0xx\FreeRTOS\Source\tasks.o
 .text.vTaskDelay
                0x0801b190       0x3a Thirdparty\Middleware\STM32G0xx\FreeRTOS\Source\tasks.o
                0x0801b190                vTaskDelay
 *fill*         0x0801b1ca        0x2 
 .text.eTaskGetState
                0x0801b1cc       0xd0 Thirdparty\Middleware\STM32G0xx\FreeRTOS\Source\tasks.o
                0x0801b1cc                eTaskGetState
 .text.uxTaskPriorityGet
                0x0801b29c       0x34 Thirdparty\Middleware\STM32G0xx\FreeRTOS\Source\tasks.o
                0x0801b29c                uxTaskPriorityGet
 .text.vTaskPrioritySet
                0x0801b2d0      0x110 Thirdparty\Middleware\STM32G0xx\FreeRTOS\Source\tasks.o
                0x0801b2d0                vTaskPrioritySet
 .text.vTaskStartScheduler
                0x0801b3e0       0x74 Thirdparty\Middleware\STM32G0xx\FreeRTOS\Source\tasks.o
                0x0801b3e0                vTaskStartScheduler
 .text.vTaskSuspendAll
                0x0801b454       0x18 Thirdparty\Middleware\STM32G0xx\FreeRTOS\Source\tasks.o
                0x0801b454                vTaskSuspendAll
 .text.xTaskResumeAll
                0x0801b46c      0x10c Thirdparty\Middleware\STM32G0xx\FreeRTOS\Source\tasks.o
                0x0801b46c                xTaskResumeAll
 .text.xTaskGetTickCount
                0x0801b578       0x1c Thirdparty\Middleware\STM32G0xx\FreeRTOS\Source\tasks.o
                0x0801b578                xTaskGetTickCount
 .text.xTaskGetTickCountFromISR
                0x0801b594       0x20 Thirdparty\Middleware\STM32G0xx\FreeRTOS\Source\tasks.o
                0x0801b594                xTaskGetTickCountFromISR
 .text.uxTaskGetSystemState
                0x0801b5b4      0x120 Thirdparty\Middleware\STM32G0xx\FreeRTOS\Source\tasks.o
                0x0801b5b4                uxTaskGetSystemState
 .text.xTaskIncrementTick
                0x0801b6d4      0x150 Thirdparty\Middleware\STM32G0xx\FreeRTOS\Source\tasks.o
                0x0801b6d4                xTaskIncrementTick
 .text.vTaskSwitchContext
                0x0801b824      0x124 Thirdparty\Middleware\STM32G0xx\FreeRTOS\Source\tasks.o
                0x0801b824                vTaskSwitchContext
 .text.vTaskPlaceOnEventList
                0x0801b948       0x34 Thirdparty\Middleware\STM32G0xx\FreeRTOS\Source\tasks.o
                0x0801b948                vTaskPlaceOnEventList
 .text.vTaskPlaceOnEventListRestricted
                0x0801b97c       0x44 Thirdparty\Middleware\STM32G0xx\FreeRTOS\Source\tasks.o
                0x0801b97c                vTaskPlaceOnEventListRestricted
 .text.xTaskRemoveFromEventList
                0x0801b9c0       0xb0 Thirdparty\Middleware\STM32G0xx\FreeRTOS\Source\tasks.o
                0x0801b9c0                xTaskRemoveFromEventList
 .text.vTaskInternalSetTimeOutState
                0x0801ba70       0x28 Thirdparty\Middleware\STM32G0xx\FreeRTOS\Source\tasks.o
                0x0801ba70                vTaskInternalSetTimeOutState
 .text.xTaskCheckForTimeOut
                0x0801ba98       0x8c Thirdparty\Middleware\STM32G0xx\FreeRTOS\Source\tasks.o
                0x0801ba98                xTaskCheckForTimeOut
 .text.vTaskMissedYield
                0x0801bb24       0x14 Thirdparty\Middleware\STM32G0xx\FreeRTOS\Source\tasks.o
                0x0801bb24                vTaskMissedYield
 .text.prvIdleTask
                0x0801bb38       0x20 Thirdparty\Middleware\STM32G0xx\FreeRTOS\Source\tasks.o
 .text.prvInitialiseTaskLists
                0x0801bb58       0x88 Thirdparty\Middleware\STM32G0xx\FreeRTOS\Source\tasks.o
 .text.prvCheckTasksWaitingTermination
                0x0801bbe0       0x5c Thirdparty\Middleware\STM32G0xx\FreeRTOS\Source\tasks.o
 .text.vTaskGetInfo
                0x0801bc3c       0xd8 Thirdparty\Middleware\STM32G0xx\FreeRTOS\Source\tasks.o
                0x0801bc3c                vTaskGetInfo
 .text.prvListTasksWithinSingleList
                0x0801bd14       0xa6 Thirdparty\Middleware\STM32G0xx\FreeRTOS\Source\tasks.o
 .text.prvTaskCheckFreeStackSpace
                0x0801bdba       0x34 Thirdparty\Middleware\STM32G0xx\FreeRTOS\Source\tasks.o
 .text.prvDeleteTCB
                0x0801bdee       0x22 Thirdparty\Middleware\STM32G0xx\FreeRTOS\Source\tasks.o
 .text.prvResetNextTaskUnblockTime
                0x0801be10       0x3c Thirdparty\Middleware\STM32G0xx\FreeRTOS\Source\tasks.o
 .text.xTaskGetSchedulerState
                0x0801be4c       0x38 Thirdparty\Middleware\STM32G0xx\FreeRTOS\Source\tasks.o
                0x0801be4c                xTaskGetSchedulerState
 .text.xTaskPriorityInherit
                0x0801be84       0xd0 Thirdparty\Middleware\STM32G0xx\FreeRTOS\Source\tasks.o
                0x0801be84                xTaskPriorityInherit
 .text.xTaskPriorityDisinherit
                0x0801bf54       0x98 Thirdparty\Middleware\STM32G0xx\FreeRTOS\Source\tasks.o
                0x0801bf54                xTaskPriorityDisinherit
 .text.vTaskPriorityDisinheritAfterTimeout
                0x0801bfec       0xc0 Thirdparty\Middleware\STM32G0xx\FreeRTOS\Source\tasks.o
                0x0801bfec                vTaskPriorityDisinheritAfterTimeout
 .text.prvWriteNameToBuffer
                0x0801c0ac       0x52 Thirdparty\Middleware\STM32G0xx\FreeRTOS\Source\tasks.o
 *fill*         0x0801c0fe        0x2 
 .text.vTaskList
                0x0801c100      0x14c Thirdparty\Middleware\STM32G0xx\FreeRTOS\Source\tasks.o
                0x0801c100                vTaskList
 .text.vTaskGetRunTimeStats
                0x0801c24c      0x118 Thirdparty\Middleware\STM32G0xx\FreeRTOS\Source\tasks.o
                0x0801c24c                vTaskGetRunTimeStats
 .text.pvTaskIncrementMutexHeldCount
                0x0801c364       0x24 Thirdparty\Middleware\STM32G0xx\FreeRTOS\Source\tasks.o
                0x0801c364                pvTaskIncrementMutexHeldCount
 .text.ulTaskNotifyTake
                0x0801c388       0x84 Thirdparty\Middleware\STM32G0xx\FreeRTOS\Source\tasks.o
                0x0801c388                ulTaskNotifyTake
 .text.xTaskGenericNotify
                0x0801c40c      0x104 Thirdparty\Middleware\STM32G0xx\FreeRTOS\Source\tasks.o
                0x0801c40c                xTaskGenericNotify
 .text.xTaskGenericNotifyFromISR
                0x0801c510      0x140 Thirdparty\Middleware\STM32G0xx\FreeRTOS\Source\tasks.o
                0x0801c510                xTaskGenericNotifyFromISR
 .text.vTaskNotifyGiveFromISR
                0x0801c650       0xd8 Thirdparty\Middleware\STM32G0xx\FreeRTOS\Source\tasks.o
                0x0801c650                vTaskNotifyGiveFromISR
 .text.prvAddCurrentTaskToDelayedList
                0x0801c728       0xa8 Thirdparty\Middleware\STM32G0xx\FreeRTOS\Source\tasks.o
 .text.xTimerCreateTimerTask
                0x0801c7d0       0x4c Thirdparty\Middleware\STM32G0xx\FreeRTOS\Source\timers.o
                0x0801c7d0                xTimerCreateTimerTask
 .text.xTimerCreate
                0x0801c81c       0x46 Thirdparty\Middleware\STM32G0xx\FreeRTOS\Source\timers.o
                0x0801c81c                xTimerCreate
 .text.prvInitialiseNewTimer
                0x0801c862       0x5a Thirdparty\Middleware\STM32G0xx\FreeRTOS\Source\timers.o
 .text.xTimerGenericCommand
                0x0801c8bc       0x8c Thirdparty\Middleware\STM32G0xx\FreeRTOS\Source\timers.o
                0x0801c8bc                xTimerGenericCommand
 .text.prvProcessExpiredTimer
                0x0801c948       0x80 Thirdparty\Middleware\STM32G0xx\FreeRTOS\Source\timers.o
 .text.prvTimerTask
                0x0801c9c8       0x28 Thirdparty\Middleware\STM32G0xx\FreeRTOS\Source\timers.o
 .text.prvProcessTimerOrBlockTask
                0x0801c9f0       0x90 Thirdparty\Middleware\STM32G0xx\FreeRTOS\Source\timers.o
 .text.prvGetNextExpireTime
                0x0801ca80       0x44 Thirdparty\Middleware\STM32G0xx\FreeRTOS\Source\timers.o
 .text.prvSampleTimeNow
                0x0801cac4       0x40 Thirdparty\Middleware\STM32G0xx\FreeRTOS\Source\timers.o
 .text.prvInsertTimerInActiveList
                0x0801cb04       0x84 Thirdparty\Middleware\STM32G0xx\FreeRTOS\Source\timers.o
 .text.prvProcessReceivedCommands
                0x0801cb88      0x16c Thirdparty\Middleware\STM32G0xx\FreeRTOS\Source\timers.o
 .text.prvSwitchTimerLists
                0x0801ccf4       0xb0 Thirdparty\Middleware\STM32G0xx\FreeRTOS\Source\timers.o
 .text.prvCheckForValidListAndQueue
                0x0801cda4       0x74 Thirdparty\Middleware\STM32G0xx\FreeRTOS\Source\timers.o
 .text.HAL_Init
                0x0801ce18       0x40 Thirdparty\STM32G0xx_HAL_Driver\Src\stm32g0xx_hal.o
                0x0801ce18                HAL_Init
 .text.HAL_MspInit
                0x0801ce58        0xa Thirdparty\STM32G0xx_HAL_Driver\Src\stm32g0xx_hal.o
                0x0801ce58                HAL_MspInit
 *fill*         0x0801ce62        0x2 
 .text.HAL_InitTick
                0x0801ce64       0x94 Thirdparty\STM32G0xx_HAL_Driver\Src\stm32g0xx_hal.o
                0x0801ce64                HAL_InitTick
 .text.HAL_IncTick
                0x0801cef8       0x24 Thirdparty\STM32G0xx_HAL_Driver\Src\stm32g0xx_hal.o
                0x0801cef8                HAL_IncTick
 .text.HAL_GetTick
                0x0801cf1c       0x14 Thirdparty\STM32G0xx_HAL_Driver\Src\stm32g0xx_hal.o
                0x0801cf1c                HAL_GetTick
 .text.HAL_Delay
                0x0801cf30       0x48 Thirdparty\STM32G0xx_HAL_Driver\Src\stm32g0xx_hal.o
                0x0801cf30                HAL_Delay
 .text.HAL_GetREVID
                0x0801cf78       0x18 Thirdparty\STM32G0xx_HAL_Driver\Src\stm32g0xx_hal.o
                0x0801cf78                HAL_GetREVID
 .text.HAL_GetDEVID
                0x0801cf90       0x18 Thirdparty\STM32G0xx_HAL_Driver\Src\stm32g0xx_hal.o
                0x0801cf90                HAL_GetDEVID
 .text.LL_ADC_SetCommonPathInternalCh
                0x0801cfa8       0x28 Thirdparty\STM32G0xx_HAL_Driver\Src\stm32g0xx_hal_adc.o
 .text.LL_ADC_GetCommonPathInternalCh
                0x0801cfd0       0x1a Thirdparty\STM32G0xx_HAL_Driver\Src\stm32g0xx_hal_adc.o
 .text.LL_ADC_SetSamplingTimeCommonChannels
                0x0801cfea       0x3a Thirdparty\STM32G0xx_HAL_Driver\Src\stm32g0xx_hal_adc.o
 .text.LL_ADC_GetSamplingTimeCommonChannels
                0x0801d024       0x2e Thirdparty\STM32G0xx_HAL_Driver\Src\stm32g0xx_hal_adc.o
 .text.LL_ADC_REG_IsTriggerSourceSWStart
                0x0801d052       0x22 Thirdparty\STM32G0xx_HAL_Driver\Src\stm32g0xx_hal_adc.o
 .text.LL_ADC_REG_SetSequencerRanks
                0x0801d074       0x40 Thirdparty\STM32G0xx_HAL_Driver\Src\stm32g0xx_hal_adc.o
 .text.LL_ADC_REG_SetSequencerChAdd
                0x0801d0b4       0x22 Thirdparty\STM32G0xx_HAL_Driver\Src\stm32g0xx_hal_adc.o
 .text.LL_ADC_REG_SetSequencerChRem
                0x0801d0d6       0x24 Thirdparty\STM32G0xx_HAL_Driver\Src\stm32g0xx_hal_adc.o
 *fill*         0x0801d0fa        0x2 
 .text.LL_ADC_SetChannelSamplingTime
                0x0801d0fc       0x38 Thirdparty\STM32G0xx_HAL_Driver\Src\stm32g0xx_hal_adc.o
 .text.LL_ADC_EnableInternalRegulator
                0x0801d134       0x28 Thirdparty\STM32G0xx_HAL_Driver\Src\stm32g0xx_hal_adc.o
 .text.LL_ADC_IsInternalRegulatorEnabled
                0x0801d15c       0x28 Thirdparty\STM32G0xx_HAL_Driver\Src\stm32g0xx_hal_adc.o
 .text.LL_ADC_Enable
                0x0801d184       0x24 Thirdparty\STM32G0xx_HAL_Driver\Src\stm32g0xx_hal_adc.o
 .text.LL_ADC_Disable
                0x0801d1a8       0x24 Thirdparty\STM32G0xx_HAL_Driver\Src\stm32g0xx_hal_adc.o
 .text.LL_ADC_IsEnabled
                0x0801d1cc       0x22 Thirdparty\STM32G0xx_HAL_Driver\Src\stm32g0xx_hal_adc.o
 .text.LL_ADC_IsDisableOngoing
                0x0801d1ee       0x22 Thirdparty\STM32G0xx_HAL_Driver\Src\stm32g0xx_hal_adc.o
 .text.LL_ADC_REG_StartConversion
                0x0801d210       0x24 Thirdparty\STM32G0xx_HAL_Driver\Src\stm32g0xx_hal_adc.o
 .text.LL_ADC_REG_StopConversion
                0x0801d234       0x24 Thirdparty\STM32G0xx_HAL_Driver\Src\stm32g0xx_hal_adc.o
 .text.LL_ADC_REG_IsConversionOngoing
                0x0801d258       0x22 Thirdparty\STM32G0xx_HAL_Driver\Src\stm32g0xx_hal_adc.o
 *fill*         0x0801d27a        0x2 
 .text.HAL_ADC_Init
                0x0801d27c      0x350 Thirdparty\STM32G0xx_HAL_Driver\Src\stm32g0xx_hal_adc.o
                0x0801d27c                HAL_ADC_Init
 .text.HAL_ADC_Start
                0x0801d5cc       0x9c Thirdparty\STM32G0xx_HAL_Driver\Src\stm32g0xx_hal_adc.o
                0x0801d5cc                HAL_ADC_Start
 .text.HAL_ADC_Stop
                0x0801d668       0x78 Thirdparty\STM32G0xx_HAL_Driver\Src\stm32g0xx_hal_adc.o
                0x0801d668                HAL_ADC_Stop
 .text.HAL_ADC_PollForConversion
                0x0801d6e0      0x128 Thirdparty\STM32G0xx_HAL_Driver\Src\stm32g0xx_hal_adc.o
                0x0801d6e0                HAL_ADC_PollForConversion
 .text.HAL_ADC_GetValue
                0x0801d808       0x16 Thirdparty\STM32G0xx_HAL_Driver\Src\stm32g0xx_hal_adc.o
                0x0801d808                HAL_ADC_GetValue
 *fill*         0x0801d81e        0x2 
 .text.HAL_ADC_ConfigChannel
                0x0801d820      0x3b0 Thirdparty\STM32G0xx_HAL_Driver\Src\stm32g0xx_hal_adc.o
                0x0801d820                HAL_ADC_ConfigChannel
 .text.ADC_ConversionStop
                0x0801dbd0       0x84 Thirdparty\STM32G0xx_HAL_Driver\Src\stm32g0xx_hal_adc.o
                0x0801dbd0                ADC_ConversionStop
 .text.ADC_Enable
                0x0801dc54      0x10c Thirdparty\STM32G0xx_HAL_Driver\Src\stm32g0xx_hal_adc.o
                0x0801dc54                ADC_Enable
 .text.ADC_Disable
                0x0801dd60       0xbc Thirdparty\STM32G0xx_HAL_Driver\Src\stm32g0xx_hal_adc.o
                0x0801dd60                ADC_Disable
 .text.__NVIC_EnableIRQ
                0x0801de1c       0x34 Thirdparty\STM32G0xx_HAL_Driver\Src\stm32g0xx_hal_cortex.o
 .text.__NVIC_SetPriority
                0x0801de50       0xdc Thirdparty\STM32G0xx_HAL_Driver\Src\stm32g0xx_hal_cortex.o
 .text.SysTick_Config
                0x0801df2c       0x48 Thirdparty\STM32G0xx_HAL_Driver\Src\stm32g0xx_hal_cortex.o
 .text.HAL_NVIC_SetPriority
                0x0801df74       0x2a Thirdparty\STM32G0xx_HAL_Driver\Src\stm32g0xx_hal_cortex.o
                0x0801df74                HAL_NVIC_SetPriority
 .text.HAL_NVIC_EnableIRQ
                0x0801df9e       0x20 Thirdparty\STM32G0xx_HAL_Driver\Src\stm32g0xx_hal_cortex.o
                0x0801df9e                HAL_NVIC_EnableIRQ
 .text.HAL_SYSTICK_Config
                0x0801dfbe       0x1a Thirdparty\STM32G0xx_HAL_Driver\Src\stm32g0xx_hal_cortex.o
                0x0801dfbe                HAL_SYSTICK_Config
 .text.HAL_CRC_Init
                0x0801dfd8       0xcc Thirdparty\STM32G0xx_HAL_Driver\Src\stm32g0xx_hal_crc.o
                0x0801dfd8                HAL_CRC_Init
 .text.HAL_CRC_Accumulate
                0x0801e0a4       0x8e Thirdparty\STM32G0xx_HAL_Driver\Src\stm32g0xx_hal_crc.o
                0x0801e0a4                HAL_CRC_Accumulate
 .text.HAL_CRC_Calculate
                0x0801e132       0x9e Thirdparty\STM32G0xx_HAL_Driver\Src\stm32g0xx_hal_crc.o
                0x0801e132                HAL_CRC_Calculate
 .text.CRC_Handle_8
                0x0801e1d0      0x126 Thirdparty\STM32G0xx_HAL_Driver\Src\stm32g0xx_hal_crc.o
 .text.CRC_Handle_16
                0x0801e2f6       0x6e Thirdparty\STM32G0xx_HAL_Driver\Src\stm32g0xx_hal_crc.o
 .text.HAL_CRCEx_Polynomial_Set
                0x0801e364       0xea Thirdparty\STM32G0xx_HAL_Driver\Src\stm32g0xx_hal_crc_ex.o
                0x0801e364                HAL_CRCEx_Polynomial_Set
 *fill*         0x0801e44e        0x2 
 .text.HAL_DMA_Init
                0x0801e450      0x158 Thirdparty\STM32G0xx_HAL_Driver\Src\stm32g0xx_hal_dma.o
                0x0801e450                HAL_DMA_Init
 .text.HAL_DMA_Start_IT
                0x0801e5a8      0x10c Thirdparty\STM32G0xx_HAL_Driver\Src\stm32g0xx_hal_dma.o
                0x0801e5a8                HAL_DMA_Start_IT
 .text.HAL_DMA_Abort
                0x0801e6b4       0xc0 Thirdparty\STM32G0xx_HAL_Driver\Src\stm32g0xx_hal_dma.o
                0x0801e6b4                HAL_DMA_Abort
 .text.HAL_DMA_Abort_IT
                0x0801e774       0xd0 Thirdparty\STM32G0xx_HAL_Driver\Src\stm32g0xx_hal_dma.o
                0x0801e774                HAL_DMA_Abort_IT
 .text.HAL_DMA_IRQHandler
                0x0801e844      0x188 Thirdparty\STM32G0xx_HAL_Driver\Src\stm32g0xx_hal_dma.o
                0x0801e844                HAL_DMA_IRQHandler
 .text.HAL_DMA_GetError
                0x0801e9cc       0x14 Thirdparty\STM32G0xx_HAL_Driver\Src\stm32g0xx_hal_dma.o
                0x0801e9cc                HAL_DMA_GetError
 .text.DMA_SetConfig
                0x0801e9e0       0x78 Thirdparty\STM32G0xx_HAL_Driver\Src\stm32g0xx_hal_dma.o
 .text.DMA_CalcDMAMUXChannelBaseAndMask
                0x0801ea58       0x94 Thirdparty\STM32G0xx_HAL_Driver\Src\stm32g0xx_hal_dma.o
 .text.DMA_CalcDMAMUXRequestGenBaseAndMask
                0x0801eaec       0x48 Thirdparty\STM32G0xx_HAL_Driver\Src\stm32g0xx_hal_dma.o
 .text.HAL_FLASH_Program
                0x0801eb34       0x9c Thirdparty\STM32G0xx_HAL_Driver\Src\stm32g0xx_hal_flash.o
                0x0801eb34                HAL_FLASH_Program
 .text.HAL_FLASH_Unlock
                0x0801ebd0       0x48 Thirdparty\STM32G0xx_HAL_Driver\Src\stm32g0xx_hal_flash.o
                0x0801ebd0                HAL_FLASH_Unlock
 .text.HAL_FLASH_Lock
                0x0801ec18       0x44 Thirdparty\STM32G0xx_HAL_Driver\Src\stm32g0xx_hal_flash.o
                0x0801ec18                HAL_FLASH_Lock
 .text.FLASH_WaitForLastOperation
                0x0801ec5c       0x9c Thirdparty\STM32G0xx_HAL_Driver\Src\stm32g0xx_hal_flash.o
                0x0801ec5c                FLASH_WaitForLastOperation
 .text.FLASH_Program_DoubleWord
                0x0801ecf8       0x40 Thirdparty\STM32G0xx_HAL_Driver\Src\stm32g0xx_hal_flash.o
 .text.HAL_FLASHEx_Erase
                0x0801ed38       0xe0 Thirdparty\STM32G0xx_HAL_Driver\Src\stm32g0xx_hal_flash_ex.o
                0x0801ed38                HAL_FLASHEx_Erase
 .text.FLASH_MassErase
                0x0801ee18       0x28 Thirdparty\STM32G0xx_HAL_Driver\Src\stm32g0xx_hal_flash_ex.o
 .text.FLASH_PageErase
                0x0801ee40       0x58 Thirdparty\STM32G0xx_HAL_Driver\Src\stm32g0xx_hal_flash_ex.o
                0x0801ee40                FLASH_PageErase
 .text.HAL_GPIO_Init
                0x0801ee98      0x2d8 Thirdparty\STM32G0xx_HAL_Driver\Src\stm32g0xx_hal_gpio.o
                0x0801ee98                HAL_GPIO_Init
 .text.HAL_GPIO_ReadPin
                0x0801f170       0x3a Thirdparty\STM32G0xx_HAL_Driver\Src\stm32g0xx_hal_gpio.o
                0x0801f170                HAL_GPIO_ReadPin
 .text.HAL_GPIO_WritePin
                0x0801f1aa       0x3a Thirdparty\STM32G0xx_HAL_Driver\Src\stm32g0xx_hal_gpio.o
                0x0801f1aa                HAL_GPIO_WritePin
 .text.HAL_GPIO_TogglePin
                0x0801f1e4       0x36 Thirdparty\STM32G0xx_HAL_Driver\Src\stm32g0xx_hal_gpio.o
                0x0801f1e4                HAL_GPIO_TogglePin
 *fill*         0x0801f21a        0x2 
 .text.HAL_PWR_EnableWakeUpPin
                0x0801f21c       0x40 Thirdparty\STM32G0xx_HAL_Driver\Src\stm32g0xx_hal_pwr.o
                0x0801f21c                HAL_PWR_EnableWakeUpPin
 .text.HAL_PWR_DisableWakeUpPin
                0x0801f25c       0x28 Thirdparty\STM32G0xx_HAL_Driver\Src\stm32g0xx_hal_pwr.o
                0x0801f25c                HAL_PWR_DisableWakeUpPin
 .text.HAL_PWR_EnterSTOPMode
                0x0801f284       0x70 Thirdparty\STM32G0xx_HAL_Driver\Src\stm32g0xx_hal_pwr.o
                0x0801f284                HAL_PWR_EnterSTOPMode
 .text.HAL_PWR_EnterSTANDBYMode
                0x0801f2f4       0x34 Thirdparty\STM32G0xx_HAL_Driver\Src\stm32g0xx_hal_pwr.o
                0x0801f2f4                HAL_PWR_EnterSTANDBYMode
 .text.HAL_PWREx_EnableSRAMRetention
                0x0801f328       0x1c Thirdparty\STM32G0xx_HAL_Driver\Src\stm32g0xx_hal_pwr_ex.o
                0x0801f328                HAL_PWREx_EnableSRAMRetention
 .text.HAL_PWREx_ControlVoltageScaling
                0x0801f344       0x80 Thirdparty\STM32G0xx_HAL_Driver\Src\stm32g0xx_hal_pwr_ex.o
                0x0801f344                HAL_PWREx_ControlVoltageScaling
 .text.LL_RCC_GetAPB1Prescaler
                0x0801f3c4       0x18 Thirdparty\STM32G0xx_HAL_Driver\Src\stm32g0xx_hal_rcc.o
 .text.HAL_RCC_OscConfig
                0x0801f3dc      0x6c0 Thirdparty\STM32G0xx_HAL_Driver\Src\stm32g0xx_hal_rcc.o
                0x0801f3dc                HAL_RCC_OscConfig
 .text.HAL_RCC_ClockConfig
                0x0801fa9c      0x210 Thirdparty\STM32G0xx_HAL_Driver\Src\stm32g0xx_hal_rcc.o
                0x0801fa9c                HAL_RCC_ClockConfig
 .text.HAL_RCC_GetSysClockFreq
                0x0801fcac      0x104 Thirdparty\STM32G0xx_HAL_Driver\Src\stm32g0xx_hal_rcc.o
                0x0801fcac                HAL_RCC_GetSysClockFreq
 .text.HAL_RCC_GetHCLKFreq
                0x0801fdb0       0x14 Thirdparty\STM32G0xx_HAL_Driver\Src\stm32g0xx_hal_rcc.o
                0x0801fdb0                HAL_RCC_GetHCLKFreq
 .text.HAL_RCC_GetPCLK1Freq
                0x0801fdc4       0x2c Thirdparty\STM32G0xx_HAL_Driver\Src\stm32g0xx_hal_rcc.o
                0x0801fdc4                HAL_RCC_GetPCLK1Freq
 .text.HAL_RCCEx_PeriphCLKConfig
                0x0801fdf0      0x478 Thirdparty\STM32G0xx_HAL_Driver\Src\stm32g0xx_hal_rcc_ex.o
                0x0801fdf0                HAL_RCCEx_PeriphCLKConfig
 .text.HAL_RTC_Init
                0x08020268      0x144 Thirdparty\STM32G0xx_HAL_Driver\Src\stm32g0xx_hal_rtc.o
                0x08020268                HAL_RTC_Init
 .text.HAL_RTC_DeInit
                0x080203ac      0x138 Thirdparty\STM32G0xx_HAL_Driver\Src\stm32g0xx_hal_rtc.o
                0x080203ac                HAL_RTC_DeInit
 .text.HAL_RTC_SetTime
                0x080204e4      0x150 Thirdparty\STM32G0xx_HAL_Driver\Src\stm32g0xx_hal_rtc.o
                0x080204e4                HAL_RTC_SetTime
 .text.HAL_RTC_GetTime
                0x08020634       0xb8 Thirdparty\STM32G0xx_HAL_Driver\Src\stm32g0xx_hal_rtc.o
                0x08020634                HAL_RTC_GetTime
 .text.HAL_RTC_SetDate
                0x080206ec      0x124 Thirdparty\STM32G0xx_HAL_Driver\Src\stm32g0xx_hal_rtc.o
                0x080206ec                HAL_RTC_SetDate
 .text.HAL_RTC_GetDate
                0x08020810       0x9c Thirdparty\STM32G0xx_HAL_Driver\Src\stm32g0xx_hal_rtc.o
                0x08020810                HAL_RTC_GetDate
 .text.HAL_RTC_WaitForSynchro
                0x080208ac       0x4c Thirdparty\STM32G0xx_HAL_Driver\Src\stm32g0xx_hal_rtc.o
                0x080208ac                HAL_RTC_WaitForSynchro
 .text.RTC_EnterInitMode
                0x080208f8       0x84 Thirdparty\STM32G0xx_HAL_Driver\Src\stm32g0xx_hal_rtc.o
                0x080208f8                RTC_EnterInitMode
 .text.RTC_ExitInitMode
                0x0802097c       0x88 Thirdparty\STM32G0xx_HAL_Driver\Src\stm32g0xx_hal_rtc.o
                0x0802097c                RTC_ExitInitMode
 .text.RTC_ByteToBcd2
                0x08020a04       0x50 Thirdparty\STM32G0xx_HAL_Driver\Src\stm32g0xx_hal_rtc.o
                0x08020a04                RTC_ByteToBcd2
 .text.RTC_Bcd2ToByte
                0x08020a54       0x3a Thirdparty\STM32G0xx_HAL_Driver\Src\stm32g0xx_hal_rtc.o
                0x08020a54                RTC_Bcd2ToByte
 .text.HAL_RTCEx_BKUPWrite
                0x08020a8e       0x3a Thirdparty\STM32G0xx_HAL_Driver\Src\stm32g0xx_hal_rtc_ex.o
                0x08020a8e                HAL_RTCEx_BKUPWrite
 .text.HAL_RTCEx_BKUPRead
                0x08020ac8       0x36 Thirdparty\STM32G0xx_HAL_Driver\Src\stm32g0xx_hal_rtc_ex.o
                0x08020ac8                HAL_RTCEx_BKUPRead
 .text.HAL_TIM_Base_Init
                0x08020afe       0xb0 Thirdparty\STM32G0xx_HAL_Driver\Src\stm32g0xx_hal_tim.o
                0x08020afe                HAL_TIM_Base_Init
 *fill*         0x08020bae        0x2 
 .text.HAL_TIM_Base_Start
                0x08020bb0       0xb4 Thirdparty\STM32G0xx_HAL_Driver\Src\stm32g0xx_hal_tim.o
                0x08020bb0                HAL_TIM_Base_Start
 .text.HAL_TIM_PWM_Init
                0x08020c64       0xb0 Thirdparty\STM32G0xx_HAL_Driver\Src\stm32g0xx_hal_tim.o
                0x08020c64                HAL_TIM_PWM_Init
 .text.HAL_TIM_PWM_MspInit
                0x08020d14       0x10 Thirdparty\STM32G0xx_HAL_Driver\Src\stm32g0xx_hal_tim.o
                0x08020d14                HAL_TIM_PWM_MspInit
 .text.HAL_TIM_PWM_Start
                0x08020d24      0x1e0 Thirdparty\STM32G0xx_HAL_Driver\Src\stm32g0xx_hal_tim.o
                0x08020d24                HAL_TIM_PWM_Start
 .text.HAL_TIM_PWM_Stop
                0x08020f04      0x118 Thirdparty\STM32G0xx_HAL_Driver\Src\stm32g0xx_hal_tim.o