Archive member included to satisfy reference by file (symbol)

C:/ST/STM32CubeIDE_1.17.0/STM32CubeIDE/plugins/com.st.stm32cube.ide.mcu.externaltools.gnu-tools-for-stm32.13.3.rel1.win32_1.0.0.202411081344/tools/bin/../lib/gcc/arm-none-eabi/13.3.1/../../../../arm-none-eabi/lib/thumb/v6-m/nofp\libc.a(libc_a-atof.o)
                              BOS\BOS_CLI.o (atof)
C:/ST/STM32CubeIDE_1.17.0/STM32CubeIDE/plugins/com.st.stm32cube.ide.mcu.externaltools.gnu-tools-for-stm32.13.3.rel1.win32_1.0.0.202411081344/tools/bin/../lib/gcc/arm-none-eabi/13.3.1/../../../../arm-none-eabi/lib/thumb/v6-m/nofp\libc.a(libc_a-atoi.o)
                              BOS\BOS_CLIcommands.o (atoi)
C:/ST/STM32CubeIDE_1.17.0/STM32CubeIDE/plugins/com.st.stm32cube.ide.mcu.externaltools.gnu-tools-for-stm32.13.3.rel1.win32_1.0.0.202411081344/tools/bin/../lib/gcc/arm-none-eabi/13.3.1/../../../../arm-none-eabi/lib/thumb/v6-m/nofp\libc.a(libc_a-atol.o)
                              BOS\BOS.o (atol)
C:/ST/STM32CubeIDE_1.17.0/STM32CubeIDE/plugins/com.st.stm32cube.ide.mcu.externaltools.gnu-tools-for-stm32.13.3.rel1.win32_1.0.0.202411081344/tools/bin/../lib/gcc/arm-none-eabi/13.3.1/../../../../arm-none-eabi/lib/thumb/v6-m/nofp\libc.a(libc_a-exit.o)
                              C:/ST/STM32CubeIDE_1.17.0/STM32CubeIDE/plugins/com.st.stm32cube.ide.mcu.externaltools.gnu-tools-for-stm32.13.3.rel1.win32_1.0.0.202411081344/tools/bin/../lib/gcc/arm-none-eabi/13.3.1/../../../../arm-none-eabi/lib/thumb/v6-m/nofp/crt0.o (exit)
C:/ST/STM32CubeIDE_1.17.0/STM32CubeIDE/plugins/com.st.stm32cube.ide.mcu.externaltools.gnu-tools-for-stm32.13.3.rel1.win32_1.0.0.202411081344/tools/bin/../lib/gcc/arm-none-eabi/13.3.1/../../../../arm-none-eabi/lib/thumb/v6-m/nofp\libc.a(libc_a-malloc.o)
                              BOS\BOS.o (malloc)
C:/ST/STM32CubeIDE_1.17.0/STM32CubeIDE/plugins/com.st.stm32cube.ide.mcu.externaltools.gnu-tools-for-stm32.13.3.rel1.win32_1.0.0.202411081344/tools/bin/../lib/gcc/arm-none-eabi/13.3.1/../../../../arm-none-eabi/lib/thumb/v6-m/nofp\libc.a(libc_a-mallocr.o)
                              C:/ST/STM32CubeIDE_1.17.0/STM32CubeIDE/plugins/com.st.stm32cube.ide.mcu.externaltools.gnu-tools-for-stm32.13.3.rel1.win32_1.0.0.202411081344/tools/bin/../lib/gcc/arm-none-eabi/13.3.1/../../../../arm-none-eabi/lib/thumb/v6-m/nofp\libc.a(libc_a-malloc.o) (_malloc_r)
C:/ST/STM32CubeIDE_1.17.0/STM32CubeIDE/plugins/com.st.stm32cube.ide.mcu.externaltools.gnu-tools-for-stm32.13.3.rel1.win32_1.0.0.202411081344/tools/bin/../lib/gcc/arm-none-eabi/13.3.1/../../../../arm-none-eabi/lib/thumb/v6-m/nofp\libc.a(libc_a-mlock.o)
                              C:/ST/STM32CubeIDE_1.17.0/STM32CubeIDE/plugins/com.st.stm32cube.ide.mcu.externaltools.gnu-tools-for-stm32.13.3.rel1.win32_1.0.0.202411081344/tools/bin/../lib/gcc/arm-none-eabi/13.3.1/../../../../arm-none-eabi/lib/thumb/v6-m/nofp\libc.a(libc_a-mallocr.o) (__malloc_lock)
C:/ST/STM32CubeIDE_1.17.0/STM32CubeIDE/plugins/com.st.stm32cube.ide.mcu.externaltools.gnu-tools-for-stm32.13.3.rel1.win32_1.0.0.202411081344/tools/bin/../lib/gcc/arm-none-eabi/13.3.1/../../../../arm-none-eabi/lib/thumb/v6-m/nofp\libc.a(libc_a-rand.o)
                              BOS\BOS_CLIcommands.o (rand)
C:/ST/STM32CubeIDE_1.17.0/STM32CubeIDE/plugins/com.st.stm32cube.ide.mcu.externaltools.gnu-tools-for-stm32.13.3.rel1.win32_1.0.0.202411081344/tools/bin/../lib/gcc/arm-none-eabi/13.3.1/../../../../arm-none-eabi/lib/thumb/v6-m/nofp\libc.a(libc_a-realloc.o)
                              BOS\BOS_CLI.o (realloc)
C:/ST/STM32CubeIDE_1.17.0/STM32CubeIDE/plugins/com.st.stm32cube.ide.mcu.externaltools.gnu-tools-for-stm32.13.3.rel1.win32_1.0.0.202411081344/tools/bin/../lib/gcc/arm-none-eabi/13.3.1/../../../../arm-none-eabi/lib/thumb/v6-m/nofp\libc.a(libc_a-reallocr.o)
                              C:/ST/STM32CubeIDE_1.17.0/STM32CubeIDE/plugins/com.st.stm32cube.ide.mcu.externaltools.gnu-tools-for-stm32.13.3.rel1.win32_1.0.0.202411081344/tools/bin/../lib/gcc/arm-none-eabi/13.3.1/../../../../arm-none-eabi/lib/thumb/v6-m/nofp\libc.a(libc_a-realloc.o) (_realloc_r)
C:/ST/STM32CubeIDE_1.17.0/STM32CubeIDE/plugins/com.st.stm32cube.ide.mcu.externaltools.gnu-tools-for-stm32.13.3.rel1.win32_1.0.0.202411081344/tools/bin/../lib/gcc/arm-none-eabi/13.3.1/../../../../arm-none-eabi/lib/thumb/v6-m/nofp\libc.a(libc_a-strtod.o)
                              C:/ST/STM32CubeIDE_1.17.0/STM32CubeIDE/plugins/com.st.stm32cube.ide.mcu.externaltools.gnu-tools-for-stm32.13.3.rel1.win32_1.0.0.202411081344/tools/bin/../lib/gcc/arm-none-eabi/13.3.1/../../../../arm-none-eabi/lib/thumb/v6-m/nofp\libc.a(libc_a-atof.o) (strtod)
C:/ST/STM32CubeIDE_1.17.0/STM32CubeIDE/plugins/com.st.stm32cube.ide.mcu.externaltools.gnu-tools-for-stm32.13.3.rel1.win32_1.0.0.202411081344/tools/bin/../lib/gcc/arm-none-eabi/13.3.1/../../../../arm-none-eabi/lib/thumb/v6-m/nofp\libc.a(libc_a-strtol.o)
[...]
Memory Configuration

Name             Origin             Length             Attributes
RAM              0x20000000         0x00024000         xrw
FLASH            0x08000000         0x00080000         xr
*default*        0x00000000         0xffffffff

Linker script and memory map

LOAD C:/ST/STM32CubeIDE_1.17.0/STM32CubeIDE/plugins/com.st.stm32cube.ide.mcu.externaltools.gnu-tools-for-stm32.13.3.rel1.win32_1.0.0.202411081344/tools/bin/../lib/gcc/arm-none-eabi/13.3.1/thumb/v6-m/nofp/crti.o
LOAD C:/ST/STM32CubeIDE_1.17.0/STM32CubeIDE/plugins/com.st.stm32cube.ide.mcu.externaltools.gnu-tools-for-stm32.13.3.rel1.win32_1.0.0.202411081344/tools/bin/../lib/gcc/arm-none-eabi/13.3.1/thumb/v6-m/nofp/crtbegin.o
LOAD C:/ST/STM32CubeIDE_1.17.0/STM32CubeIDE/plugins/com.st.stm32cube.ide.mcu.externaltools.gnu-tools-for-stm32.13.3.rel1.win32_1.0.0.202411081344/tools/bin/../lib/gcc/arm-none-eabi/13.3.1/../../../../arm-none-eabi/lib/thumb/v6-m/nofp/crt0.o
LOAD BOS\BOS.o
LOAD BOS\BOS_CLI.o
LOAD BOS\BOS_CLIcommands.o
LOAD BOS\BOS_dma.o
LOAD BOS\BOS_freertos.o
LOAD BOS\BOS_messaging.o
LOAD BOS\BOS_msgparser.o
LOAD H14RA\H14RA.o
LOAD H14RA\H14RA_dma.o
LOAD H14RA\H14RA_eeprom.o
LOAD H14RA\H14RA_gpio.o
LOAD H14RA\H14RA_inputs.o
LOAD H14RA\H14RA_it.o
LOAD H14RA\H14RA_rtc.o
LOAD H14RA\H14RA_timers.o
LOAD H14RA\H14RA_uart.o
LOAD H14RA\startup_stm32g0b1ceuxn.o
LOAD Thirdparty\CMSIS\STM32G0xx\Device\ST\STM32G0xx\Source\Templates\system_stm32g0xx.o
LOAD Thirdparty\EEPROM_Emul\Core\eeprom_emul.o
LOAD Thirdparty\EEPROM_Emul\Porting\STM32G0\flash_interface.o
LOAD Thirdparty\Middleware\STM32G0xx\FreeRTOS\Source\CMSIS_RTOS\cmsis_os.o
LOAD Thirdparty\Middleware\STM32G0xx\FreeRTOS\Source\FreeRTOS_CLI.o
LOAD Thirdparty\Middleware\STM32G0xx\FreeRTOS\Source\croutine.o
LOAD Thirdparty\Middleware\STM32G0xx\FreeRTOS\Source\event_groups.o
LOAD Thirdparty\Middleware\STM32G0xx\FreeRTOS\Source\list.o
LOAD Thirdparty\Middleware\STM32G0xx\FreeRTOS\Source\portable\GCC\ARM_CM0\port.o
LOAD Thirdparty\Middleware\STM32G0xx\FreeRTOS\Source\portable\MemMang\heap_4.o
LOAD Thirdparty\Middleware\STM32G0xx\FreeRTOS\Source\queue.o
LOAD Thirdparty\Middleware\STM32G0xx\FreeRTOS\Source\stream_buffer.o
LOAD Thirdparty\Middleware\STM32G0xx\FreeRTOS\Source\tasks.o
LOAD Thirdparty\Middleware\STM32G0xx\FreeRTOS\Source\timers.o
LOAD Thirdparty\STM32G0xx_HAL_Driver\Src\stm32g0xx_hal.o
LOAD Thirdparty\STM32G0xx_HAL_Driver\Src\stm32g0xx_hal_adc.o
LOAD Thirdparty\STM32G0xx_HAL_Driver\Src\stm32g0xx_hal_adc_ex.o
LOAD Thirdparty\STM32G0xx_HAL_Driver\Src\stm32g0xx_hal_cec.o
LOAD Thirdparty\STM32G0xx_HAL_Driver\Src\stm32g0xx_hal_comp.o
LOAD Thirdparty\STM32G0xx_HAL_Driver\Src\stm32g0xx_hal_cortex.o
LOAD Thirdparty\STM32G0xx_HAL_Driver\Src\stm32g0xx_hal_crc.o
LOAD Thirdparty\STM32G0xx_HAL_Driver\Src\stm32g0xx_hal_crc_ex.o
LOAD Thirdparty\STM32G0xx_HAL_Driver\Src\stm32g0xx_hal_cryp.o
LOAD Thirdparty\STM32G0xx_HAL_Driver\Src\stm32g0xx_hal_cryp_ex.o
LOAD Thirdparty\STM32G0xx_HAL_Driver\Src\stm32g0xx_hal_dac.o
LOAD Thirdparty\STM32G0xx_HAL_Driver\Src\stm32g0xx_hal_dac_ex.o
LOAD Thirdparty\STM32G0xx_HAL_Driver\Src\stm32g0xx_hal_dma.o
LOAD Thirdparty\STM32G0xx_HAL_Driver\Src\stm32g0xx_hal_dma_ex.o
LOAD Thirdparty\STM32G0xx_HAL_Driver\Src\stm32g0xx_hal_exti.o
LOAD Thirdparty\STM32G0xx_HAL_Driver\Src\stm32g0xx_hal_fdcan.o
LOAD Thirdparty\STM32G0xx_HAL_Driver\Src\stm32g0xx_hal_flash.o
LOAD Thirdparty\STM32G0xx_HAL_Driver\Src\stm32g0xx_hal_flash_ex.o
LOAD Thirdparty\STM32G0xx_HAL_Driver\Src\stm32g0xx_hal_gpio.o
LOAD Thirdparty\STM32G0xx_HAL_Driver\Src\stm32g0xx_hal_hcd.o
LOAD Thirdparty\STM32G0xx_HAL_Driver\Src\stm32g0xx_hal_i2c.o
LOAD Thirdparty\STM32G0xx_HAL_Driver\Src\stm32g0xx_hal_i2c_ex.o
LOAD Thirdparty\STM32G0xx_HAL_Driver\Src\stm32g0xx_hal_i2s.o
LOAD Thirdparty\STM32G0xx_HAL_Driver\Src\stm32g0xx_hal_irda.o
LOAD Thirdparty\STM32G0xx_HAL_Driver\Src\stm32g0xx_hal_iwdg.o
LOAD Thirdparty\STM32G0xx_HAL_Driver\Src\stm32g0xx_hal_lptim.o
LOAD Thirdparty\STM32G0xx_HAL_Driver\Src\stm32g0xx_hal_msp_template.o
LOAD Thirdparty\STM32G0xx_HAL_Driver\Src\stm32g0xx_hal_pcd.o
LOAD Thirdparty\STM32G0xx_HAL_Driver\Src\stm32g0xx_hal_pcd_ex.o
LOAD Thirdparty\STM32G0xx_HAL_Driver\Src\stm32g0xx_hal_pwr.o
LOAD Thirdparty\STM32G0xx_HAL_Driver\Src\stm32g0xx_hal_pwr_ex.o
LOAD Thirdparty\STM32G0xx_HAL_Driver\Src\stm32g0xx_hal_rcc.o
LOAD Thirdparty\STM32G0xx_HAL_Driver\Src\stm32g0xx_hal_rcc_ex.o
LOAD Thirdparty\STM32G0xx_HAL_Driver\Src\stm32g0xx_hal_rng.o
LOAD Thirdparty\STM32G0xx_HAL_Driver\Src\stm32g0xx_hal_rtc.o
LOAD Thirdparty\STM32G0xx_HAL_Driver\Src\stm32g0xx_hal_rtc_ex.o
LOAD Thirdparty\STM32G0xx_HAL_Driver\Src\stm32g0xx_hal_smartcard.o
LOAD Thirdparty\STM32G0xx_HAL_Driver\Src\stm32g0xx_hal_smartcard_ex.o
LOAD Thirdparty\STM32G0xx_HAL_Driver\Src\stm32g0xx_hal_smbus.o
LOAD Thirdparty\STM32G0xx_HAL_Driver\Src\stm32g0xx_hal_smbus_ex.o
LOAD Thirdparty\STM32G0xx_HAL_Driver\Src\stm32g0xx_hal_spi.o
LOAD Thirdparty\STM32G0xx_HAL_Driver\Src\stm32g0xx_hal_spi_ex.o
LOAD Thirdparty\STM32G0xx_HAL_Driver\Src\stm32g0xx_hal_tim.o
LOAD Thirdparty\STM32G0xx_HAL_Driver\Src\stm32g0xx_hal_tim_ex.o
LOAD Thirdparty\STM32G0xx_HAL_Driver\Src\stm32g0xx_hal_uart.o
LOAD Thirdparty\STM32G0xx_HAL_Driver\Src\stm32g0xx_hal_uart_ex.o
LOAD Thirdparty\STM32G0xx_HAL_Driver\Src\stm32g0xx_hal_usart.o
LOAD Thirdparty\STM32G0xx_HAL_Driver\Src\stm32g0xx_hal_usart_ex.o
LOAD Thirdparty\STM32G0xx_HAL_Driver\Src\stm32g0xx_hal_wwdg.o
LOAD Thirdparty\STM32G0xx_HAL_Driver\Src\stm32g0xx_ll_adc.o
LOAD Thirdparty\STM32G0xx_HAL_Driver\Src\stm32g0xx_ll_comp.o
LOAD Thirdparty\STM32G0xx_HAL_Driver\Src\stm32g0xx_ll_crc.o
LOAD Thirdparty\STM32G0xx_HAL_Driver\Src\stm32g0xx_ll_crs.o
LOAD Thirdparty\STM32G0xx_HAL_Driver\Src\stm32g0xx_ll_dac.o
LOAD Thirdparty\STM32G0xx_HAL_Driver\Src\stm32g0xx_ll_dma.o
LOAD Thirdparty\STM32G0xx_HAL_Driver\Src\stm32g0xx_ll_exti.o
LOAD Thirdparty\STM32G0xx_HAL_Driver\Src\stm32g0xx_ll_gpio.o
LOAD Thirdparty\STM32G0xx_HAL_Driver\Src\stm32g0xx_ll_i2c.o
LOAD Thirdparty\STM32G0xx_HAL_Driver\Src\stm32g0xx_ll_lptim.o
LOAD Thirdparty\STM32G0xx_HAL_Driver\Src\stm32g0xx_ll_lpuart.o
LOAD Thirdparty\STM32G0xx_HAL_Driver\Src\stm32g0xx_ll_pwr.o
LOAD Thirdparty\STM32G0xx_HAL_Driver\Src\stm32g0xx_ll_rcc.o
LOAD Thirdparty\STM32G0xx_HAL_Driver\Src\stm32g0xx_ll_rng.o
LOAD Thirdparty\STM32G0xx_HAL_Driver\Src\stm32g0xx_ll_rtc.o
LOAD Thirdparty\STM32G0xx_HAL_Driver\Src\stm32g0xx_ll_spi.o
LOAD Thirdparty\STM32G0xx_HAL_Driver\Src\stm32g0xx_ll_tim.o
LOAD Thirdparty\STM32G0xx_HAL_Driver\Src\stm32g0xx_ll_ucpd.o
LOAD Thirdparty\STM32G0xx_HAL_Driver\Src\stm32g0xx_ll_usart.o
LOAD Thirdparty\STM32G0xx_HAL_Driver\Src\stm32g0xx_ll_usb.o
LOAD Thirdparty\STM32G0xx_HAL_Driver\Src\stm32g0xx_ll_utils.o
LOAD User\main.o
LOAD syscalls.o
START GROUP
LOAD C:/ST/STM32CubeIDE_1.17.0/STM32CubeIDE/plugins/com.st.stm32cube.ide.mcu.externaltools.gnu-tools-for-stm32.13.3.rel1.win32_1.0.0.202411081344/tools/bin/../lib/gcc/arm-none-eabi/13.3.1/../../../../arm-none-eabi/lib/thumb/v6-m/nofp\libc.a
LOAD C:/ST/STM32CubeIDE_1.17.0/STM32CubeIDE/plugins/com.st.stm32cube.ide.mcu.externaltools.gnu-tools-for-stm32.13.3.rel1.win32_1.0.0.202411081344/tools/bin/../lib/gcc/arm-none-eabi/13.3.1/../../../../arm-none-eabi/lib/thumb/v6-m/nofp\libm.a
END GROUP
START GROUP
LOAD C:/ST/STM32CubeIDE_1.17.0/STM32CubeIDE/plugins/com.st.stm32cube.ide.mcu.externaltools.gnu-tools-for-stm32.13.3.rel1.win32_1.0.0.202411081344/tools/bin/../lib/gcc/arm-none-eabi/13.3.1/thumb/v6-m/nofp\libgcc.a
LOAD C:/ST/STM32CubeIDE_1.17.0/STM32CubeIDE/plugins/com.st.stm32cube.ide.mcu.externaltools.gnu-tools-for-stm32.13.3.rel1.win32_1.0.0.202411081344/tools/bin/../lib/gcc/arm-none-eabi/13.3.1/../../../../arm-none-eabi/lib/thumb/v6-m/nofp\libc.a
END GROUP
START GROUP
LOAD C:/ST/STM32CubeIDE_1.17.0/STM32CubeIDE/plugins/com.st.stm32cube.ide.mcu.externaltools.gnu-tools-for-stm32.13.3.rel1.win32_1.0.0.202411081344/tools/bin/../lib/gcc/arm-none-eabi/13.3.1/thumb/v6-m/nofp\libgcc.a
LOAD C:/ST/STM32CubeIDE_1.17.0/STM32CubeIDE/plugins/com.st.stm32cube.ide.mcu.externaltools.gnu-tools-for-stm32.13.3.rel1.win32_1.0.0.202411081344/tools/bin/../lib/gcc/arm-none-eabi/13.3.1/../../../../arm-none-eabi/lib/thumb/v6-m/nofp\libc.a
LOAD C:/ST/STM32CubeIDE_1.17.0/STM32CubeIDE/plugins/com.st.stm32cube.ide.mcu.externaltools.gnu-tools-for-stm32.13.3.rel1.win32_1.0.0.202411081344/tools/bin/../lib/gcc/arm-none-eabi/13.3.1/../../../../arm-none-eabi/lib/thumb/v6-m/nofp\libnosys.a
END GROUP
LOAD C:/ST/STM32CubeIDE_1.17.0/STM32CubeIDE/plugins/com.st.stm32cube.ide.mcu.externaltools.gnu-tools-for-stm32.13.3.rel1.win32_1.0.0.202411081344/tools/bin/../lib/gcc/arm-none-eabi/13.3.1/thumb/v6-m/nofp/crtend.o
LOAD C:/ST/STM32CubeIDE_1.17.0/STM32CubeIDE/plugins/com.st.stm32cube.ide.mcu.externaltools.gnu-tools-for-stm32.13.3.rel1.win32_1.0.0.202411081344/tools/bin/../lib/gcc/arm-none-eabi/13.3.1/thumb/v6-m/nofp/crtn.o
                0x20024000                        _estack = (ORIGIN (RAM) + LENGTH (RAM))
                0x00000200                        _Min_Heap_Size = 0x200
                0x00000400                        _Min_Stack_Size = 0x400

.isr_vector     0x08000000       0xbc
                0x08000000                        . = ALIGN (0x4)
 *(.isr_vector)
 .isr_vector    0x08000000       0xbc H14RA\startup_stm32g0b1ceuxn.o
                0x08000000                g_pfnVectors
                0x080000bc                        . = ALIGN (0x4)

.text           0x080000c0    0x29808
                0x080000c0                        . = ALIGN (0x4)
 *(.text)
 .text          0x080000c0       0x48 C:/ST/STM32CubeIDE_1.17.0/STM32CubeIDE/plugins/com.st.stm32cube.ide.mcu.externaltools.gnu-tools-for-stm32.13.3.rel1.win32_1.0.0.202411081344/tools/bin/../lib/gcc/arm-none-eabi/13.3.1/thumb/v6-m/nofp/crtbegin.o
 .text          0x08000108       0x14 C:/ST/STM32CubeIDE_1.17.0/STM32CubeIDE/plugins/com.st.stm32cube.ide.mcu.externaltools.gnu-tools-for-stm32.13.3.rel1.win32_1.0.0.202411081344/tools/bin/../lib/gcc/arm-none-eabi/13.3.1/../../../../arm-none-eabi/lib/thumb/v6-m/nofp\libc.a(libc_a-strcmp.o)
                0x08000108                strcmp
 .text          0x0800011c        0xe C:/ST/STM32CubeIDE_1.17.0/STM32CubeIDE/plugins/com.st.stm32cube.ide.mcu.externaltools.gnu-tools-for-stm32.13.3.rel1.win32_1.0.0.202411081344/tools/bin/../lib/gcc/arm-none-eabi/13.3.1/../../../../arm-none-eabi/lib/thumb/v6-m/nofp\libc.a(libc_a-strlen.o)
                0x0800011c                strlen
 *fill*         0x0800012a        0x2 
 .text          0x0800012c       0x14 C:/ST/STM32CubeIDE_1.17.0/STM32CubeIDE/plugins/com.st.stm32cube.ide.mcu.externaltools.gnu-tools-for-stm32.13.3.rel1.win32_1.0.0.202411081344/tools/bin/../lib/gcc/arm-none-eabi/13.3.1/thumb/v6-m/nofp\libgcc.a(_thumb1_case_uqi.o)
                0x0800012c                __gnu_thumb1_case_uqi
 .text          0x08000140       0x14 C:/ST/STM32CubeIDE_1.17.0/STM32CubeIDE/plugins/com.st.stm32cube.ide.mcu.externaltools.gnu-tools-for-stm32.13.3.rel1.win32_1.0.0.202411081344/tools/bin/../lib/gcc/arm-none-eabi/13.3.1/thumb/v6-m/nofp\libgcc.a(_thumb1_case_uhi.o)
                0x08000140                __gnu_thumb1_case_uhi
 .text          0x08000154      0x114 C:/ST/STM32CubeIDE_1.17.0/STM32CubeIDE/plugins/com.st.stm32cube.ide.mcu.externaltools.gnu-tools-for-stm32.13.3.rel1.win32_1.0.0.202411081344/tools/bin/../lib/gcc/arm-none-eabi/13.3.1/thumb/v6-m/nofp\libgcc.a(_udivsi3.o)
                0x08000154                __aeabi_uidiv
                0x08000154                __udivsi3
                0x08000260                __aeabi_uidivmod
 .text          0x08000268      0x1d4 C:/ST/STM32CubeIDE_1.17.0/STM32CubeIDE/plugins/com.st.stm32cube.ide.mcu.externaltools.gnu-tools-for-stm32.13.3.rel1.win32_1.0.0.202411081344/tools/bin/../lib/gcc/arm-none-eabi/13.3.1/thumb/v6-m/nofp\libgcc.a(_divsi3.o)
                0x08000268                __divsi3
                0x08000268                __aeabi_idiv
                0x08000434                __aeabi_idivmod
 .text          0x0800043c        0x4 C:/ST/STM32CubeIDE_1.17.0/STM32CubeIDE/plugins/com.st.stm32cube.ide.mcu.externaltools.gnu-tools-for-stm32.13.3.rel1.win32_1.0.0.202411081344/tools/bin/../lib/gcc/arm-none-eabi/13.3.1/thumb/v6-m/nofp\libgcc.a(_dvmd_tls.o)
                0x0800043c                __aeabi_idiv0
                0x0800043c                __aeabi_ldiv0
 .text          0x08000440       0x7c C:/ST/STM32CubeIDE_1.17.0/STM32CubeIDE/plugins/com.st.stm32cube.ide.mcu.externaltools.gnu-tools-for-stm32.13.3.rel1.win32_1.0.0.202411081344/tools/bin/../lib/gcc/arm-none-eabi/13.3.1/thumb/v6-m/nofp\libgcc.a(_arm_cmpdf2.o)
                0x08000440                __aeabi_cdrcmple
                0x08000450                __aeabi_cdcmple
                0x08000450                __aeabi_cdcmpeq
                0x08000460                __aeabi_dcmpeq
                0x0800046c                __aeabi_dcmplt
                0x08000480                __aeabi_dcmple
                0x08000494                __aeabi_dcmpgt
                0x080004a8                __aeabi_dcmpge
 .text          0x080004bc       0x74 C:/ST/STM32CubeIDE_1.17.0/STM32CubeIDE/plugins/com.st.stm32cube.ide.mcu.externaltools.gnu-tools-for-stm32.13.3.rel1.win32_1.0.0.202411081344/tools/bin/../lib/gcc/arm-none-eabi/13.3.1/thumb/v6-m/nofp\libgcc.a(_arm_cmpsf2.o)
                0x080004bc                __aeabi_cfrcmple
                0x080004c4                __aeabi_cfcmpeq
                0x080004c4                __aeabi_cfcmple
                0x080004d4                __aeabi_fcmpeq
                0x080004e0                __aeabi_fcmplt
                0x080004f4                __aeabi_fcmple
                0x08000508                __aeabi_fcmpgt
                0x0800051c                __aeabi_fcmpge
 .text          0x08000530       0x40 C:/ST/STM32CubeIDE_1.17.0/STM32CubeIDE/plugins/com.st.stm32cube.ide.mcu.externaltools.gnu-tools-for-stm32.13.3.rel1.win32_1.0.0.202411081344/tools/bin/../lib/gcc/arm-none-eabi/13.3.1/thumb/v6-m/nofp\libgcc.a(_aeabi_uldivmod.o)
                0x08000530                __aeabi_uldivmod
 .text          0x08000570       0x5c C:/ST/STM32CubeIDE_1.17.0/STM32CubeIDE/plugins/com.st.stm32cube.ide.mcu.externaltools.gnu-tools-for-stm32.13.3.rel1.win32_1.0.0.202411081344/tools/bin/../lib/gcc/arm-none-eabi/13.3.1/thumb/v6-m/nofp\libgcc.a(_muldi3.o)
                0x08000570                __muldi3
                0x08000570                __aeabi_lmul
 .text          0x080005cc       0x3c C:/ST/STM32CubeIDE_1.17.0/STM32CubeIDE/plugins/com.st.stm32cube.ide.mcu.externaltools.gnu-tools-for-stm32.13.3.rel1.win32_1.0.0.202411081344/tools/bin/../lib/gcc/arm-none-eabi/13.3.1/thumb/v6-m/nofp\libgcc.a(_fixunsdfsi.o)
                0x080005cc                __aeabi_d2uiz
                0x080005cc                __fixunsdfsi
 .text          0x08000608       0x38 C:/ST/STM32CubeIDE_1.17.0/STM32CubeIDE/plugins/com.st.stm32cube.ide.mcu.externaltools.gnu-tools-for-stm32.13.3.rel1.win32_1.0.0.202411081344/tools/bin/../lib/gcc/arm-none-eabi/13.3.1/thumb/v6-m/nofp\libgcc.a(_fixdfdi.o)
                0x08000608                __fixdfdi
                0x08000608                __aeabi_d2lz
 .text          0x08000640       0x3c C:/ST/STM32CubeIDE_1.17.0/STM32CubeIDE/plugins/com.st.stm32cube.ide.mcu.externaltools.gnu-tools-for-stm32.13.3.rel1.win32_1.0.0.202411081344/tools/bin/../lib/gcc/arm-none-eabi/13.3.1/thumb/v6-m/nofp\libgcc.a(_fixunsdfdi.o)
                0x08000640                __fixunsdfdi
                0x08000640                __aeabi_d2ulz
 .text          0x0800067c       0x2c C:/ST/STM32CubeIDE_1.17.0/STM32CubeIDE/plugins/com.st.stm32cube.ide.mcu.externaltools.gnu-tools-for-stm32.13.3.rel1.win32_1.0.0.202411081344/tools/bin/../lib/gcc/arm-none-eabi/13.3.1/thumb/v6-m/nofp\libgcc.a(_floatdidf.o)
                0x0800067c                __aeabi_l2d
                0x0800067c                __floatdidf
 .text          0x080006a8      0x198 C:/ST/STM32CubeIDE_1.17.0/STM32CubeIDE/plugins/com.st.stm32cube.ide.mcu.externaltools.gnu-tools-for-stm32.13.3.rel1.win32_1.0.0.202411081344/tools/bin/../lib/gcc/arm-none-eabi/13.3.1/thumb/v6-m/nofp\libgcc.a(_udivmoddi4.o)
                0x080006a8                __udivmoddi4
 .text          0x08000840       0x50 C:/ST/STM32CubeIDE_1.17.0/STM32CubeIDE/plugins/com.st.stm32cube.ide.mcu.externaltools.gnu-tools-for-stm32.13.3.rel1.win32_1.0.0.202411081344/tools/bin/../lib/gcc/arm-none-eabi/13.3.1/thumb/v6-m/nofp\libgcc.a(eqsf2.o)
                0x08000840                __eqsf2
                0x08000840                __nesf2
 .text          0x08000890       0x90 C:/ST/STM32CubeIDE_1.17.0/STM32CubeIDE/plugins/com.st.stm32cube.ide.mcu.externaltools.gnu-tools-for-stm32.13.3.rel1.win32_1.0.0.202411081344/tools/bin/../lib/gcc/arm-none-eabi/13.3.1/thumb/v6-m/nofp\libgcc.a(gesf2.o)
                0x08000890                __gesf2
                0x08000890                __gtsf2
 .text          0x08000920       0x90 C:/ST/STM32CubeIDE_1.17.0/STM32CubeIDE/plugins/com.st.stm32cube.ide.mcu.externaltools.gnu-tools-for-stm32.13.3.rel1.win32_1.0.0.202411081344/tools/bin/../lib/gcc/arm-none-eabi/13.3.1/thumb/v6-m/nofp\libgcc.a(lesf2.o)
                0x08000920                __ltsf2
                0x08000920                __lesf2
 .text          0x080009b0      0x2b4 C:/ST/STM32CubeIDE_1.17.0/STM32CubeIDE/plugins/com.st.stm32cube.ide.mcu.externaltools.gnu-tools-for-stm32.13.3.rel1.win32_1.0.0.202411081344/tools/bin/../lib/gcc/arm-none-eabi/13.3.1/thumb/v6-m/nofp\libgcc.a(mulsf3.o)
                0x080009b0                __aeabi_fmul
 .text          0x08000c64      0x78c C:/ST/STM32CubeIDE_1.17.0/STM32CubeIDE/plugins/com.st.stm32cube.ide.mcu.externaltools.gnu-tools-for-stm32.13.3.rel1.win32_1.0.0.202411081344/tools/bin/../lib/gcc/arm-none-eabi/13.3.1/thumb/v6-m/nofp\libgcc.a(adddf3.o)
                0x08000c64                __aeabi_dadd
 .text          0x080013f0      0x630 C:/ST/STM32CubeIDE_1.17.0/STM32CubeIDE/plugins/com.st.stm32cube.ide.mcu.externaltools.gnu-tools-for-stm32.13.3.rel1.win32_1.0.0.202411081344/tools/bin/../lib/gcc/arm-none-eabi/13.3.1/thumb/v6-m/nofp\libgcc.a(divdf3.o)
                0x080013f0                __aeabi_ddiv
 .text          0x08001a20       0x88 C:/ST/STM32CubeIDE_1.17.0/STM32CubeIDE/plugins/com.st.stm32cube.ide.mcu.externaltools.gnu-tools-for-stm32.13.3.rel1.win32_1.0.0.202411081344/tools/bin/../lib/gcc/arm-none-eabi/13.3.1/thumb/v6-m/nofp\libgcc.a(eqdf2.o)
                0x08001a20                __nedf2
                0x08001a20                __eqdf2
 .text          0x08001aa8       0xe0 C:/ST/STM32CubeIDE_1.17.0/STM32CubeIDE/plugins/com.st.stm32cube.ide.mcu.externaltools.gnu-tools-for-stm32.13.3.rel1.win32_1.0.0.202411081344/tools/bin/../lib/gcc/arm-none-eabi/13.3.1/thumb/v6-m/nofp\libgcc.a(gedf2.o)
                0x08001aa8                __gedf2
                0x08001aa8                __gtdf2
 .text          0x08001b88       0xdc C:/ST/STM32CubeIDE_1.17.0/STM32CubeIDE/plugins/com.st.stm32cube.ide.mcu.externaltools.gnu-tools-for-stm32.13.3.rel1.win32_1.0.0.202411081344/tools/bin/../lib/gcc/arm-none-eabi/13.3.1/thumb/v6-m/nofp\libgcc.a(ledf2.o)
                0x08001b88                __ledf2
                0x08001b88                __ltdf2
 .text          0x08001c64      0x5cc C:/ST/STM32CubeIDE_1.17.0/STM32CubeIDE/plugins/com.st.stm32cube.ide.mcu.externaltools.gnu-tools-for-stm32.13.3.rel1.win32_1.0.0.202411081344/tools/bin/../lib/gcc/arm-none-eabi/13.3.1/thumb/v6-m/nofp\libgcc.a(muldf3.o)
                0x08001c64                __aeabi_dmul
 .text          0x08002230      0x814 C:/ST/STM32CubeIDE_1.17.0/STM32CubeIDE/plugins/com.st.stm32cube.ide.mcu.externaltools.gnu-tools-for-stm32.13.3.rel1.win32_1.0.0.202411081344/tools/bin/../lib/gcc/arm-none-eabi/13.3.1/thumb/v6-m/nofp\libgcc.a(subdf3.o)
                0x08002230                __aeabi_dsub
 .text          0x08002a44       0x44 C:/ST/STM32CubeIDE_1.17.0/STM32CubeIDE/plugins/com.st.stm32cube.ide.mcu.externaltools.gnu-tools-for-stm32.13.3.rel1.win32_1.0.0.202411081344/tools/bin/../lib/gcc/arm-none-eabi/13.3.1/thumb/v6-m/nofp\libgcc.a(unorddf2.o)
                0x08002a44                __aeabi_dcmpun
 .text          0x08002a88       0x78 C:/ST/STM32CubeIDE_1.17.0/STM32CubeIDE/plugins/com.st.stm32cube.ide.mcu.externaltools.gnu-tools-for-stm32.13.3.rel1.win32_1.0.0.202411081344/tools/bin/../lib/gcc/arm-none-eabi/13.3.1/thumb/v6-m/nofp\libgcc.a(fixdfsi.o)
                0x08002a88                __aeabi_d2iz
 .text          0x08002b00       0x5c C:/ST/STM32CubeIDE_1.17.0/STM32CubeIDE/plugins/com.st.stm32cube.ide.mcu.externaltools.gnu-tools-for-stm32.13.3.rel1.win32_1.0.0.202411081344/tools/bin/../lib/gcc/arm-none-eabi/13.3.1/thumb/v6-m/nofp\libgcc.a(floatsidf.o)
                0x08002b00                __aeabi_i2d
 .text          0x08002b5c       0x48 C:/ST/STM32CubeIDE_1.17.0/STM32CubeIDE/plugins/com.st.stm32cube.ide.mcu.externaltools.gnu-tools-for-stm32.13.3.rel1.win32_1.0.0.202411081344/tools/bin/../lib/gcc/arm-none-eabi/13.3.1/thumb/v6-m/nofp\libgcc.a(floatunsidf.o)
                0x08002b5c                __aeabi_ui2d
 .text          0x08002ba4       0x90 C:/ST/STM32CubeIDE_1.17.0/STM32CubeIDE/plugins/com.st.stm32cube.ide.mcu.externaltools.gnu-tools-for-stm32.13.3.rel1.win32_1.0.0.202411081344/tools/bin/../lib/gcc/arm-none-eabi/13.3.1/thumb/v6-m/nofp\libgcc.a(extendsfdf2.o)
                0x08002ba4                __aeabi_f2d
 .text          0x08002c34      0x104 C:/ST/STM32CubeIDE_1.17.0/STM32CubeIDE/plugins/com.st.stm32cube.ide.mcu.externaltools.gnu-tools-for-stm32.13.3.rel1.win32_1.0.0.202411081344/tools/bin/../lib/gcc/arm-none-eabi/13.3.1/thumb/v6-m/nofp\libgcc.a(truncdfsf2.o)
                0x08002c34                __aeabi_d2f
 .text          0x08002d38       0x3c C:/ST/STM32CubeIDE_1.17.0/STM32CubeIDE/plugins/com.st.stm32cube.ide.mcu.externaltools.gnu-tools-for-stm32.13.3.rel1.win32_1.0.0.202411081344/tools/bin/../lib/gcc/arm-none-eabi/13.3.1/thumb/v6-m/nofp\libgcc.a(_clzsi2.o)
                0x08002d38                __clzsi2
 .text          0x08002d74       0x18 C:/ST/STM32CubeIDE_1.17.0/STM32CubeIDE/plugins/com.st.stm32cube.ide.mcu.externaltools.gnu-tools-for-stm32.13.3.rel1.win32_1.0.0.202411081344/tools/bin/../lib/gcc/arm-none-eabi/13.3.1/thumb/v6-m/nofp\libgcc.a(_clzdi2.o)
                0x08002d74                __clzdi2
 *(.text*)
 .text.__NVIC_SystemReset
                0x08002d8c       0x24 BOS\BOS.o
 .text.LoadEEvars
                0x08002db0       0x2a BOS\BOS.o
                0x08002db0                LoadEEvars
 *fill*         0x08002dda        0x2 
 .text.LoadROtopology
                0x08002ddc       0xfc BOS\BOS.o
                0x08002ddc                LoadROtopology
 .text.LoadEEportsDir
                0x08002ed8       0x68 BOS\BOS.o
                0x08002ed8                LoadEEportsDir
 .text.LoadEEalias
                0x08002f40       0xd8 BOS\BOS.o
                0x08002f40                LoadEEalias
 .text.LoadEEgroup
                0x08003018      0x120 BOS\BOS.o
                0x08003018                LoadEEgroup
 .text.LoadEEstreams
                0x08003138      0x228 BOS\BOS.o
                0x08003138                LoadEEstreams
 .text.LoadEEparams
                0x08003360      0x2e4 BOS\BOS.o
                0x08003360                LoadEEparams
 .text.LoadEEbuttons
                0x08003644      0x124 BOS\BOS.o
                0x08003644                LoadEEbuttons
 .text.LoadROsnippets
                0x08003768      0x1d8 BOS\BOS.o
                0x08003768                LoadROsnippets
 .text.SaveEEportsDir
                0x08003940       0x78 BOS\BOS.o
                0x08003940                SaveEEportsDir
 .text.SaveEEalias
                0x080039b8       0xd0 BOS\BOS.o
                0x080039b8                SaveEEalias
 .text.SaveEEstreams
                0x08003a88       0xdc BOS\BOS.o
                0x08003a88                SaveEEstreams
 .text.SaveEEparams
                0x08003b64       0xb8 BOS\BOS.o
                0x08003b64                SaveEEparams
 .text.ClearEEportsDir
                0x08003c1c       0x84 BOS\BOS.o
                0x08003c1c                ClearEEportsDir
 .text.IsLowerCLIbaud
                0x08003ca0       0xe8 BOS\BOS.o
                0x08003ca0                IsLowerCLIbaud
 .text.IsModuleParameter
                0x08003d88       0x64 BOS\BOS.o
                0x08003d88                IsModuleParameter
 .text.IsMathOperator
                0x08003dec       0xc4 BOS\BOS.o
                0x08003dec                IsMathOperator
 .text.BOS_Init
                0x08003eb0      0x13c BOS\BOS.o
                0x08003eb0                BOS_Init
 .text.Module_Init
                0x08003fec       0x1e BOS\BOS.o
                0x08003fec                Module_Init
 *fill*         0x0800400a        0x2 
 .text.Explore  0x0800400c      0xa14 BOS\BOS.o
                0x0800400c                Explore
 .text.ExploreNeighbors
                0x08004a20       0x90 BOS\BOS.o
                0x08004a20                ExploreNeighbors
 .text.FindBroadcastRoutes
                0x08004ab0      0x3b0 BOS\BOS.o
                0x08004ab0                FindBroadcastRoutes
 .text.FindRoute
                0x08004e60      0x2d4 BOS\BOS.o
                0x08004e60                FindRoute
 .text.minArr   0x08005134       0x88 BOS\BOS.o
                0x08005134                minArr
 .text.QnotEmpty
                0x080051bc       0x50 BOS\BOS.o
                0x080051bc                QnotEmpty
 .text.DisplayTopology
                0x0800520c      0x258 BOS\BOS.o
                0x0800520c                DisplayTopology
 .text.DisplayPortsDir
                0x08005464      0x118 BOS\BOS.o
                0x08005464                DisplayPortsDir
 .text.DisplayModuleStatus
                0x0800557c      0x3b4 BOS\BOS.o
                0x0800557c                DisplayModuleStatus
 .text.GetID    0x08005930      0x160 BOS\BOS.o
                0x08005930                GetID
 .text.NameModule
                0x08005a90      0x140 BOS\BOS.o
                0x08005a90                NameModule
 .text.AddModuleToGroup
                0x08005bd0      0x1b8 BOS\BOS.o
                0x08005bd0                AddModuleToGroup
 .text.WriteToRemote
                0x08005d88      0x418 BOS\BOS.o
                0x08005d88                WriteToRemote
 .text.GetDateString
                0x080061a0       0x5c BOS\BOS.o
                0x080061a0                GetDateString
 .text.Bridge   0x080061fc       0x4c BOS\BOS.o
                0x080061fc                Bridge
 .text.Unbridge
                0x08006248       0xbc BOS\BOS.o
                0x08006248                Unbridge
 .text.convert_to_bytes
                0x08006304       0x84 BOS\BOS.o
                0x08006304                convert_to_bytes
 .text.convert_from_bytes
                0x08006388       0x78 BOS\BOS.o
                0x08006388                convert_from_bytes
 .text.prvCLITask
                0x08006400      0x254 BOS\BOS_CLI.o
                0x08006400                prvCLITask
 .text.CLI_CommandParser
                0x08006654      0x578 BOS\BOS_CLI.o
                0x08006654                CLI_CommandParser
 .text.StringToLowerCase
                0x08006bcc       0x6c BOS\BOS_CLI.o
                0x08006bcc                StringToLowerCase
 .text.AddSnippet
                0x08006c38      0x118 BOS\BOS_CLI.o
                0x08006c38                AddSnippet
 .text.ParseSnippetCondition
                0x08006d50      0x298 BOS\BOS_CLI.o
                0x08006d50                ParseSnippetCondition
 .text.CheckSnippetCondition
                0x08006fe8      0x1cc BOS\BOS_CLI.o
                0x08006fe8                CheckSnippetCondition
 .text.ExecuteSnippet
                0x080071b4       0xdc BOS\BOS_CLI.o
                0x080071b4                ExecuteSnippet
 .text.ParseSnippetCommand
                0x08007290       0xe0 BOS\BOS_CLI.o
                0x08007290                ParseSnippetCommand
 .text.__NVIC_SystemReset
                0x08007370       0x24 BOS\BOS_CLIcommands.o
 .text.RegisterUserCLICommands
                0x08007394        0xa BOS\BOS_CLIcommands.o
                0x08007394                RegisterUserCLICommands
 *fill*         0x0800739e        0x2 
 .text.vRegisterCLICommands
                0x080073a0      0x1a4 BOS\BOS_CLIcommands.o
                0x080073a0                vRegisterCLICommands
 .text.prvTaskStatsCommand
                0x08007544       0x40 BOS\BOS_CLIcommands.o
 .text.prvRunTimeStatsCommand
                0x08007584       0x40 BOS\BOS_CLIcommands.o
 .text.pingCommand
                0x080075c4       0x9c BOS\BOS_CLIcommands.o
 .text.bootloaderUpdateCommand
                0x08007660      0x200 BOS\BOS_CLIcommands.o
 .text.exploreCommand
                0x08007860       0xf8 BOS\BOS_CLIcommands.o
 .text.resetCommand
                0x08007958       0x10 BOS\BOS_CLIcommands.o
 .text.nameCommand
                0x08007968       0xe8 BOS\BOS_CLIcommands.o
 .text.groupCommand
                0x08007a50      0x2f4 BOS\BOS_CLIcommands.o
 .text.statusCommand
                0x08007d44       0x1c BOS\BOS_CLIcommands.o
 .text.infoCommand
                0x08007d60       0xfc BOS\BOS_CLIcommands.o
 .text.addbuttonCommand
                0x08007e5c      0x150 BOS\BOS_CLIcommands.o
 .text.removebuttonCommand
                0x08007fac       0x94 BOS\BOS_CLIcommands.o
 .text.setCommand
                0x08008040      0xbb4 BOS\BOS_CLIcommands.o
 .text.getCommand
                0x08008bf4      0x39c BOS\BOS_CLIcommands.o
 .text.defaultCommand
                0x08008f90       0xf8 BOS\BOS_CLIcommands.o
 .text.timeCommand
                0x08009088       0xd8 BOS\BOS_CLIcommands.o
 .text.dateCommand
                0x08009160       0x34 BOS\BOS_CLIcommands.o
 .text.setBaudrateCommand
                0x08009194       0xc0 BOS\BOS_CLIcommands.o
 .text.uuidCommand
                0x08009254       0x90 BOS\BOS_CLIcommands.o
 .text.idcodeCommand
                0x080092e4       0x7c BOS\BOS_CLIcommands.o
 .text.flashsizeCommand
                0x08009360       0x34 BOS\BOS_CLIcommands.o
 .text.snipCommand
                0x08009394      0x2dc BOS\BOS_CLIcommands.o
 .text.actSnipCommand
                0x08009670       0xb8 BOS\BOS_CLIcommands.o
 .text.pauseSnipCommand
                0x08009728       0xb8 BOS\BOS_CLIcommands.o
 .text.delSnipCommand
                0x080097e0      0x1d4 BOS\BOS_CLIcommands.o
 .text.bridgeCommand
                0x080099b4      0x11c BOS\BOS_CLIcommands.o
 .text.unbridgeCommand
                0x08009ad0      0x11c BOS\BOS_CLIcommands.o
 .text.testportCommand
                0x08009bec      0x2d8 BOS\BOS_CLIcommands.o
 .text.ADCReadCommand
                0x08009ec4      0x12c BOS\BOS_CLIcommands.o
 .text.ReadTempCommand
                0x08009ff0       0x54 BOS\BOS_CLIcommands.o
 .text.ReadVrefCommand
                0x0800a044       0x54 BOS\BOS_CLIcommands.o
 .text.GetReadPercentageCommand
                0x0800a098      0x104 BOS\BOS_CLIcommands.o
 .text.StartDMAstream
                0x0800a19c       0xb0 BOS\BOS_dma.o
                0x0800a19c                StartDMAstream
 .text.DMA_IRQHandler
                0x0800a24c      0x118 BOS\BOS_dma.o
                0x0800a24c                DMA_IRQHandler
 .text.ResetUartORE
                0x0800a364       0x54 BOS\BOS_dma.o
                0x0800a364                ResetUartORE
 .text.MX_FREERTOS_Init
                0x0800a3b8      0x260 BOS\BOS_freertos.o
                0x0800a3b8                MX_FREERTOS_Init
 .text.StartDefaultTask
                0x0800a618      0x108 BOS\BOS_freertos.o
                0x0800a618                StartDefaultTask
 .text.vMainConfigureTimerForRunTimeStats
                0x0800a720       0x2c BOS\BOS_freertos.o
                0x0800a720                vMainConfigureTimerForRunTimeStats
 .text.ulMainGetRunTimeCounterValue
                0x0800a74c       0x9c BOS\BOS_freertos.o
                0x0800a74c                ulMainGetRunTimeCounterValue
 .text.SetupDMAStreams
                0x0800a7e8      0x3c8 BOS\BOS_messaging.o
                0x0800a7e8                SetupDMAStreams
 .text.StreamTimerCallback
                0x0800abb0       0xa4 BOS\BOS_messaging.o
                0x0800abb0                StreamTimerCallback
 .text.ForwardReceivedMessage
                0x0800ac54       0x8c BOS\BOS_messaging.o
                0x0800ac54                ForwardReceivedMessage
 .text.BroadcastReceivedMessage
                0x0800ace0       0x70 BOS\BOS_messaging.o
                0x0800ace0                BroadcastReceivedMessage
 .text.NotifyMessagingTask
                0x0800ad50       0xa4 BOS\BOS_messaging.o
                0x0800ad50                NotifyMessagingTask
 .text.BroadcastMessage
                0x0800adf4       0x94 BOS\BOS_messaging.o
                0x0800adf4                BroadcastMessage
 .text.SendMessageToModule
                0x0800ae88       0xa4 BOS\BOS_messaging.o
                0x0800ae88                SendMessageToModule
 .text.SendLargeMessageToModule
                0x0800af2c      0x10c BOS\BOS_messaging.o
                0x0800af2c                SendLargeMessageToModule
 .text.SendMessageFromPort
                0x0800b038      0x4e8 BOS\BOS_messaging.o
                0x0800b038                SendMessageFromPort
 .text.StartScastDMAStream
                0x0800b520      0x314 BOS\BOS_messaging.o
                0x0800b520                StartScastDMAStream
 .text.__NVIC_SystemReset
                0x0800b834       0x24 BOS\BOS_msgparser.o
 .text.BackEndTask
                0x0800b858      0xbc0 BOS\BOS_msgparser.o
                0x0800b858                BackEndTask
 .text.PxMessagingTask
                0x0800c418      0x700 BOS\BOS_msgparser.o
                0x0800c418                PxMessagingTask
 .text.User_MessagingParser
                0x0800cb18       0x3a BOS\BOS_msgparser.o
                0x0800cb18                User_MessagingParser
 *fill*         0x0800cb52        0x2 
 .text.HandlePingCode
                0x0800cb54       0x74 BOS\BOS_msgparser.o
 .text.HandlePingResponseCode
                0x0800cbc8       0xd4 BOS\BOS_msgparser.o
 .text.HandleHiCode
                0x0800cc9c      0x110 BOS\BOS_msgparser.o
 .text.HandleHiResponseCode
                0x0800cdac       0xc8 BOS\BOS_msgparser.o
 .text.HandleEthernetDefaultValuesCode
                0x0800ce74      0x3e8 BOS\BOS_msgparser.o
 .text.HandleExploreAdjacentCode
                0x0800d25c       0xe4 BOS\BOS_msgparser.o
 .text.HandleExploreAdjacentResponseCode
                0x0800d340       0xfc BOS\BOS_msgparser.o
 .text.HandlePortDirectionCode
                0x0800d43c       0xcc BOS\BOS_msgparser.o
 .text.HandleModuleIDCode
                0x0800d508       0xec BOS\BOS_msgparser.o
 .text.HandleTopologyCode
                0x0800d5f4      0x128 BOS\BOS_msgparser.o
 .text.HandleReadPortDirectionResponseCode
                0x0800d71c       0xd0 BOS\BOS_msgparser.o
 .text.HandleBaudRateCode
                0x0800d7ec      0x140 BOS\BOS_msgparser.o
 .text.HandleExploreEEPROMCode
                0x0800d92c       0x4c BOS\BOS_msgparser.o
 .text.HandleDefArrayCode
                0x0800d978       0x50 BOS\BOS_msgparser.o
 .text.HandleCLICommandCode
                0x0800d9c8      0x1a8 BOS\BOS_msgparser.o
 .text.HandleCLIResponseCode
                0x0800db70      0x114 BOS\BOS_msgparser.o
 .text.HandleUpdateCode
                0x0800dc84       0x48 BOS\BOS_msgparser.o
 .text.HandleUpdateViaPortCode
                0x0800dccc       0x94 BOS\BOS_msgparser.o
 .text.HandleDMAChannelCode
                0x0800dd60      0x588 BOS\BOS_msgparser.o
 .text.HandleDMASingleCastStreamCode
                0x0800e2e8      0x14c BOS\BOS_msgparser.o
 .text.HandleReadRemoteCode
                0x0800e434      0x49c BOS\BOS_msgparser.o
 .text.HandleReadRemoteResponseCode
                0x0800e8d0      0x364 BOS\BOS_msgparser.o
 .text.HandleWriteRemoteCode
                0x0800ec34      0xa30 BOS\BOS_msgparser.o
 .text.HandleWriteRemoteResponseCode
                0x0800f664       0x58 BOS\BOS_msgparser.o
 .text.HandlePortForwardCode
                0x0800f6bc       0xa8 BOS\BOS_msgparser.o
 .text.HandleReadADCVauleCode
                0x0800f764       0xd4 BOS\BOS_msgparser.o
 .text.HandleReadTempAndVrefCode
                0x0800f838       0x48 BOS\BOS_msgparser.o
 .text.HandleAckAcceptedCode
                0x0800f880       0x3c BOS\BOS_msgparser.o
 .text.HandleRejectedCode
                0x0800f8bc       0x3c BOS\BOS_msgparser.o
 .text.HandleReadResponseCode
                0x0800f8f8      0x5c4 BOS\BOS_msgparser.o
 .text.HandleStopModeUartxCode
                0x0800febc       0x74 BOS\BOS_msgparser.o
 .text.HandleEnStandbyModeWakeupPinxCode
                0x0800ff30       0x74 BOS\BOS_msgparser.o
 .text.HandleDefaultCode
                0x0800ffa4      0x12c BOS\BOS_msgparser.o
 .text.SystemClock_Config
                0x080100d0       0xb4 H14RA\H14RA.o
                0x080100d0                SystemClock_Config
 .text.EnableStopModebyUARTx
                0x08010184       0xb8 H14RA\H14RA.o
                0x08010184                EnableStopModebyUARTx
 .text.EnableStandbyModebyWakeupPinx
                0x0801023c       0x64 H14RA\H14RA.o
                0x0801023c                EnableStandbyModebyWakeupPinx
 .text.DisableStandbyModeWakeupPinx
                0x080102a0       0x9c H14RA\H14RA.o
                0x080102a0                DisableStandbyModeWakeupPinx
 .text.SaveTopologyToRO
                0x0801033c      0x1bc H14RA\H14RA.o
                0x0801033c                SaveTopologyToRO
 .text.SaveSnippetsToRO
                0x080104f8      0x1f4 H14RA\H14RA.o
                0x080104f8                SaveSnippetsToRO
 .text.ClearROtopology
                0x080106ec       0x38 H14RA\H14RA.o
                0x080106ec                ClearROtopology
 .text.RemoteBootloaderUpdate
                0x08010724      0x178 H14RA\H14RA.o
                0x08010724                RemoteBootloaderUpdate
 .text.SetupPortForRemoteBootloaderUpdate
                0x0801089c       0x52 H14RA\H14RA.o
                0x0801089c                SetupPortForRemoteBootloaderUpdate
 *fill*         0x080108ee        0x2 
 .text.Module_Peripheral_Init
                0x080108f0      0x174 H14RA\H14RA.o
                0x080108f0                Module_Peripheral_Init
 .text.Module_MessagingTask
                0x08010a64       0x4e H14RA\H14RA.o
                0x08010a64                Module_MessagingTask
 *fill*         0x08010ab2        0x2 
 .text.GetPort  0x08010ab4       0x80 H14RA\H14RA.o
                0x08010ab4                GetPort
 .text.RegisterModuleCLICommands
                0x08010b34       0x24 H14RA\H14RA.o
                0x08010b34                RegisterModuleCLICommands
 .text.GetModuleParameter
                0x08010b58       0x2a H14RA\H14RA.o
                0x08010b58                GetModuleParameter
 *fill*         0x08010b82        0x2 
 .text.escTurnOnMotor
                0x08010b84       0xa4 H14RA\H14RA.o
                0x08010b84                escTurnOnMotor
 .text.escTurnOffMotor
                0x08010c28       0x98 H14RA\H14RA.o
                0x08010c28                escTurnOffMotor
 .text.escTurnOnMotorCommand
                0x08010cc0      0x148 H14RA\H14RA.o
                0x08010cc0                escTurnOnMotorCommand
 .text.escTurnOffMotorCommand
                0x08010e08      0x148 H14RA\H14RA.o
                0x08010e08                escTurnOffMotorCommand
 .text.DMA_Init
                0x08010f50       0x74 H14RA\H14RA_dma.o
                0x08010f50                DMA_Init
 .text.SetupMessagingRxDMAs
                0x08010fc4      0x11c H14RA\H14RA_dma.o
                0x08010fc4                SetupMessagingRxDMAs
 .text.DMA_MSG_RX_Setup
                0x080110e0       0x68 H14RA\H14RA_dma.o
                0x080110e0                DMA_MSG_RX_Setup
 .text.DMA_STREAM_Setup
                0x08011148       0xf0 H14RA\H14RA_dma.o
                0x08011148                DMA_STREAM_Setup
 .text.StopDMA  0x08011238       0x98 H14RA\H14RA_dma.o
                0x08011238                StopDMA
 .text.SwitchMsgDMAToStream
                0x080112d0       0x52 H14RA\H14RA_dma.o
                0x080112d0                SwitchMsgDMAToStream
 *fill*         0x08011322        0x2 
 .text.SwitchStreamDMAToMsg
                0x08011324       0xc8 H14RA\H14RA_dma.o
                0x08011324                SwitchStreamDMAToMsg
 .text.CRC_Init
                0x080113ec       0x44 H14RA\H14RA_dma.o
                0x080113ec                CRC_Init
 .text.HAL_CRC_MspInit
                0x08011430       0x30 H14RA\H14RA_dma.o
                0x08011430                HAL_CRC_MspInit
 .text.CalculateCRC8
                0x08011460      0x154 H14RA\H14RA_dma.o
                0x08011460                CalculateCRC8
 .text.__NVIC_SystemReset
                0x080115b4       0x24 H14RA\H14RA_eeprom.o
 .text.EE_Init  0x080115d8       0x56 H14RA\H14RA_eeprom.o
                0x080115d8                EE_Init
 .text.EE_ReadVariable
                0x0801162e       0x42 H14RA\H14RA_eeprom.o
                0x0801162e                EE_ReadVariable
 .text.EE_WriteVariable
                0x08011670       0x72 H14RA\H14RA_eeprom.o
                0x08011670                EE_WriteVariable
 .text.EE_Format
                0x080116e2       0x3a H14RA\H14RA_eeprom.o
                0x080116e2                EE_Format
 .text.EE_FormatForFactoryReset
                0x0801171c       0x2c H14RA\H14RA_eeprom.o
                0x0801171c                EE_FormatForFactoryReset
 .text.GPIO_Init
                0x08011748       0x90 H14RA\H14RA_gpio.o
                0x08011748                GPIO_Init
 .text.IND_LED_Init
                0x080117d8       0x38 H14RA\H14RA_gpio.o
                0x080117d8                IND_LED_Init
 .text.IsFactoryReset
                0x08011810      0x15c H14RA\H14RA_gpio.o
                0x08011810                IsFactoryReset
 .text.GetPortGPIOs
                0x0801196c      0x144 H14RA\H14RA_gpio.o
                0x0801196c                GetPortGPIOs
 .text.MX_ADC_Init
                0x08011ab0       0x88 H14RA\H14RA_inputs.o
                0x08011ab0                MX_ADC_Init
 .text.HAL_ADC_MspInit
                0x08011b38       0xa8 H14RA\H14RA_inputs.o
                0x08011b38                HAL_ADC_MspInit
 .text.Error_Handler
                0x08011be0       0x10 H14RA\H14RA_inputs.o
                0x08011be0                Error_Handler
 .text.GetChannel
                0x08011bf0       0xa8 H14RA\H14RA_inputs.o
                0x08011bf0                GetChannel
 .text.GetRank  0x08011c98       0xa4 H14RA\H14RA_inputs.o
                0x08011c98                GetRank
 .text.CheckAttachedButtons
                0x08011d3c      0x580 H14RA\H14RA_inputs.o
                0x08011d3c                CheckAttachedButtons
 .text.AddPortButton
                0x080122bc      0x270 H14RA\H14RA_inputs.o
                0x080122bc                AddPortButton
 .text.RemovePortButton
                0x0801252c      0x19c H14RA\H14RA_inputs.o
                0x0801252c                RemovePortButton
 .text.SetButtonEvents
                0x080126c8      0x174 H14RA\H14RA_inputs.o
                0x080126c8                SetButtonEvents
 .text.ADCSelectPort
                0x0801283c       0x8c H14RA\H14RA_inputs.o
                0x0801283c                ADCSelectPort
 .text.ReadADCChannel
                0x080128c8      0x154 H14RA\H14RA_inputs.o
                0x080128c8                ReadADCChannel
 .text.ReadTempAndVref
                0x08012a1c      0x1d0 H14RA\H14RA_inputs.o
                0x08012a1c                ReadTempAndVref
 .text.GetReadPercentage
                0x08012bec       0x7c H14RA\H14RA_inputs.o
                0x08012bec                GetReadPercentage
 .text.buttonReleasedCallback
                0x08012c68       0x14 H14RA\H14RA_inputs.o
                0x08012c68                buttonReleasedCallback
 .text.buttonClickedCallback
                0x08012c7c       0x14 H14RA\H14RA_inputs.o
                0x08012c7c                buttonClickedCallback
 .text.buttonDblClickedCallback
                0x08012c90       0x14 H14RA\H14RA_inputs.o
                0x08012c90                buttonDblClickedCallback
 .text.__NVIC_SystemReset
                0x08012ca4       0x24 H14RA\H14RA_it.o
 .text.SysTick_Handler
                0x08012cc8       0x12 H14RA\H14RA_it.o
                0x08012cc8                SysTick_Handler
 *fill*         0x08012cda        0x2 
 .text.HardFault_Handler
                0x08012cdc       0x40 H14RA\H14RA_it.o
                0x08012cdc                HardFault_Handler
 .text.HAL_UARTEx_RxEventCallback
                0x08012d1c       0x74 H14RA\H14RA_it.o
                0x08012d1c                HAL_UARTEx_RxEventCallback
 .text.USART1_IRQHandler
                0x08012d90       0xac H14RA\H14RA_it.o
                0x08012d90                USART1_IRQHandler
 .text.USART2_LPUART2_IRQHandler
                0x08012e3c       0xac H14RA\H14RA_it.o
                0x08012e3c                USART2_LPUART2_IRQHandler
 .text.USART3_4_5_6_LPUART1_IRQHandler
                0x08012ee8      0x254 H14RA\H14RA_it.o
                0x08012ee8                USART3_4_5_6_LPUART1_IRQHandler
 .text.DMA1_Channel1_IRQHandler
                0x0801313c       0x20 H14RA\H14RA_it.o
                0x0801313c                DMA1_Channel1_IRQHandler
 .text.DMA1_Channel2_3_IRQHandler
                0x0801315c       0x54 H14RA\H14RA_it.o
                0x0801315c                DMA1_Channel2_3_IRQHandler
 .text.DMA1_Ch4_7_DMA2_Ch1_5_DMAMUX1_OVR_IRQHandler
                0x080131b0       0x80 H14RA\H14RA_it.o
                0x080131b0                DMA1_Ch4_7_DMA2_Ch1_5_DMAMUX1_OVR_IRQHandler
 .text.HAL_UART_TxCpltCallback
                0x08013230       0x38 H14RA\H14RA_it.o
                0x08013230                HAL_UART_TxCpltCallback
 .text.HAL_UART_ErrorCallback
                0x08013268       0xd4 H14RA\H14RA_it.o
                0x08013268                HAL_UART_ErrorCallback
 .text.HAL_UART_RxCpltCallback
                0x0801333c       0x10 H14RA\H14RA_it.o
                0x0801333c                HAL_UART_RxCpltCallback
 .text.HAL_UARTEx_WakeupCallback
                0x0801334c       0x5c H14RA\H14RA_it.o
                0x0801334c                HAL_UARTEx_WakeupCallback
 .text.vApplicationStackOverflowHook
                0x080133a8       0x44 H14RA\H14RA_it.o
                0x080133a8                vApplicationStackOverflowHook
 .text.vApplicationMallocFailedHook
                0x080133ec       0x40 H14RA\H14RA_it.o
                0x080133ec                vApplicationMallocFailedHook
 .text.RTC_Init
                0x0801342c       0xd8 H14RA\H14RA_rtc.o
                0x0801342c                RTC_Init
 .text.RTC_CalendarConfig
                0x08013504      0x18c H14RA\H14RA_rtc.o
                0x08013504                RTC_CalendarConfig
 .text.BOS_CalendarConfig
                0x08013690      0x194 H14RA\H14RA_rtc.o
                0x08013690                BOS_CalendarConfig
 .text.GetTimeDate
                0x08013824       0x90 H14RA\H14RA_rtc.o
                0x08013824                GetTimeDate
 .text.HAL_RTC_MspInit
                0x080138b4       0x74 H14RA\H14RA_rtc.o
                0x080138b4                HAL_RTC_MspInit
 .text.HAL_RTC_MspDeInit
                0x08013928       0x44 H14RA\H14RA_rtc.o
                0x08013928                HAL_RTC_MspDeInit
 .text.TIM_USEC_Init
                0x0801396c       0x74 H14RA\H14RA_timers.o
                0x0801396c                TIM_USEC_Init
 .text.TIM_MSEC_Init
                0x080139e0       0x78 H14RA\H14RA_timers.o
                0x080139e0                TIM_MSEC_Init
 .text.MX_TIM1_Init
                0x08013a58      0x15c H14RA\H14RA_timers.o
                0x08013a58                MX_TIM1_Init
 .text.MX_TIM2_Init
                0x08013bb4       0xd4 H14RA\H14RA_timers.o
                0x08013bb4                MX_TIM2_Init
 .text.MX_TIM3_Init
                0x08013c88       0xe0 H14RA\H14RA_timers.o
                0x08013c88                MX_TIM3_Init
 .text.MX_TIM4_Init
                0x08013d68       0xd4 H14RA\H14RA_timers.o
                0x08013d68                MX_TIM4_Init
 .text.MX_TIM15_Init
                0x08013e3c      0x13c H14RA\H14RA_timers.o
                0x08013e3c                MX_TIM15_Init
 .text.HAL_TIM_Base_MspInit
                0x08013f78      0x120 H14RA\H14RA_timers.o
                0x08013f78                HAL_TIM_Base_MspInit
 .text.HAL_TIM_MspPostInit
                0x08014098      0x1d4 H14RA\H14RA_timers.o
                0x08014098                HAL_TIM_MspPostInit
 .text.StartMicroDelay
                0x0801426c       0x48 H14RA\H14RA_timers.o
                0x0801426c                StartMicroDelay
 .text.StartMilliDelay
                0x080142b4       0x48 H14RA\H14RA_timers.o
                0x080142b4                StartMilliDelay
 .text.MX_USART1_UART_Init
                0x080142fc       0x7c H14RA\H14RA_uart.o
                0x080142fc                MX_USART1_UART_Init
 .text.MX_USART2_UART_Init
                0x08014378       0x7c H14RA\H14RA_uart.o
                0x08014378                MX_USART2_UART_Init
 .text.MX_USART3_UART_Init
                0x080143f4       0x7c H14RA\H14RA_uart.o
                0x080143f4                MX_USART3_UART_Init
 .text.MX_USART4_UART_Init
                0x08014470       0x60 H14RA\H14RA_uart.o
                0x08014470                MX_USART4_UART_Init
 .text.MX_USART5_UART_Init
                0x080144d0       0x60 H14RA\H14RA_uart.o
                0x080144d0                MX_USART5_UART_Init
 .text.MX_USART6_UART_Init
                0x08014530       0x60 H14RA\H14RA_uart.o
                0x08014530                MX_USART6_UART_Init
 .text.HAL_UART_MspInit
                0x08014590      0x5b0 H14RA\H14RA_uart.o
                0x08014590                HAL_UART_MspInit
 .text.writePxMutex
                0x08014b40       0xac H14RA\H14RA_uart.o
                0x08014b40                writePxMutex
 .text.writePxITMutex
                0x08014bec       0x80 H14RA\H14RA_uart.o
                0x08014bec                writePxITMutex
 .text.UpdateBaudrate
                0x08014c6c       0x3e H14RA\H14RA_uart.o
                0x08014c6c                UpdateBaudrate
 *fill*         0x08014caa        0x2 
 .text.GetUart  0x08014cac       0x5c H14RA\H14RA_uart.o
                0x08014cac                GetUart
 .text.SwapUartPins
                0x08014d08      0x118 H14RA\H14RA_uart.o
                0x08014d08                SwapUartPins
 .text.ReadPortsDir
                0x08014e20       0xa8 H14RA\H14RA_uart.o
                0x08014e20                ReadPortsDir
 .text.ReadPortsDirMSG
                0x08014ec8       0x80 H14RA\H14RA_uart.o
                0x08014ec8                ReadPortsDirMSG
 .text.UpdateMyPortsDir
                0x08014f48       0x84 H14RA\H14RA_uart.o
                0x08014f48                UpdateMyPortsDir
 .text.Reset_Handler
                0x08014fcc       0x90 H14RA\startup_stm32g0b1ceuxn.o
                0x08014fcc                Reset_Handler
 .text.Default_Handler
                0x0801505c        0x2 H14RA\startup_stm32g0b1ceuxn.o
                0x0801505c                I2C2_3_IRQHandler
                0x0801505c                TIM1_CC_IRQHandler
                0x0801505c                ADC1_COMP_IRQHandler
                0x0801505c                NMI_Handler
                0x0801505c                I2C1_IRQHandler
                0x0801505c                TIM7_LPTIM2_IRQHandler
                0x0801505c                TIM17_FDCAN_IT1_IRQHandler
                0x0801505c                RCC_CRS_IRQHandler
                0x0801505c                RTC_TAMP_IRQHandler
                0x0801505c                SPI1_IRQHandler
                0x0801505c                USB_UCPD1_2_IRQHandler
                0x0801505c                EXTI2_3_IRQHandler
                0x0801505c                PVD_VDDIO2_IRQHandler
                0x0801505c                EXTI4_15_IRQHandler
                0x0801505c                Default_Handler
                0x0801505c                CEC_IRQHandler
                0x0801505c                TIM14_IRQHandler
                0x0801505c                TIM15_IRQHandler
                0x0801505c                TIM3_TIM4_IRQHandler
                0x0801505c                EXTI0_1_IRQHandler
                0x0801505c                SPI2_3_IRQHandler
                0x0801505c                TIM6_DAC_LPTIM1_IRQHandler
                0x0801505c                WWDG_IRQHandler
                0x0801505c                TIM2_IRQHandler
                0x0801505c                FLASH_IRQHandler
                0x0801505c                TIM16_FDCAN_IT0_IRQHandler
                0x0801505c                TIM1_BRK_UP_TRG_COM_IRQHandler
 .text.SystemInit
                0x0801505e        0xa Thirdparty\CMSIS\STM32G0xx\Device\ST\STM32G0xx\Source\Templates\system_stm32g0xx.o
                0x0801505e                SystemInit
 .text.LL_CRC_ResetCRCCalculationUnit
                0x08015068       0x1c Thirdparty\EEPROM_Emul\Core\eeprom_emul.o
 .text.LL_CRC_SetPolynomialSize
                0x08015084       0x24 Thirdparty\EEPROM_Emul\Core\eeprom_emul.o
 .text.LL_CRC_SetPolynomialCoef
                0x080150a8       0x18 Thirdparty\EEPROM_Emul\Core\eeprom_emul.o
 .text.LL_CRC_FeedData32
                0x080150c0       0x18 Thirdparty\EEPROM_Emul\Core\eeprom_emul.o
 .text.LL_CRC_FeedData16
                0x080150d8       0x22 Thirdparty\EEPROM_Emul\Core\eeprom_emul.o
 .text.LL_CRC_ReadData16
                0x080150fa       0x16 Thirdparty\EEPROM_Emul\Core\eeprom_emul.o
 .text.LL_AHB1_GRP1_EnableClock
                0x08015110       0x2c Thirdparty\EEPROM_Emul\Core\eeprom_emul.o
 .text.EEPROM_Init
                0x0801513c     0x1874 Thirdparty\EEPROM_Emul\Core\eeprom_emul.o
                0x0801513c                EEPROM_Init
 .text.EEPROM_Format
                0x080169b0      0x2a8 Thirdparty\EEPROM_Emul\Core\eeprom_emul.o
                0x080169b0                EEPROM_Format
 .text.EE_ReadVariable16bits
                0x08016c58       0x60 Thirdparty\EEPROM_Emul\Core\eeprom_emul.o
                0x08016c58                EE_ReadVariable16bits
 .text.EE_WriteVariable16bits
                0x08016cb8       0x48 Thirdparty\EEPROM_Emul\Core\eeprom_emul.o
                0x08016cb8                EE_WriteVariable16bits
 .text.EE_CleanUp
                0x08016d00      0x2a4 Thirdparty\EEPROM_Emul\Core\eeprom_emul.o
                0x08016d00                EE_CleanUp
 .text.ReadVariable
                0x08016fa4      0x340 Thirdparty\EEPROM_Emul\Core\eeprom_emul.o
 .text.WriteVariable
                0x080172e4       0x52 Thirdparty\EEPROM_Emul\Core\eeprom_emul.o
 .text.VerifyPageFullyErased
                0x08017336       0x4e Thirdparty\EEPROM_Emul\Core\eeprom_emul.o
 .text.FindPage
                0x08017384      0x444 Thirdparty\EEPROM_Emul\Core\eeprom_emul.o
 .text.PagesTransfer
                0x080177c8      0x8ec Thirdparty\EEPROM_Emul\Core\eeprom_emul.o
 .text.VerifyPagesFullWriteVariable
                0x080180b4      0x1ac Thirdparty\EEPROM_Emul\Core\eeprom_emul.o
 .text.SetPageState
                0x08018260      0x364 Thirdparty\EEPROM_Emul\Core\eeprom_emul.o
 .text.GetPageState
                0x080185c4       0xa0 Thirdparty\EEPROM_Emul\Core\eeprom_emul.o
 .text.ConfigureCrc
                0x08018664       0x34 Thirdparty\EEPROM_Emul\Core\eeprom_emul.o
                0x08018664                ConfigureCrc
 .text.CalculateCrc
                0x08018698       0x48 Thirdparty\EEPROM_Emul\Core\eeprom_emul.o
                0x08018698                CalculateCrc
 .text.FI_WriteDoubleWord
                0x080186e0       0x22 Thirdparty\EEPROM_Emul\Porting\STM32G0\flash_interface.o
                0x080186e0                FI_WriteDoubleWord
 *fill*         0x08018702        0x2 
 .text.FI_PageErase
                0x08018704      0x120 Thirdparty\EEPROM_Emul\Porting\STM32G0\flash_interface.o
                0x08018704                FI_PageErase
 .text.FI_CacheFlush
                0x08018824        0xa Thirdparty\EEPROM_Emul\Porting\STM32G0\flash_interface.o
                0x08018824                FI_CacheFlush
 *fill*         0x0801882e        0x2 
 .text.GetBankNumber
                0x08018830       0x90 Thirdparty\EEPROM_Emul\Porting\STM32G0\flash_interface.o
 .text.FI_CheckBankConfig
                0x080188c0       0x18 Thirdparty\EEPROM_Emul\Porting\STM32G0\flash_interface.o
                0x080188c0                FI_CheckBankConfig
 .text.inHandlerMode
                0x080188d8       0x1c Thirdparty\Middleware\STM32G0xx\FreeRTOS\Source\CMSIS_RTOS\cmsis_os.o
 .text.osKernelStart
                0x080188f4       0x10 Thirdparty\Middleware\STM32G0xx\FreeRTOS\Source\CMSIS_RTOS\cmsis_os.o
                0x080188f4                osKernelStart
 .text.osDelay  0x08018904       0x28 Thirdparty\Middleware\STM32G0xx\FreeRTOS\Source\CMSIS_RTOS\cmsis_os.o
                0x08018904                osDelay
 .text.osSemaphoreCreate
                0x0801892c       0x4a Thirdparty\Middleware\STM32G0xx\FreeRTOS\Source\CMSIS_RTOS\cmsis_os.o
                0x0801892c                osSemaphoreCreate
 *fill*         0x08018976        0x2 
 .text.osSemaphoreWait
                0x08018978       0x94 Thirdparty\Middleware\STM32G0xx\FreeRTOS\Source\CMSIS_RTOS\cmsis_os.o
                0x08018978                osSemaphoreWait
 .text.osSemaphoreRelease
                0x08018a0c       0x64 Thirdparty\Middleware\STM32G0xx\FreeRTOS\Source\CMSIS_RTOS\cmsis_os.o
                0x08018a0c                osSemaphoreRelease
 .text.osSystickHandler
                0x08018a70       0x18 Thirdparty\Middleware\STM32G0xx\FreeRTOS\Source\CMSIS_RTOS\cmsis_os.o
                0x08018a70                osSystickHandler
 .text.FreeRTOS_CLIRegisterCommand
                0x08018a88       0x50 Thirdparty\Middleware\STM32G0xx\FreeRTOS\Source\FreeRTOS_CLI.o
                0x08018a88                FreeRTOS_CLIRegisterCommand
 .text.FreeRTOS_CLIProcessCommand
                0x08018ad8      0x11c Thirdparty\Middleware\STM32G0xx\FreeRTOS\Source\FreeRTOS_CLI.o
                0x08018ad8                FreeRTOS_CLIProcessCommand
 .text.FreeRTOS_CLIGetOutputBuffer
                0x08018bf4       0x10 Thirdparty\Middleware\STM32G0xx\FreeRTOS\Source\FreeRTOS_CLI.o
                0x08018bf4                FreeRTOS_CLIGetOutputBuffer
 .text.FreeRTOS_CLIGetParameter
                0x08018c04       0xbc Thirdparty\Middleware\STM32G0xx\FreeRTOS\Source\FreeRTOS_CLI.o
                0x08018c04                FreeRTOS_CLIGetParameter
 .text.prvHelpCommand
                0x08018cc0      0x154 Thirdparty\Middleware\STM32G0xx\FreeRTOS\Source\FreeRTOS_CLI.o
 .text.prvGetNumberOfParameters
                0x08018e14       0x7a Thirdparty\Middleware\STM32G0xx\FreeRTOS\Source\FreeRTOS_CLI.o
 .text.vListInitialise
                0x08018e8e       0x3c Thirdparty\Middleware\STM32G0xx\FreeRTOS\Source\list.o
                0x08018e8e                vListInitialise
 .text.vListInitialiseItem
                0x08018eca       0x16 Thirdparty\Middleware\STM32G0xx\FreeRTOS\Source\list.o
                0x08018eca                vListInitialiseItem
 .text.vListInsertEnd
                0x08018ee0       0x44 Thirdparty\Middleware\STM32G0xx\FreeRTOS\Source\list.o
                0x08018ee0                vListInsertEnd
 .text.vListInsert
                0x08018f24       0x6c Thirdparty\Middleware\STM32G0xx\FreeRTOS\Source\list.o
                0x08018f24                vListInsert
 .text.uxListRemove
                0x08018f90       0x50 Thirdparty\Middleware\STM32G0xx\FreeRTOS\Source\list.o
                0x08018f90                uxListRemove
 .text.pxPortInitialiseStack
                0x08018fe0       0x54 Thirdparty\Middleware\STM32G0xx\FreeRTOS\Source\portable\GCC\ARM_CM0\port.o
                0x08018fe0                pxPortInitialiseStack
 .text.prvTaskExitError
                0x08019034       0x1e Thirdparty\Middleware\STM32G0xx\FreeRTOS\Source\portable\GCC\ARM_CM0\port.o
 .text.SVC_Handler
                0x08019052        0xa Thirdparty\Middleware\STM32G0xx\FreeRTOS\Source\portable\GCC\ARM_CM0\port.o
                0x08019052                SVC_Handler
 *fill*         0x0801905c        0x4 
 .text.vPortStartFirstTask
                0x08019060       0x38 Thirdparty\Middleware\STM32G0xx\FreeRTOS\Source\portable\GCC\ARM_CM0\port.o
 .text.xPortStartScheduler
                0x08019098       0x48 Thirdparty\Middleware\STM32G0xx\FreeRTOS\Source\portable\GCC\ARM_CM0\port.o
                0x08019098                xPortStartScheduler
 .text.vPortYield
                0x080190e0       0x20 Thirdparty\Middleware\STM32G0xx\FreeRTOS\Source\portable\GCC\ARM_CM0\port.o
                0x080190e0                vPortYield
 .text.vPortEnterCritical
                0x08019100       0x24 Thirdparty\Middleware\STM32G0xx\FreeRTOS\Source\portable\GCC\ARM_CM0\port.o
                0x08019100                vPortEnterCritical
 .text.vPortExitCritical
                0x08019124       0x24 Thirdparty\Middleware\STM32G0xx\FreeRTOS\Source\portable\GCC\ARM_CM0\port.o
                0x08019124                vPortExitCritical
 .text.ulSetInterruptMaskFromISR
                0x08019148        0xc Thirdparty\Middleware\STM32G0xx\FreeRTOS\Source\portable\GCC\ARM_CM0\port.o
                0x08019148                ulSetInterruptMaskFromISR
 .text.vClearInterruptMaskFromISR
                0x08019154        0x8 Thirdparty\Middleware\STM32G0xx\FreeRTOS\Source\portable\GCC\ARM_CM0\port.o
                0x08019154                vClearInterruptMaskFromISR
 *fill*         0x0801915c        0x4 
 .text.PendSV_Handler
                0x08019160       0x48 Thirdparty\Middleware\STM32G0xx\FreeRTOS\Source\portable\GCC\ARM_CM0\port.o
                0x08019160                PendSV_Handler
 .text.xPortSysTickHandler
                0x080191a8       0x34 Thirdparty\Middleware\STM32G0xx\FreeRTOS\Source\portable\GCC\ARM_CM0\port.o
                0x080191a8                xPortSysTickHandler
 .text.vPortSetupTimerInterrupt
                0x080191dc       0x44 Thirdparty\Middleware\STM32G0xx\FreeRTOS\Source\portable\GCC\ARM_CM0\port.o
                0x080191dc                vPortSetupTimerInterrupt
 .text.pvPortMalloc
                0x08019220      0x140 Thirdparty\Middleware\STM32G0xx\FreeRTOS\Source\portable\MemMang\heap_4.o
                0x08019220                pvPortMalloc
 .text.vPortFree
                0x08019360       0x80 Thirdparty\Middleware\STM32G0xx\FreeRTOS\Source\portable\MemMang\heap_4.o
                0x08019360                vPortFree
 .text.prvHeapInit
                0x080193e0       0xc0 Thirdparty\Middleware\STM32G0xx\FreeRTOS\Source\portable\MemMang\heap_4.o
 .text.prvInsertBlockIntoFreeList
                0x080194a0       0xb0 Thirdparty\Middleware\STM32G0xx\FreeRTOS\Source\portable\MemMang\heap_4.o
 .text.xQueueGenericReset
                0x08019550       0x9e Thirdparty\Middleware\STM32G0xx\FreeRTOS\Source\queue.o
                0x08019550                xQueueGenericReset
 .text.xQueueGenericCreate
                0x080195ee       0x52 Thirdparty\Middleware\STM32G0xx\FreeRTOS\Source\queue.o
                0x080195ee                xQueueGenericCreate
 .text.prvInitialiseNewQueue
                0x08019640       0x4e Thirdparty\Middleware\STM32G0xx\FreeRTOS\Source\queue.o
 .text.xQueueCreateCountingSemaphore
                0x0801968e       0x30 Thirdparty\Middleware\STM32G0xx\FreeRTOS\Source\queue.o
                0x0801968e                xQueueCreateCountingSemaphore
 .text.xQueueGenericSend
                0x080196be      0x12a Thirdparty\Middleware\STM32G0xx\FreeRTOS\Source\queue.o
                0x080196be                xQueueGenericSend
 .text.xQueueGenericSendFromISR
                0x080197e8       0xa6 Thirdparty\Middleware\STM32G0xx\FreeRTOS\Source\queue.o
                0x080197e8                xQueueGenericSendFromISR
 .text.xQueueGiveFromISR
                0x0801988e       0x96 Thirdparty\Middleware\STM32G0xx\FreeRTOS\Source\queue.o
                0x0801988e                xQueueGiveFromISR
 .text.xQueueReceive
                0x08019924      0x128 Thirdparty\Middleware\STM32G0xx\FreeRTOS\Source\queue.o
                0x08019924                xQueueReceive
 .text.xQueueSemaphoreTake
                0x08019a4c      0x178 Thirdparty\Middleware\STM32G0xx\FreeRTOS\Source\queue.o
                0x08019a4c                xQueueSemaphoreTake
 .text.xQueueReceiveFromISR
                0x08019bc4       0xa0 Thirdparty\Middleware\STM32G0xx\FreeRTOS\Source\queue.o
                0x08019bc4                xQueueReceiveFromISR
 .text.prvGetDisinheritPriorityAfterTimeout
                0x08019c64       0x2c Thirdparty\Middleware\STM32G0xx\FreeRTOS\Source\queue.o
 .text.prvCopyDataToQueue
                0x08019c90       0xd6 Thirdparty\Middleware\STM32G0xx\FreeRTOS\Source\queue.o
 .text.prvCopyDataFromQueue
                0x08019d66       0x4c Thirdparty\Middleware\STM32G0xx\FreeRTOS\Source\queue.o
 .text.prvUnlockQueue
                0x08019db2       0xbc Thirdparty\Middleware\STM32G0xx\FreeRTOS\Source\queue.o
 .text.prvIsQueueEmpty
                0x08019e6e       0x2c Thirdparty\Middleware\STM32G0xx\FreeRTOS\Source\queue.o
 .text.prvIsQueueFull
                0x08019e9a       0x30 Thirdparty\Middleware\STM32G0xx\FreeRTOS\Source\queue.o
 *fill*         0x08019eca        0x2 
 .text.vQueueAddToRegistry
                0x08019ecc       0x50 Thirdparty\Middleware\STM32G0xx\FreeRTOS\Source\queue.o
                0x08019ecc                vQueueAddToRegistry
 .text.vQueueWaitForMessageRestricted
                0x08019f1c       0x66 Thirdparty\Middleware\STM32G0xx\FreeRTOS\Source\queue.o
                0x08019f1c                vQueueWaitForMessageRestricted
 .text.xTaskCreate
                0x08019f82       0x90 Thirdparty\Middleware\STM32G0xx\FreeRTOS\Source\tasks.o
                0x08019f82                xTaskCreate
 *fill*         0x0801a012        0x2 
 .text.prvInitialiseNewTask
                0x0801a014      0x10c Thirdparty\Middleware\STM32G0xx\FreeRTOS\Source\tasks.o
 .text.prvAddNewTaskToReadyList
                0x0801a120       0xd0 Thirdparty\Middleware\STM32G0xx\FreeRTOS\Source\tasks.o
 .text.vTaskDelay
                0x0801a1f0       0x3a Thirdparty\Middleware\STM32G0xx\FreeRTOS\Source\tasks.o
                0x0801a1f0                vTaskDelay
 *fill*         0x0801a22a        0x2 
 .text.eTaskGetState
                0x0801a22c       0xd0 Thirdparty\Middleware\STM32G0xx\FreeRTOS\Source\tasks.o
                0x0801a22c                eTaskGetState
 .text.uxTaskPriorityGet
                0x0801a2fc       0x34 Thirdparty\Middleware\STM32G0xx\FreeRTOS\Source\tasks.o
                0x0801a2fc                uxTaskPriorityGet
 .text.vTaskPrioritySet
                0x0801a330      0x110 Thirdparty\Middleware\STM32G0xx\FreeRTOS\Source\tasks.o
                0x0801a330                vTaskPrioritySet
 .text.vTaskStartScheduler
                0x0801a440       0x74 Thirdparty\Middleware\STM32G0xx\FreeRTOS\Source\tasks.o
                0x0801a440                vTaskStartScheduler
 .text.vTaskSuspendAll
                0x0801a4b4       0x18 Thirdparty\Middleware\STM32G0xx\FreeRTOS\Source\tasks.o
                0x0801a4b4                vTaskSuspendAll
 .text.xTaskResumeAll
                0x0801a4cc      0x10c Thirdparty\Middleware\STM32G0xx\FreeRTOS\Source\tasks.o
                0x0801a4cc                xTaskResumeAll
 .text.xTaskGetTickCount
                0x0801a5d8       0x1c Thirdparty\Middleware\STM32G0xx\FreeRTOS\Source\tasks.o
                0x0801a5d8                xTaskGetTickCount
 .text.xTaskGetTickCountFromISR
                0x0801a5f4       0x20 Thirdparty\Middleware\STM32G0xx\FreeRTOS\Source\tasks.o
                0x0801a5f4                xTaskGetTickCountFromISR
 .text.uxTaskGetSystemState
                0x0801a614      0x120 Thirdparty\Middleware\STM32G0xx\FreeRTOS\Source\tasks.o
                0x0801a614                uxTaskGetSystemState
 .text.xTaskIncrementTick
                0x0801a734      0x150 Thirdparty\Middleware\STM32G0xx\FreeRTOS\Source\tasks.o
                0x0801a734                xTaskIncrementTick
 .text.vTaskSwitchContext
                0x0801a884      0x124 Thirdparty\Middleware\STM32G0xx\FreeRTOS\Source\tasks.o
                0x0801a884                vTaskSwitchContext
 .text.vTaskPlaceOnEventList
                0x0801a9a8       0x34 Thirdparty\Middleware\STM32G0xx\FreeRTOS\Source\tasks.o
                0x0801a9a8                vTaskPlaceOnEventList
 .text.vTaskPlaceOnEventListRestricted
                0x0801a9dc       0x44 Thirdparty\Middleware\STM32G0xx\FreeRTOS\Source\tasks.o
                0x0801a9dc                vTaskPlaceOnEventListRestricted
 .text.xTaskRemoveFromEventList
                0x0801aa20       0xb0 Thirdparty\Middleware\STM32G0xx\FreeRTOS\Source\tasks.o
                0x0801aa20                xTaskRemoveFromEventList
 .text.vTaskInternalSetTimeOutState
                0x0801aad0       0x28 Thirdparty\Middleware\STM32G0xx\FreeRTOS\Source\tasks.o
                0x0801aad0                vTaskInternalSetTimeOutState
 .text.xTaskCheckForTimeOut
                0x0801aaf8       0x8c Thirdparty\Middleware\STM32G0xx\FreeRTOS\Source\tasks.o
                0x0801aaf8                xTaskCheckForTimeOut
 .text.vTaskMissedYield
                0x0801ab84       0x14 Thirdparty\Middleware\STM32G0xx\FreeRTOS\Source\tasks.o
                0x0801ab84                vTaskMissedYield
 .text.prvIdleTask
                0x0801ab98       0x20 Thirdparty\Middleware\STM32G0xx\FreeRTOS\Source\tasks.o
 .text.prvInitialiseTaskLists
                0x0801abb8       0x88 Thirdparty\Middleware\STM32G0xx\FreeRTOS\Source\tasks.o
 .text.prvCheckTasksWaitingTermination
                0x0801ac40       0x5c Thirdparty\Middleware\STM32G0xx\FreeRTOS\Source\tasks.o
 .text.vTaskGetInfo
                0x0801ac9c       0xd8 Thirdparty\Middleware\STM32G0xx\FreeRTOS\Source\tasks.o
                0x0801ac9c                vTaskGetInfo
 .text.prvListTasksWithinSingleList
                0x0801ad74       0xa6 Thirdparty\Middleware\STM32G0xx\FreeRTOS\Source\tasks.o
 .text.prvTaskCheckFreeStackSpace
                0x0801ae1a       0x34 Thirdparty\Middleware\STM32G0xx\FreeRTOS\Source\tasks.o
 .text.prvDeleteTCB
                0x0801ae4e       0x22 Thirdparty\Middleware\STM32G0xx\FreeRTOS\Source\tasks.o
 .text.prvResetNextTaskUnblockTime
                0x0801ae70       0x3c Thirdparty\Middleware\STM32G0xx\FreeRTOS\Source\tasks.o
 .text.xTaskGetSchedulerState
                0x0801aeac       0x38 Thirdparty\Middleware\STM32G0xx\FreeRTOS\Source\tasks.o
                0x0801aeac                xTaskGetSchedulerState
 .text.xTaskPriorityInherit
                0x0801aee4       0xd0 Thirdparty\Middleware\STM32G0xx\FreeRTOS\Source\tasks.o
                0x0801aee4                xTaskPriorityInherit
 .text.xTaskPriorityDisinherit
                0x0801afb4       0x98 Thirdparty\Middleware\STM32G0xx\FreeRTOS\Source\tasks.o
                0x0801afb4                xTaskPriorityDisinherit
 .text.vTaskPriorityDisinheritAfterTimeout
                0x0801b04c       0xc0 Thirdparty\Middleware\STM32G0xx\FreeRTOS\Source\tasks.o
                0x0801b04c                vTaskPriorityDisinheritAfterTimeout
 .text.prvWriteNameToBuffer
                0x0801b10c       0x52 Thirdparty\Middleware\STM32G0xx\FreeRTOS\Source\tasks.o
 *fill*         0x0801b15e        0x2 
 .text.vTaskList
                0x0801b160      0x14c Thirdparty\Middleware\STM32G0xx\FreeRTOS\Source\tasks.o
                0x0801b160                vTaskList
 .text.vTaskGetRunTimeStats
                0x0801b2ac      0x118 Thirdparty\Middleware\STM32G0xx\FreeRTOS\Source\tasks.o
                0x0801b2ac                vTaskGetRunTimeStats
 .text.pvTaskIncrementMutexHeldCount
                0x0801b3c4       0x24 Thirdparty\Middleware\STM32G0xx\FreeRTOS\Source\tasks.o
                0x0801b3c4                pvTaskIncrementMutexHeldCount
 .text.ulTaskNotifyTake
                0x0801b3e8       0x84 Thirdparty\Middleware\STM32G0xx\FreeRTOS\Source\tasks.o
                0x0801b3e8                ulTaskNotifyTake
 .text.xTaskGenericNotify
                0x0801b46c      0x104 Thirdparty\Middleware\STM32G0xx\FreeRTOS\Source\tasks.o
                0x0801b46c                xTaskGenericNotify
 .text.xTaskGenericNotifyFromISR
                0x0801b570      0x140 Thirdparty\Middleware\STM32G0xx\FreeRTOS\Source\tasks.o
                0x0801b570                xTaskGenericNotifyFromISR
 .text.vTaskNotifyGiveFromISR
                0x0801b6b0       0xd8 Thirdparty\Middleware\STM32G0xx\FreeRTOS\Source\tasks.o
                0x0801b6b0                vTaskNotifyGiveFromISR
 .text.prvAddCurrentTaskToDelayedList
                0x0801b788       0xa8 Thirdparty\Middleware\STM32G0xx\FreeRTOS\Source\tasks.o
 .text.xTimerCreateTimerTask
                0x0801b830       0x4c Thirdparty\Middleware\STM32G0xx\FreeRTOS\Source\timers.o
                0x0801b830                xTimerCreateTimerTask
 .text.xTimerCreate
                0x0801b87c       0x46 Thirdparty\Middleware\STM32G0xx\FreeRTOS\Source\timers.o
                0x0801b87c                xTimerCreate
 .text.prvInitialiseNewTimer
                0x0801b8c2       0x5a Thirdparty\Middleware\STM32G0xx\FreeRTOS\Source\timers.o
 .text.xTimerGenericCommand
                0x0801b91c       0x8c Thirdparty\Middleware\STM32G0xx\FreeRTOS\Source\timers.o
                0x0801b91c                xTimerGenericCommand
 .text.prvProcessExpiredTimer
                0x0801b9a8       0x80 Thirdparty\Middleware\STM32G0xx\FreeRTOS\Source\timers.o
 .text.prvTimerTask
                0x0801ba28       0x28 Thirdparty\Middleware\STM32G0xx\FreeRTOS\Source\timers.o
 .text.prvProcessTimerOrBlockTask
                0x0801ba50       0x90 Thirdparty\Middleware\STM32G0xx\FreeRTOS\Source\timers.o
 .text.prvGetNextExpireTime
                0x0801bae0       0x44 Thirdparty\Middleware\STM32G0xx\FreeRTOS\Source\timers.o
 .text.prvSampleTimeNow
                0x0801bb24       0x40 Thirdparty\Middleware\STM32G0xx\FreeRTOS\Source\timers.o
 .text.prvInsertTimerInActiveList
                0x0801bb64       0x84 Thirdparty\Middleware\STM32G0xx\FreeRTOS\Source\timers.o
 .text.prvProcessReceivedCommands
                0x0801bbe8      0x16c Thirdparty\Middleware\STM32G0xx\FreeRTOS\Source\timers.o
 .text.prvSwitchTimerLists
                0x0801bd54       0xb0 Thirdparty\Middleware\STM32G0xx\FreeRTOS\Source\timers.o
 .text.prvCheckForValidListAndQueue
                0x0801be04       0x74 Thirdparty\Middleware\STM32G0xx\FreeRTOS\Source\timers.o
 .text.HAL_Init
                0x0801be78       0x40 Thirdparty\STM32G0xx_HAL_Driver\Src\stm32g0xx_hal.o
                0x0801be78                HAL_Init
 .text.HAL_MspInit
                0x0801beb8        0xa Thirdparty\STM32G0xx_HAL_Driver\Src\stm32g0xx_hal.o
                0x0801beb8                HAL_MspInit
 *fill*         0x0801bec2        0x2 
 .text.HAL_InitTick
                0x0801bec4       0x94 Thirdparty\STM32G0xx_HAL_Driver\Src\stm32g0xx_hal.o
                0x0801bec4                HAL_InitTick
 .text.HAL_IncTick
                0x0801bf58       0x24 Thirdparty\STM32G0xx_HAL_Driver\Src\stm32g0xx_hal.o
                0x0801bf58                HAL_IncTick
 .text.HAL_GetTick
                0x0801bf7c       0x14 Thirdparty\STM32G0xx_HAL_Driver\Src\stm32g0xx_hal.o
                0x0801bf7c                HAL_GetTick
 .text.HAL_Delay
                0x0801bf90       0x48 Thirdparty\STM32G0xx_HAL_Driver\Src\stm32g0xx_hal.o
                0x0801bf90                HAL_Delay
 .text.HAL_GetREVID
                0x0801bfd8       0x18 Thirdparty\STM32G0xx_HAL_Driver\Src\stm32g0xx_hal.o
                0x0801bfd8                HAL_GetREVID
 .text.HAL_GetDEVID
                0x0801bff0       0x18 Thirdparty\STM32G0xx_HAL_Driver\Src\stm32g0xx_hal.o
                0x0801bff0                HAL_GetDEVID
 .text.LL_ADC_SetCommonPathInternalCh
                0x0801c008       0x28 Thirdparty\STM32G0xx_HAL_Driver\Src\stm32g0xx_hal_adc.o
 .text.LL_ADC_GetCommonPathInternalCh
                0x0801c030       0x1a Thirdparty\STM32G0xx_HAL_Driver\Src\stm32g0xx_hal_adc.o
 .text.LL_ADC_SetSamplingTimeCommonChannels
                0x0801c04a       0x3a Thirdparty\STM32G0xx_HAL_Driver\Src\stm32g0xx_hal_adc.o
 .text.LL_ADC_GetSamplingTimeCommonChannels
                0x0801c084       0x2e Thirdparty\STM32G0xx_HAL_Driver\Src\stm32g0xx_hal_adc.o
 .text.LL_ADC_REG_IsTriggerSourceSWStart
                0x0801c0b2       0x22 Thirdparty\STM32G0xx_HAL_Driver\Src\stm32g0xx_hal_adc.o
 .text.LL_ADC_REG_SetSequencerRanks
                0x0801c0d4       0x40 Thirdparty\STM32G0xx_HAL_Driver\Src\stm32g0xx_hal_adc.o
 .text.LL_ADC_REG_SetSequencerChAdd
                0x0801c114       0x22 Thirdparty\STM32G0xx_HAL_Driver\Src\stm32g0xx_hal_adc.o
 .text.LL_ADC_REG_SetSequencerChRem
                0x0801c136       0x24 Thirdparty\STM32G0xx_HAL_Driver\Src\stm32g0xx_hal_adc.o
 *fill*         0x0801c15a        0x2 
 .text.LL_ADC_SetChannelSamplingTime
                0x0801c15c       0x38 Thirdparty\STM32G0xx_HAL_Driver\Src\stm32g0xx_hal_adc.o
 .text.LL_ADC_EnableInternalRegulator
                0x0801c194       0x28 Thirdparty\STM32G0xx_HAL_Driver\Src\stm32g0xx_hal_adc.o
 .text.LL_ADC_IsInternalRegulatorEnabled
                0x0801c1bc       0x28 Thirdparty\STM32G0xx_HAL_Driver\Src\stm32g0xx_hal_adc.o
 .text.LL_ADC_Enable
                0x0801c1e4       0x24 Thirdparty\STM32G0xx_HAL_Driver\Src\stm32g0xx_hal_adc.o
 .text.LL_ADC_Disable
                0x0801c208       0x24 Thirdparty\STM32G0xx_HAL_Driver\Src\stm32g0xx_hal_adc.o
 .text.LL_ADC_IsEnabled
                0x0801c22c       0x22 Thirdparty\STM32G0xx_HAL_Driver\Src\stm32g0xx_hal_adc.o
 .text.LL_ADC_IsDisableOngoing
                0x0801c24e       0x22 Thirdparty\STM32G0xx_HAL_Driver\Src\stm32g0xx_hal_adc.o
 .text.LL_ADC_REG_StartConversion
                0x0801c270       0x24 Thirdparty\STM32G0xx_HAL_Driver\Src\stm32g0xx_hal_adc.o
 .text.LL_ADC_REG_StopConversion
                0x0801c294       0x24 Thirdparty\STM32G0xx_HAL_Driver\Src\stm32g0xx_hal_adc.o
 .text.LL_ADC_REG_IsConversionOngoing
                0x0801c2b8       0x22 Thirdparty\STM32G0xx_HAL_Driver\Src\stm32g0xx_hal_adc.o
 *fill*         0x0801c2da        0x2 
 .text.HAL_ADC_Init
                0x0801c2dc      0x350 Thirdparty\STM32G0xx_HAL_Driver\Src\stm32g0xx_hal_adc.o
                0x0801c2dc                HAL_ADC_Init
 .text.HAL_ADC_Start
                0x0801c62c       0x9c Thirdparty\STM32G0xx_HAL_Driver\Src\stm32g0xx_hal_adc.o
                0x0801c62c                HAL_ADC_Start
 .text.HAL_ADC_Stop
                0x0801c6c8       0x78 Thirdparty\STM32G0xx_HAL_Driver\Src\stm32g0xx_hal_adc.o
                0x0801c6c8                HAL_ADC_Stop
 .text.HAL_ADC_PollForConversion
                0x0801c740      0x128 Thirdparty\STM32G0xx_HAL_Driver\Src\stm32g0xx_hal_adc.o
                0x0801c740                HAL_ADC_PollForConversion
 .text.HAL_ADC_GetValue
                0x0801c868       0x16 Thirdparty\STM32G0xx_HAL_Driver\Src\stm32g0xx_hal_adc.o
                0x0801c868                HAL_ADC_GetValue
 *fill*         0x0801c87e        0x2 
 .text.HAL_ADC_ConfigChannel
                0x0801c880      0x3b0 Thirdparty\STM32G0xx_HAL_Driver\Src\stm32g0xx_hal_adc.o
                0x0801c880                HAL_ADC_ConfigChannel
 .text.ADC_ConversionStop
                0x0801cc30       0x84 Thirdparty\STM32G0xx_HAL_Driver\Src\stm32g0xx_hal_adc.o
                0x0801cc30                ADC_ConversionStop
 .text.ADC_Enable
                0x0801ccb4      0x10c Thirdparty\STM32G0xx_HAL_Driver\Src\stm32g0xx_hal_adc.o
                0x0801ccb4                ADC_Enable
 .text.ADC_Disable
                0x0801cdc0       0xbc Thirdparty\STM32G0xx_HAL_Driver\Src\stm32g0xx_hal_adc.o
                0x0801cdc0                ADC_Disable
 .text.__NVIC_EnableIRQ
                0x0801ce7c       0x34 Thirdparty\STM32G0xx_HAL_Driver\Src\stm32g0xx_hal_cortex.o
 .text.__NVIC_SetPriority
                0x0801ceb0       0xdc Thirdparty\STM32G0xx_HAL_Driver\Src\stm32g0xx_hal_cortex.o
 .text.SysTick_Config
                0x0801cf8c       0x48 Thirdparty\STM32G0xx_HAL_Driver\Src\stm32g0xx_hal_cortex.o
 .text.HAL_NVIC_SetPriority
                0x0801cfd4       0x2a Thirdparty\STM32G0xx_HAL_Driver\Src\stm32g0xx_hal_cortex.o
                0x0801cfd4                HAL_NVIC_SetPriority
 .text.HAL_NVIC_EnableIRQ
                0x0801cffe       0x20 Thirdparty\STM32G0xx_HAL_Driver\Src\stm32g0xx_hal_cortex.o
                0x0801cffe                HAL_NVIC_EnableIRQ
 .text.HAL_SYSTICK_Config
                0x0801d01e       0x1a Thirdparty\STM32G0xx_HAL_Driver\Src\stm32g0xx_hal_cortex.o
                0x0801d01e                HAL_SYSTICK_Config
 .text.HAL_CRC_Init
                0x0801d038       0xcc Thirdparty\STM32G0xx_HAL_Driver\Src\stm32g0xx_hal_crc.o
                0x0801d038                HAL_CRC_Init
 .text.HAL_CRC_Accumulate
                0x0801d104       0x8e Thirdparty\STM32G0xx_HAL_Driver\Src\stm32g0xx_hal_crc.o
                0x0801d104                HAL_CRC_Accumulate
 .text.HAL_CRC_Calculate
                0x0801d192       0x9e Thirdparty\STM32G0xx_HAL_Driver\Src\stm32g0xx_hal_crc.o
                0x0801d192                HAL_CRC_Calculate
 .text.CRC_Handle_8
                0x0801d230      0x126 Thirdparty\STM32G0xx_HAL_Driver\Src\stm32g0xx_hal_crc.o
 .text.CRC_Handle_16
                0x0801d356       0x6e Thirdparty\STM32G0xx_HAL_Driver\Src\stm32g0xx_hal_crc.o
 .text.HAL_CRCEx_Polynomial_Set
                0x0801d3c4       0xea Thirdparty\STM32G0xx_HAL_Driver\Src\stm32g0xx_hal_crc_ex.o
                0x0801d3c4                HAL_CRCEx_Polynomial_Set
 *fill*         0x0801d4ae        0x2 
 .text.HAL_DMA_Init
                0x0801d4b0      0x158 Thirdparty\STM32G0xx_HAL_Driver\Src\stm32g0xx_hal_dma.o
                0x0801d4b0                HAL_DMA_Init
 .text.HAL_DMA_Start_IT
                0x0801d608      0x10c Thirdparty\STM32G0xx_HAL_Driver\Src\stm32g0xx_hal_dma.o
                0x0801d608                HAL_DMA_Start_IT
 .text.HAL_DMA_Abort
                0x0801d714       0xc0 Thirdparty\STM32G0xx_HAL_Driver\Src\stm32g0xx_hal_dma.o
                0x0801d714                HAL_DMA_Abort
 .text.HAL_DMA_Abort_IT
                0x0801d7d4       0xd0 Thirdparty\STM32G0xx_HAL_Driver\Src\stm32g0xx_hal_dma.o
                0x0801d7d4                HAL_DMA_Abort_IT
 .text.HAL_DMA_IRQHandler
                0x0801d8a4      0x188 Thirdparty\STM32G0xx_HAL_Driver\Src\stm32g0xx_hal_dma.o
                0x0801d8a4                HAL_DMA_IRQHandler
 .text.HAL_DMA_GetError
                0x0801da2c       0x14 Thirdparty\STM32G0xx_HAL_Driver\Src\stm32g0xx_hal_dma.o
                0x0801da2c                HAL_DMA_GetError
 .text.DMA_SetConfig
                0x0801da40       0x78 Thirdparty\STM32G0xx_HAL_Driver\Src\stm32g0xx_hal_dma.o
 .text.DMA_CalcDMAMUXChannelBaseAndMask
                0x0801dab8       0x94 Thirdparty\STM32G0xx_HAL_Driver\Src\stm32g0xx_hal_dma.o
 .text.DMA_CalcDMAMUXRequestGenBaseAndMask
                0x0801db4c       0x48 Thirdparty\STM32G0xx_HAL_Driver\Src\stm32g0xx_hal_dma.o
 .text.HAL_FLASH_Program
                0x0801db94       0x9c Thirdparty\STM32G0xx_HAL_Driver\Src\stm32g0xx_hal_flash.o
                0x0801db94                HAL_FLASH_Program
 .text.HAL_FLASH_Unlock
                0x0801dc30       0x48 Thirdparty\STM32G0xx_HAL_Driver\Src\stm32g0xx_hal_flash.o
                0x0801dc30                HAL_FLASH_Unlock
 .text.HAL_FLASH_Lock
                0x0801dc78       0x44 Thirdparty\STM32G0xx_HAL_Driver\Src\stm32g0xx_hal_flash.o
                0x0801dc78                HAL_FLASH_Lock
 .text.FLASH_WaitForLastOperation
                0x0801dcbc       0x9c Thirdparty\STM32G0xx_HAL_Driver\Src\stm32g0xx_hal_flash.o
                0x0801dcbc                FLASH_WaitForLastOperation
 .text.FLASH_Program_DoubleWord
                0x0801dd58       0x40 Thirdparty\STM32G0xx_HAL_Driver\Src\stm32g0xx_hal_flash.o
 .text.HAL_FLASHEx_Erase
                0x0801dd98       0xe0 Thirdparty\STM32G0xx_HAL_Driver\Src\stm32g0xx_hal_flash_ex.o
                0x0801dd98                HAL_FLASHEx_Erase
 .text.FLASH_MassErase
                0x0801de78       0x28 Thirdparty\STM32G0xx_HAL_Driver\Src\stm32g0xx_hal_flash_ex.o
 .text.FLASH_PageErase
                0x0801dea0       0x58 Thirdparty\STM32G0xx_HAL_Driver\Src\stm32g0xx_hal_flash_ex.o
                0x0801dea0                FLASH_PageErase
 .text.HAL_GPIO_Init
                0x0801def8      0x2d8 Thirdparty\STM32G0xx_HAL_Driver\Src\stm32g0xx_hal_gpio.o
                0x0801def8                HAL_GPIO_Init
 .text.HAL_GPIO_ReadPin
                0x0801e1d0       0x3a Thirdparty\STM32G0xx_HAL_Driver\Src\stm32g0xx_hal_gpio.o
                0x0801e1d0                HAL_GPIO_ReadPin
 .text.HAL_GPIO_WritePin
                0x0801e20a       0x3a Thirdparty\STM32G0xx_HAL_Driver\Src\stm32g0xx_hal_gpio.o
                0x0801e20a                HAL_GPIO_WritePin
 .text.HAL_GPIO_TogglePin
                0x0801e244       0x36 Thirdparty\STM32G0xx_HAL_Driver\Src\stm32g0xx_hal_gpio.o
                0x0801e244                HAL_GPIO_TogglePin
 *fill*         0x0801e27a        0x2 
 .text.HAL_PWR_EnableWakeUpPin
                0x0801e27c       0x40 Thirdparty\STM32G0xx_HAL_Driver\Src\stm32g0xx_hal_pwr.o
                0x0801e27c                HAL_PWR_EnableWakeUpPin
 .text.HAL_PWR_DisableWakeUpPin
                0x0801e2bc       0x28 Thirdparty\STM32G0xx_HAL_Driver\Src\stm32g0xx_hal_pwr.o
                0x0801e2bc                HAL_PWR_DisableWakeUpPin
 .text.HAL_PWR_EnterSTOPMode
                0x0801e2e4       0x70 Thirdparty\STM32G0xx_HAL_Driver\Src\stm32g0xx_hal_pwr.o
                0x0801e2e4                HAL_PWR_EnterSTOPMode
 .text.HAL_PWR_EnterSTANDBYMode
                0x0801e354       0x34 Thirdparty\STM32G0xx_HAL_Driver\Src\stm32g0xx_hal_pwr.o
                0x0801e354                HAL_PWR_EnterSTANDBYMode
 .text.HAL_PWREx_EnableSRAMRetention
                0x0801e388       0x1c Thirdparty\STM32G0xx_HAL_Driver\Src\stm32g0xx_hal_pwr_ex.o
                0x0801e388                HAL_PWREx_EnableSRAMRetention
 .text.HAL_PWREx_ControlVoltageScaling
                0x0801e3a4       0x80 Thirdparty\STM32G0xx_HAL_Driver\Src\stm32g0xx_hal_pwr_ex.o
                0x0801e3a4                HAL_PWREx_ControlVoltageScaling
 .text.LL_RCC_GetAPB1Prescaler
                0x0801e424       0x18 Thirdparty\STM32G0xx_HAL_Driver\Src\stm32g0xx_hal_rcc.o
 .text.HAL_RCC_OscConfig
                0x0801e43c      0x6c0 Thirdparty\STM32G0xx_HAL_Driver\Src\stm32g0xx_hal_rcc.o
                0x0801e43c                HAL_RCC_OscConfig
 .text.HAL_RCC_ClockConfig
                0x0801eafc      0x210 Thirdparty\STM32G0xx_HAL_Driver\Src\stm32g0xx_hal_rcc.o
                0x0801eafc                HAL_RCC_ClockConfig
 .text.HAL_RCC_GetSysClockFreq
                0x0801ed0c      0x104 Thirdparty\STM32G0xx_HAL_Driver\Src\stm32g0xx_hal_rcc.o
                0x0801ed0c                HAL_RCC_GetSysClockFreq
 .text.HAL_RCC_GetHCLKFreq
                0x0801ee10       0x14 Thirdparty\STM32G0xx_HAL_Driver\Src\stm32g0xx_hal_rcc.o
                0x0801ee10                HAL_RCC_GetHCLKFreq
 .text.HAL_RCC_GetPCLK1Freq
                0x0801ee24       0x2c Thirdparty\STM32G0xx_HAL_Driver\Src\stm32g0xx_hal_rcc.o
                0x0801ee24                HAL_RCC_GetPCLK1Freq
 .text.HAL_RCCEx_PeriphCLKConfig
                0x0801ee50      0x478 Thirdparty\STM32G0xx_HAL_Driver\Src\stm32g0xx_hal_rcc_ex.o
                0x0801ee50                HAL_RCCEx_PeriphCLKConfig
 .text.HAL_RTC_Init
                0x0801f2c8      0x144 Thirdparty\STM32G0xx_HAL_Driver\Src\stm32g0xx_hal_rtc.o
                0x0801f2c8                HAL_RTC_Init
 .text.HAL_RTC_DeInit
                0x0801f40c      0x138 Thirdparty\STM32G0xx_HAL_Driver\Src\stm32g0xx_hal_rtc.o
                0x0801f40c                HAL_RTC_DeInit
 .text.HAL_RTC_SetTime
                0x0801f544      0x150 Thirdparty\STM32G0xx_HAL_Driver\Src\stm32g0xx_hal_rtc.o
                0x0801f544                HAL_RTC_SetTime
 .text.HAL_RTC_GetTime
                0x0801f694       0xb8 Thirdparty\STM32G0xx_HAL_Driver\Src\stm32g0xx_hal_rtc.o
                0x0801f694                HAL_RTC_GetTime
 .text.HAL_RTC_SetDate
                0x0801f74c      0x124 Thirdparty\STM32G0xx_HAL_Driver\Src\stm32g0xx_hal_rtc.o
                0x0801f74c                HAL_RTC_SetDate
 .text.HAL_RTC_GetDate
                0x0801f870       0x9c Thirdparty\STM32G0xx_HAL_Driver\Src\stm32g0xx_hal_rtc.o
                0x0801f870                HAL_RTC_GetDate
 .text.HAL_RTC_WaitForSynchro
                0x0801f90c       0x4c Thirdparty\STM32G0xx_HAL_Driver\Src\stm32g0xx_hal_rtc.o
                0x0801f90c                HAL_RTC_WaitForSynchro
 .text.RTC_EnterInitMode
                0x0801f958       0x84 Thirdparty\STM32G0xx_HAL_Driver\Src\stm32g0xx_hal_rtc.o
                0x0801f958                RTC_EnterInitMode
 .text.RTC_ExitInitMode
                0x0801f9dc       0x88 Thirdparty\STM32G0xx_HAL_Driver\Src\stm32g0xx_hal_rtc.o
                0x0801f9dc                RTC_ExitInitMode
 .text.RTC_ByteToBcd2
                0x0801fa64       0x50 Thirdparty\STM32G0xx_HAL_Driver\Src\stm32g0xx_hal_rtc.o
                0x0801fa64                RTC_ByteToBcd2
 .text.RTC_Bcd2ToByte
                0x0801fab4       0x3a Thirdparty\STM32G0xx_HAL_Driver\Src\stm32g0xx_hal_rtc.o
                0x0801fab4                RTC_Bcd2ToByte
 .text.HAL_RTCEx_BKUPWrite
                0x0801faee       0x3a Thirdparty\STM32G0xx_HAL_Driver\Src\stm32g0xx_hal_rtc_ex.o
                0x0801faee                HAL_RTCEx_BKUPWrite
 .text.HAL_RTCEx_BKUPRead
                0x0801fb28       0x36 Thirdparty\STM32G0xx_HAL_Driver\Src\stm32g0xx_hal_rtc_ex.o
                0x0801fb28                HAL_RTCEx_BKUPRead
 .text.HAL_TIM_Base_Init
                0x0801fb5e       0xb0 Thirdparty\STM32G0xx_HAL_Driver\Src\stm32g0xx_hal_tim.o
                0x0801fb5e                HAL_TIM_Base_Init
 *fill*         0x0801fc0e        0x2 
 .text.HAL_TIM_Base_Start
                0x0801fc10       0xb4 Thirdparty\STM32G0xx_HAL_Driver\Src\stm32g0xx_hal_tim.o
                0x0801fc10                HAL_TIM_Base_Start
 .text.HAL_TIM_PWM_Init
                0x0801fcc4       0xb0 Thirdparty\STM32G0xx_HAL_Driver\Src\stm32g0xx_hal_tim.o
                0x0801fcc4                HAL_TIM_PWM_Init
 .text.HAL_TIM_PWM_MspInit
                0x0801fd74       0x10 Thirdparty\STM32G0xx_HAL_Driver\Src\stm32g0xx_hal_tim.o
                0x0801fd74                HAL_TIM_PWM_MspInit
 .text.HAL_TIM_PWM_Start
                0x0801fd84      0x1e0 Thirdparty\STM32G0xx_HAL_Driver\Src\stm32g0xx_hal_tim.o
                0x0801fd84                HAL_TIM_PWM_Start
 .text.HAL_TIM_PWM_Stop
                0x0801ff64      0x118 Thirdparty\STM32G0xx_HAL_Driver\Src\stm32g0xx_hal_tim.o
                0x0801ff64                HAL_TIM_PWM_Stop
 .text.HAL_TIM_OC_ConfigChannel
                0x0802007c       0xc0 Thirdparty\STM32G0xx_HAL_Driver\Src\stm32g0xx_hal_tim.o
                0x0802007c                HAL_TIM_OC_ConfigChannel
 .text.HAL_TIM_PWM_ConfigChannel
                0x0802013c      0x200 Thirdparty\STM32G0xx_HAL_Driver\Src\stm32g0xx_hal_tim.o
                0x0802013c                HAL_TIM_PWM_ConfigChannel
 .text.HAL_TIM_ConfigOCrefClear
                0x0802033c      0x254 Thirdparty\STM32G0xx_HAL_Driver\Src\stm32g0xx_hal_tim.o
                0x0802033c                HAL_TIM_ConfigOCrefClear
 .text.HAL_TIM_ConfigClockSource
                0x08020590      0x1ac Thirdparty\STM32G0xx_HAL_Driver\Src\stm32g0xx_hal_tim.o
                0x08020590                HAL_TIM_ConfigClockSource
 .text.TIM_Base_SetConfig
                0x0802073c      0x130 Thirdparty\STM32G0xx_HAL_Driver\Src\stm32g0xx_hal_tim.o
                0x0802073c                TIM_Base_SetConfig
 .text.TIM_OC1_SetConfig
                0x0802086c      0x114 Thirdparty\STM32G0xx_HAL_Driver\Src\stm32g0xx_hal_tim.o
 .text.TIM_OC2_SetConfig
                0x08020980      0x108 Thirdparty\STM32G0xx_HAL_Driver\Src\stm32g0xx_hal_tim.o
                0x08020980                TIM_OC2_SetConfig
 .text.TIM_OC3_SetConfig
                0x08020a88      0x110 Thirdparty\STM32G0xx_HAL_Driver\Src\stm32g0xx_hal_tim.o
 .text.TIM_OC4_SetConfig
                0x08020b98       0xd4 Thirdparty\STM32G0xx_HAL_Driver\Src\stm32g0xx_hal_tim.o
 .text.TIM_OC5_SetConfig
                0x08020c6c       0xc0 Thirdparty\STM32G0xx_HAL_Driver\Src\stm32g0xx_hal_tim.o
 .text.TIM_OC6_SetConfig
                0x08020d2c       0xc8 Thirdparty\STM32G0xx_HAL_Driver\Src\stm32g0xx_hal_tim.o
 .text.TIM_TI1_ConfigInputStage
                0x08020df4       0x5c Thirdparty\STM32G0xx_HAL_Driver\Src\stm32g0xx_hal_tim.o
 .text.TIM_TI2_ConfigInputStage
                0x08020e50       0x64 Thirdparty\STM32G0xx_HAL_Driver\Src\stm32g0xx_hal_tim.o
 .text.TIM_ITRx_SetConfig
                0x08020eb4       0x38 Thirdparty\STM32G0xx_HAL_Driver\Src\stm32g0xx_hal_tim.o
 .text.TIM_ETR_SetConfig
                0x08020eec       0x40 Thirdparty\STM32G0xx_HAL_Driver\Src\stm32g0xx_hal_tim.o
                0x08020eec                TIM_ETR_SetConfig
 .text.TIM_CCxChannelCmd
                0x08020f2c       0x46 Thirdparty\STM32G0xx_HAL_Driver\Src\stm32g0xx_hal_tim.o
                0x08020f2c                TIM_CCxChannelCmd
 *fill*         0x08020f72        0x2 
 .text.HAL_TIMEx_MasterConfigSynchronization